Archive member included to satisfy reference by file (symbol)

/usr/lib/gcc/arm-none-eabi/13.2.1/../../../arm-none-eabi/lib/thumb/v7e-m+fp/hard/libc_nano.a(libc_a-puts.o)
                              main.o (puts)
/usr/lib/gcc/arm-none-eabi/13.2.1/../../../arm-none-eabi/lib/thumb/v7e-m+fp/hard/libc_nano.a(libc_a-findfp.o)
                              /usr/lib/gcc/arm-none-eabi/13.2.1/../../../arm-none-eabi/lib/thumb/v7e-m+fp/hard/libc_nano.a(libc_a-puts.o) (__sinit)
/usr/lib/gcc/arm-none-eabi/13.2.1/../../../arm-none-eabi/lib/thumb/v7e-m+fp/hard/libc_nano.a(libc_a-strlen.o)
                              FreeRTOS/FreeRTOS/Source/tasks.o (strlen)
/usr/lib/gcc/arm-none-eabi/13.2.1/../../../arm-none-eabi/lib/thumb/v7e-m+fp/hard/libc_nano.a(libc_a-memset.o)
                              startup.o (memset)
/usr/lib/gcc/arm-none-eabi/13.2.1/../../../arm-none-eabi/lib/thumb/v7e-m+fp/hard/libc_nano.a(libc_a-fflush.o)
                              /usr/lib/gcc/arm-none-eabi/13.2.1/../../../arm-none-eabi/lib/thumb/v7e-m+fp/hard/libc_nano.a(libc_a-findfp.o) (_fflush_r)
/usr/lib/gcc/arm-none-eabi/13.2.1/../../../arm-none-eabi/lib/thumb/v7e-m+fp/hard/libc_nano.a(libc_a-mallocr.o)
                              /usr/lib/gcc/arm-none-eabi/13.2.1/../../../arm-none-eabi/lib/thumb/v7e-m+fp/hard/libc_nano.a(libc_a-findfp.o) (_malloc_r)
/usr/lib/gcc/arm-none-eabi/13.2.1/../../../arm-none-eabi/lib/thumb/v7e-m+fp/hard/libc_nano.a(libc_a-freer.o)
                              /usr/lib/gcc/arm-none-eabi/13.2.1/../../../arm-none-eabi/lib/thumb/v7e-m+fp/hard/libc_nano.a(libc_a-fflush.o) (_free_r)
/usr/lib/gcc/arm-none-eabi/13.2.1/../../../arm-none-eabi/lib/thumb/v7e-m+fp/hard/libc_nano.a(libc_a-fwalk.o)
                              /usr/lib/gcc/arm-none-eabi/13.2.1/../../../arm-none-eabi/lib/thumb/v7e-m+fp/hard/libc_nano.a(libc_a-findfp.o) (_fwalk_sglue)
/usr/lib/gcc/arm-none-eabi/13.2.1/../../../arm-none-eabi/lib/thumb/v7e-m+fp/hard/libc_nano.a(libc_a-wsetup.o)
                              /usr/lib/gcc/arm-none-eabi/13.2.1/../../../arm-none-eabi/lib/thumb/v7e-m+fp/hard/libc_nano.a(libc_a-puts.o) (__swsetup_r)
/usr/lib/gcc/arm-none-eabi/13.2.1/../../../arm-none-eabi/lib/thumb/v7e-m+fp/hard/libc_nano.a(libc_a-memcpy.o)
                              FreeRTOS/FreeRTOS/Source/queue.o (memcpy)
/usr/lib/gcc/arm-none-eabi/13.2.1/../../../arm-none-eabi/lib/thumb/v7e-m+fp/hard/libc_nano.a(libc_a-mlock.o)
                              /usr/lib/gcc/arm-none-eabi/13.2.1/../../../arm-none-eabi/lib/thumb/v7e-m+fp/hard/libc_nano.a(libc_a-mallocr.o) (__malloc_lock)
/usr/lib/gcc/arm-none-eabi/13.2.1/../../../arm-none-eabi/lib/thumb/v7e-m+fp/hard/libc_nano.a(libc_a-makebuf.o)
                              /usr/lib/gcc/arm-none-eabi/13.2.1/../../../arm-none-eabi/lib/thumb/v7e-m+fp/hard/libc_nano.a(libc_a-wsetup.o) (__smakebuf_r)
/usr/lib/gcc/arm-none-eabi/13.2.1/../../../arm-none-eabi/lib/thumb/v7e-m+fp/hard/libc_nano.a(libc_a-isattyr.o)
                              /usr/lib/gcc/arm-none-eabi/13.2.1/../../../arm-none-eabi/lib/thumb/v7e-m+fp/hard/libc_nano.a(libc_a-makebuf.o) (_isatty_r)
/usr/lib/gcc/arm-none-eabi/13.2.1/../../../arm-none-eabi/lib/thumb/v7e-m+fp/hard/libc_nano.a(libc_a-wbuf.o)
                              /usr/lib/gcc/arm-none-eabi/13.2.1/../../../arm-none-eabi/lib/thumb/v7e-m+fp/hard/libc_nano.a(libc_a-puts.o) (__swbuf_r)
/usr/lib/gcc/arm-none-eabi/13.2.1/../../../arm-none-eabi/lib/thumb/v7e-m+fp/hard/libc_nano.a(libc_a-sbrkr.o)
                              /usr/lib/gcc/arm-none-eabi/13.2.1/../../../arm-none-eabi/lib/thumb/v7e-m+fp/hard/libc_nano.a(libc_a-mallocr.o) (_sbrk_r)
/usr/lib/gcc/arm-none-eabi/13.2.1/../../../arm-none-eabi/lib/thumb/v7e-m+fp/hard/libc_nano.a(libc_a-stdio.o)
                              /usr/lib/gcc/arm-none-eabi/13.2.1/../../../arm-none-eabi/lib/thumb/v7e-m+fp/hard/libc_nano.a(libc_a-findfp.o) (__sread)
/usr/lib/gcc/arm-none-eabi/13.2.1/../../../arm-none-eabi/lib/thumb/v7e-m+fp/hard/libc_nano.a(libc_a-impure.o)
                              /usr/lib/gcc/arm-none-eabi/13.2.1/../../../arm-none-eabi/lib/thumb/v7e-m+fp/hard/libc_nano.a(libc_a-puts.o) (_impure_ptr)
/usr/lib/gcc/arm-none-eabi/13.2.1/../../../arm-none-eabi/lib/thumb/v7e-m+fp/hard/libc_nano.a(libc_a-closer.o)
                              /usr/lib/gcc/arm-none-eabi/13.2.1/../../../arm-none-eabi/lib/thumb/v7e-m+fp/hard/libc_nano.a(libc_a-stdio.o) (_close_r)
/usr/lib/gcc/arm-none-eabi/13.2.1/../../../arm-none-eabi/lib/thumb/v7e-m+fp/hard/libc_nano.a(libc_a-readr.o)
                              /usr/lib/gcc/arm-none-eabi/13.2.1/../../../arm-none-eabi/lib/thumb/v7e-m+fp/hard/libc_nano.a(libc_a-stdio.o) (_read_r)
/usr/lib/gcc/arm-none-eabi/13.2.1/../../../arm-none-eabi/lib/thumb/v7e-m+fp/hard/libc_nano.a(libc_a-reent.o)
                              /usr/lib/gcc/arm-none-eabi/13.2.1/../../../arm-none-eabi/lib/thumb/v7e-m+fp/hard/libc_nano.a(libc_a-isattyr.o) (errno)
/usr/lib/gcc/arm-none-eabi/13.2.1/../../../arm-none-eabi/lib/thumb/v7e-m+fp/hard/libc_nano.a(libc_a-fstatr.o)
                              /usr/lib/gcc/arm-none-eabi/13.2.1/../../../arm-none-eabi/lib/thumb/v7e-m+fp/hard/libc_nano.a(libc_a-makebuf.o) (_fstat_r)
/usr/lib/gcc/arm-none-eabi/13.2.1/../../../arm-none-eabi/lib/thumb/v7e-m+fp/hard/libc_nano.a(libc_a-lseekr.o)
                              /usr/lib/gcc/arm-none-eabi/13.2.1/../../../arm-none-eabi/lib/thumb/v7e-m+fp/hard/libc_nano.a(libc_a-stdio.o) (_lseek_r)
/usr/lib/gcc/arm-none-eabi/13.2.1/../../../arm-none-eabi/lib/thumb/v7e-m+fp/hard/libc_nano.a(libc_a-writer.o)
                              /usr/lib/gcc/arm-none-eabi/13.2.1/../../../arm-none-eabi/lib/thumb/v7e-m+fp/hard/libc_nano.a(libc_a-stdio.o) (_write_r)

Discarded input sections

 .text          0x00000000        0x0 main.o
 .data          0x00000000        0x0 main.o
 .bss           0x00000000        0x0 main.o
 .text          0x00000000        0x0 startup.o
 .data          0x00000000        0x0 startup.o
 .bss           0x00000000        0x0 startup.o
 .text          0x00000000        0x0 systemcall.o
 .data          0x00000000        0x0 systemcall.o
 .bss           0x00000000        0x0 systemcall.o
 .text          0x00000000        0x0 startup_cm7.o
 .bss           0x00000000        0x0 startup_cm7.o
 .text          0x00000000        0x0 FreeRTOS/FreeRTOS/Source/list.o
 .data          0x00000000        0x0 FreeRTOS/FreeRTOS/Source/list.o
 .bss           0x00000000        0x0 FreeRTOS/FreeRTOS/Source/list.o
 .text.vListInsertEnd
                0x00000000       0x1c FreeRTOS/FreeRTOS/Source/list.o
 .text          0x00000000        0x0 FreeRTOS/FreeRTOS/Source/tasks.o
 .data          0x00000000        0x0 FreeRTOS/FreeRTOS/Source/tasks.o
 .bss           0x00000000        0x0 FreeRTOS/FreeRTOS/Source/tasks.o
 .text.prvSearchForNameWithinSingleList
                0x00000000       0x4c FreeRTOS/FreeRTOS/Source/tasks.o
 .text.prvTaskIsTaskSuspended
                0x00000000       0x54 FreeRTOS/FreeRTOS/Source/tasks.o
 .text.vTaskDelete
                0x00000000      0x114 FreeRTOS/FreeRTOS/Source/tasks.o
 .text.xTaskDelayUntil
                0x00000000       0xd0 FreeRTOS/FreeRTOS/Source/tasks.o
 .text.eTaskGetState
                0x00000000       0xa8 FreeRTOS/FreeRTOS/Source/tasks.o
 .text.uxTaskPriorityGet
                0x00000000       0x28 FreeRTOS/FreeRTOS/Source/tasks.o
 .text.uxTaskPriorityGetFromISR
                0x00000000       0x3c FreeRTOS/FreeRTOS/Source/tasks.o
 .text.uxTaskBasePriorityGet
                0x00000000       0x28 FreeRTOS/FreeRTOS/Source/tasks.o
 .text.uxTaskBasePriorityGetFromISR
                0x00000000       0x3c FreeRTOS/FreeRTOS/Source/tasks.o
 .text.vTaskPrioritySet
                0x00000000       0xfc FreeRTOS/FreeRTOS/Source/tasks.o
 .text.vTaskResume
                0x00000000       0xa8 FreeRTOS/FreeRTOS/Source/tasks.o
 .text.xTaskResumeFromISR
                0x00000000       0xdc FreeRTOS/FreeRTOS/Source/tasks.o
 .text.vTaskEndScheduler
                0x00000000       0x40 FreeRTOS/FreeRTOS/Source/tasks.o
 .text.xTaskGetTickCountFromISR
                0x00000000       0x10 FreeRTOS/FreeRTOS/Source/tasks.o
 .text.pcTaskGetName
                0x00000000       0x28 FreeRTOS/FreeRTOS/Source/tasks.o
 .text.xTaskGetHandle
                0x00000000       0xc0 FreeRTOS/FreeRTOS/Source/tasks.o
 .text.xTaskGetIdleTaskHandle
                0x00000000       0x24 FreeRTOS/FreeRTOS/Source/tasks.o
 .text.xTaskGetIdleTaskHandleForCore
                0x00000000       0x3c FreeRTOS/FreeRTOS/Source/tasks.o
 .text.xTaskCatchUpTicks
                0x00000000       0x64 FreeRTOS/FreeRTOS/Source/tasks.o
 .text.xTaskAbortDelay
                0x00000000       0xdc FreeRTOS/FreeRTOS/Source/tasks.o
 .text.xTaskIncrementTick
                0x00000000       0x20 FreeRTOS/FreeRTOS/Source/tasks.o
 .text.vTaskSuspend
                0x00000000      0x128 FreeRTOS/FreeRTOS/Source/tasks.o
 .text.vTaskPlaceOnUnorderedEventList
                0x00000000       0x80 FreeRTOS/FreeRTOS/Source/tasks.o
 .text.vTaskRemoveFromUnorderedEventList
                0x00000000       0xe4 FreeRTOS/FreeRTOS/Source/tasks.o
 .text.vTaskSetTimeOutState
                0x00000000       0x3c FreeRTOS/FreeRTOS/Source/tasks.o
 .text.uxTaskGetStackHighWaterMark
                0x00000000       0x34 FreeRTOS/FreeRTOS/Source/tasks.o
 .text.xTaskGetCurrentTaskHandle
                0x00000000        0xc FreeRTOS/FreeRTOS/Source/tasks.o
 .text.xTaskGetCurrentTaskHandleForCore
                0x00000000       0x10 FreeRTOS/FreeRTOS/Source/tasks.o
 .text.xTaskPriorityInherit
                0x00000000       0xa8 FreeRTOS/FreeRTOS/Source/tasks.o
 .text.vTaskPriorityDisinheritAfterTimeout
                0x00000000       0xc0 FreeRTOS/FreeRTOS/Source/tasks.o
 .text.uxTaskResetEventItemValue
                0x00000000       0x18 FreeRTOS/FreeRTOS/Source/tasks.o
 .text.pvTaskIncrementMutexHeldCount
                0x00000000       0x14 FreeRTOS/FreeRTOS/Source/tasks.o
 .text.ulTaskGenericNotifyTake
                0x00000000       0xec FreeRTOS/FreeRTOS/Source/tasks.o
 .text.xTaskGenericNotifyWait
                0x00000000      0x120 FreeRTOS/FreeRTOS/Source/tasks.o
 .text.xTaskGenericNotify
                0x00000000      0x164 FreeRTOS/FreeRTOS/Source/tasks.o
 .text.xTaskGenericNotifyFromISR
                0x00000000      0x1ac FreeRTOS/FreeRTOS/Source/tasks.o
 .text.vTaskGenericNotifyGiveFromISR
                0x00000000      0x148 FreeRTOS/FreeRTOS/Source/tasks.o
 .text.xTaskGenericNotifyStateClear
                0x00000000       0x64 FreeRTOS/FreeRTOS/Source/tasks.o
 .text.ulTaskGenericNotifyValueClear
                0x00000000       0x48 FreeRTOS/FreeRTOS/Source/tasks.o
 .text.vTaskResetState
                0x00000000       0x6c FreeRTOS/FreeRTOS/Source/tasks.o
 .text          0x00000000        0x0 FreeRTOS/FreeRTOS/Source/queue.o
 .data          0x00000000        0x0 FreeRTOS/FreeRTOS/Source/queue.o
 .bss           0x00000000        0x0 FreeRTOS/FreeRTOS/Source/queue.o
 .text.xQueueGetMutexHolder
                0x00000000       0x38 FreeRTOS/FreeRTOS/Source/queue.o
 .text.xQueueGetMutexHolderFromISR
                0x00000000       0x24 FreeRTOS/FreeRTOS/Source/queue.o
 .text.xQueueCreateCountingSemaphore
                0x00000000       0x30 FreeRTOS/FreeRTOS/Source/queue.o
 .text.xQueueGenericSend
                0x00000000      0x1b8 FreeRTOS/FreeRTOS/Source/queue.o
 .text.xQueueCreateMutex
                0x00000000       0x34 FreeRTOS/FreeRTOS/Source/queue.o
 .text.xQueueGiveMutexRecursive
                0x00000000       0x44 FreeRTOS/FreeRTOS/Source/queue.o
 .text.xQueueGenericSendFromISR
                0x00000000      0x128 FreeRTOS/FreeRTOS/Source/queue.o
 .text.xQueueGiveFromISR
                0x00000000       0xec FreeRTOS/FreeRTOS/Source/queue.o
 .text.xQueueSemaphoreTake
                0x00000000      0x1a8 FreeRTOS/FreeRTOS/Source/queue.o
 .text.xQueueTakeMutexRecursive
                0x00000000       0x44 FreeRTOS/FreeRTOS/Source/queue.o
 .text.xQueuePeek
                0x00000000      0x17c FreeRTOS/FreeRTOS/Source/queue.o
 .text.xQueueReceiveFromISR
                0x00000000       0xe8 FreeRTOS/FreeRTOS/Source/queue.o
 .text.xQueuePeekFromISR
                0x00000000       0x9c FreeRTOS/FreeRTOS/Source/queue.o
 .text.uxQueueMessagesWaiting
                0x00000000       0x2c FreeRTOS/FreeRTOS/Source/queue.o
 .text.uxQueueSpacesAvailable
                0x00000000       0x30 FreeRTOS/FreeRTOS/Source/queue.o
 .text.uxQueueMessagesWaitingFromISR
                0x00000000       0x1c FreeRTOS/FreeRTOS/Source/queue.o
 .text.uxQueueGetQueueItemSize
                0x00000000        0x4 FreeRTOS/FreeRTOS/Source/queue.o
 .text.uxQueueGetQueueLength
                0x00000000        0x4 FreeRTOS/FreeRTOS/Source/queue.o
 .text.xQueueIsQueueEmptyFromISR
                0x00000000       0x24 FreeRTOS/FreeRTOS/Source/queue.o
 .text.xQueueIsQueueFullFromISR
                0x00000000       0x28 FreeRTOS/FreeRTOS/Source/queue.o
 .text.pcQueueGetName
                0x00000000       0x40 FreeRTOS/FreeRTOS/Source/queue.o
 .text.vQueueUnregisterQueue
                0x00000000       0x50 FreeRTOS/FreeRTOS/Source/queue.o
 .text.vQueueDelete
                0x00000000       0x2c FreeRTOS/FreeRTOS/Source/queue.o
 .text.xQueueCreateSet
                0x00000000       0x50 FreeRTOS/FreeRTOS/Source/queue.o
 .text.xQueueAddToSet
                0x00000000       0x2c FreeRTOS/FreeRTOS/Source/queue.o
 .text.xQueueRemoveFromSet
                0x00000000       0x2c FreeRTOS/FreeRTOS/Source/queue.o
 .text.xQueueSelectFromSet
                0x00000000       0x18 FreeRTOS/FreeRTOS/Source/queue.o
 .text.xQueueSelectFromSetFromISR
                0x00000000       0x18 FreeRTOS/FreeRTOS/Source/queue.o
 .text          0x00000000        0x0 FreeRTOS/FreeRTOS/Source/timers.o
 .data          0x00000000        0x0 FreeRTOS/FreeRTOS/Source/timers.o
 .bss           0x00000000        0x0 FreeRTOS/FreeRTOS/Source/timers.o
 .text.xTimerCreate
                0x00000000       0x60 FreeRTOS/FreeRTOS/Source/timers.o
 .text.xTimerGenericCommandFromTask
                0x00000000       0x74 FreeRTOS/FreeRTOS/Source/timers.o
 .text.xTimerGenericCommandFromISR
                0x00000000       0x60 FreeRTOS/FreeRTOS/Source/timers.o
 .text.xTimerGetTimerDaemonTaskHandle
                0x00000000       0x24 FreeRTOS/FreeRTOS/Source/timers.o
 .text.xTimerGetPeriod
                0x00000000       0x1c FreeRTOS/FreeRTOS/Source/timers.o
 .text.vTimerSetReloadMode
                0x00000000       0x48 FreeRTOS/FreeRTOS/Source/timers.o
 .text.xTimerGetReloadMode
                0x00000000       0x30 FreeRTOS/FreeRTOS/Source/timers.o
 .text.uxTimerGetReloadMode
                0x00000000       0x30 FreeRTOS/FreeRTOS/Source/timers.o
 .text.xTimerGetExpiryTime
                0x00000000       0x1c FreeRTOS/FreeRTOS/Source/timers.o
 .text.pcTimerGetName
                0x00000000       0x1c FreeRTOS/FreeRTOS/Source/timers.o
 .text.xTimerIsTimerActive
                0x00000000       0x30 FreeRTOS/FreeRTOS/Source/timers.o
 .text.pvTimerGetTimerID
                0x00000000       0x2c FreeRTOS/FreeRTOS/Source/timers.o
 .text.vTimerSetTimerID
                0x00000000       0x2c FreeRTOS/FreeRTOS/Source/timers.o
 .text.xTimerPendFunctionCallFromISR
                0x00000000       0x28 FreeRTOS/FreeRTOS/Source/timers.o
 .text.xTimerPendFunctionCall
                0x00000000       0x44 FreeRTOS/FreeRTOS/Source/timers.o
 .text.vTimerResetState
                0x00000000       0x14 FreeRTOS/FreeRTOS/Source/timers.o
 .text          0x00000000        0x0 FreeRTOS/FreeRTOS/Source/portable/MemMang/heap_4.o
 .data          0x00000000        0x0 FreeRTOS/FreeRTOS/Source/portable/MemMang/heap_4.o
 .bss           0x00000000        0x0 FreeRTOS/FreeRTOS/Source/portable/MemMang/heap_4.o
 .text.xPortGetFreeHeapSize
                0x00000000        0xc FreeRTOS/FreeRTOS/Source/portable/MemMang/heap_4.o
 .text.xPortGetMinimumEverFreeHeapSize
                0x00000000        0xc FreeRTOS/FreeRTOS/Source/portable/MemMang/heap_4.o
 .text.vPortInitialiseBlocks
                0x00000000        0x4 FreeRTOS/FreeRTOS/Source/portable/MemMang/heap_4.o
 .text.pvPortCalloc
                0x00000000       0x28 FreeRTOS/FreeRTOS/Source/portable/MemMang/heap_4.o
 .text.vPortGetHeapStats
                0x00000000       0x84 FreeRTOS/FreeRTOS/Source/portable/MemMang/heap_4.o
 .text.vPortHeapResetState
                0x00000000       0x34 FreeRTOS/FreeRTOS/Source/portable/MemMang/heap_4.o
 .text          0x00000000        0x0 FreeRTOS/FreeRTOS/Source/portable/GCC/ARM_CM7/r0p1/port.o
 .data          0x00000000        0x0 FreeRTOS/FreeRTOS/Source/portable/GCC/ARM_CM7/r0p1/port.o
 .bss           0x00000000        0x0 FreeRTOS/FreeRTOS/Source/portable/GCC/ARM_CM7/r0p1/port.o
 .text.vPortEndScheduler
                0x00000000       0x28 FreeRTOS/FreeRTOS/Source/portable/GCC/ARM_CM7/r0p1/port.o
 .text.xPortSysTickHandler
                0x00000000       0x30 FreeRTOS/FreeRTOS/Source/portable/GCC/ARM_CM7/r0p1/port.o
 .text.vPortValidateInterruptPriority
                0x00000000       0x64 FreeRTOS/FreeRTOS/Source/portable/GCC/ARM_CM7/r0p1/port.o
 .data          0x00000000        0x0 /usr/lib/gcc/arm-none-eabi/13.2.1/../../../arm-none-eabi/lib/thumb/v7e-m+fp/hard/libc_nano.a(libc_a-puts.o)
 .bss           0x00000000        0x0 /usr/lib/gcc/arm-none-eabi/13.2.1/../../../arm-none-eabi/lib/thumb/v7e-m+fp/hard/libc_nano.a(libc_a-puts.o)
 .text          0x00000000       0xd8 /usr/lib/gcc/arm-none-eabi/13.2.1/../../../arm-none-eabi/lib/thumb/v7e-m+fp/hard/libc_nano.a(libc_a-strlen.o)
 .data          0x00000000        0x0 /usr/lib/gcc/arm-none-eabi/13.2.1/../../../arm-none-eabi/lib/thumb/v7e-m+fp/hard/libc_nano.a(libc_a-strlen.o)
 .bss           0x00000000        0x0 /usr/lib/gcc/arm-none-eabi/13.2.1/../../../arm-none-eabi/lib/thumb/v7e-m+fp/hard/libc_nano.a(libc_a-strlen.o)
 .ARM.extab     0x00000000        0x0 /usr/lib/gcc/arm-none-eabi/13.2.1/../../../arm-none-eabi/lib/thumb/v7e-m+fp/hard/libc_nano.a(libc_a-strlen.o)
 .ARM.exidx     0x00000000        0x8 /usr/lib/gcc/arm-none-eabi/13.2.1/../../../arm-none-eabi/lib/thumb/v7e-m+fp/hard/libc_nano.a(libc_a-strlen.o)
 .debug_line    0x00000000       0x86 /usr/lib/gcc/arm-none-eabi/13.2.1/../../../arm-none-eabi/lib/thumb/v7e-m+fp/hard/libc_nano.a(libc_a-strlen.o)
 .debug_line_str
                0x00000000       0x98 /usr/lib/gcc/arm-none-eabi/13.2.1/../../../arm-none-eabi/lib/thumb/v7e-m+fp/hard/libc_nano.a(libc_a-strlen.o)
 .debug_info    0x00000000       0x33 /usr/lib/gcc/arm-none-eabi/13.2.1/../../../arm-none-eabi/lib/thumb/v7e-m+fp/hard/libc_nano.a(libc_a-strlen.o)
 .debug_abbrev  0x00000000       0x28 /usr/lib/gcc/arm-none-eabi/13.2.1/../../../arm-none-eabi/lib/thumb/v7e-m+fp/hard/libc_nano.a(libc_a-strlen.o)
 .debug_aranges
                0x00000000       0x20 /usr/lib/gcc/arm-none-eabi/13.2.1/../../../arm-none-eabi/lib/thumb/v7e-m+fp/hard/libc_nano.a(libc_a-strlen.o)
 .debug_str     0x00000000       0xab /usr/lib/gcc/arm-none-eabi/13.2.1/../../../arm-none-eabi/lib/thumb/v7e-m+fp/hard/libc_nano.a(libc_a-strlen.o)
 .eh_frame      0x00000000       0x34 /usr/lib/gcc/arm-none-eabi/13.2.1/../../../arm-none-eabi/lib/thumb/v7e-m+fp/hard/libc_nano.a(libc_a-strlen.o)
 .ARM.attributes
                0x00000000       0x1c /usr/lib/gcc/arm-none-eabi/13.2.1/../../../arm-none-eabi/lib/thumb/v7e-m+fp/hard/libc_nano.a(libc_a-strlen.o)
 .data          0x00000000        0x0 /usr/lib/gcc/arm-none-eabi/13.2.1/../../../arm-none-eabi/lib/thumb/v7e-m+fp/hard/libc_nano.a(libc_a-memset.o)
 .bss           0x00000000        0x0 /usr/lib/gcc/arm-none-eabi/13.2.1/../../../arm-none-eabi/lib/thumb/v7e-m+fp/hard/libc_nano.a(libc_a-memset.o)
 .data          0x00000000        0x0 /usr/lib/gcc/arm-none-eabi/13.2.1/../../../arm-none-eabi/lib/thumb/v7e-m+fp/hard/libc_nano.a(libc_a-fflush.o)
 .bss           0x00000000        0x0 /usr/lib/gcc/arm-none-eabi/13.2.1/../../../arm-none-eabi/lib/thumb/v7e-m+fp/hard/libc_nano.a(libc_a-fflush.o)
 .data          0x00000000        0x0 /usr/lib/gcc/arm-none-eabi/13.2.1/../../../arm-none-eabi/lib/thumb/v7e-m+fp/hard/libc_nano.a(libc_a-mallocr.o)
 .data          0x00000000        0x0 /usr/lib/gcc/arm-none-eabi/13.2.1/../../../arm-none-eabi/lib/thumb/v7e-m+fp/hard/libc_nano.a(libc_a-freer.o)
 .bss           0x00000000        0x0 /usr/lib/gcc/arm-none-eabi/13.2.1/../../../arm-none-eabi/lib/thumb/v7e-m+fp/hard/libc_nano.a(libc_a-freer.o)
 .data          0x00000000        0x0 /usr/lib/gcc/arm-none-eabi/13.2.1/../../../arm-none-eabi/lib/thumb/v7e-m+fp/hard/libc_nano.a(libc_a-fwalk.o)
 .bss           0x00000000        0x0 /usr/lib/gcc/arm-none-eabi/13.2.1/../../../arm-none-eabi/lib/thumb/v7e-m+fp/hard/libc_nano.a(libc_a-fwalk.o)
 .data          0x00000000        0x0 /usr/lib/gcc/arm-none-eabi/13.2.1/../../../arm-none-eabi/lib/thumb/v7e-m+fp/hard/libc_nano.a(libc_a-wsetup.o)
 .bss           0x00000000        0x0 /usr/lib/gcc/arm-none-eabi/13.2.1/../../../arm-none-eabi/lib/thumb/v7e-m+fp/hard/libc_nano.a(libc_a-wsetup.o)
 .data          0x00000000        0x0 /usr/lib/gcc/arm-none-eabi/13.2.1/../../../arm-none-eabi/lib/thumb/v7e-m+fp/hard/libc_nano.a(libc_a-memcpy.o)
 .bss           0x00000000        0x0 /usr/lib/gcc/arm-none-eabi/13.2.1/../../../arm-none-eabi/lib/thumb/v7e-m+fp/hard/libc_nano.a(libc_a-memcpy.o)
 .ARM.extab     0x00000000        0x0 /usr/lib/gcc/arm-none-eabi/13.2.1/../../../arm-none-eabi/lib/thumb/v7e-m+fp/hard/libc_nano.a(libc_a-memcpy.o)
 .eh_frame      0x00000000       0x2c /usr/lib/gcc/arm-none-eabi/13.2.1/../../../arm-none-eabi/lib/thumb/v7e-m+fp/hard/libc_nano.a(libc_a-memcpy.o)
 .data          0x00000000        0x0 /usr/lib/gcc/arm-none-eabi/13.2.1/../../../arm-none-eabi/lib/thumb/v7e-m+fp/hard/libc_nano.a(libc_a-mlock.o)
 .bss           0x00000000        0x0 /usr/lib/gcc/arm-none-eabi/13.2.1/../../../arm-none-eabi/lib/thumb/v7e-m+fp/hard/libc_nano.a(libc_a-mlock.o)
 .data          0x00000000        0x0 /usr/lib/gcc/arm-none-eabi/13.2.1/../../../arm-none-eabi/lib/thumb/v7e-m+fp/hard/libc_nano.a(libc_a-makebuf.o)
 .bss           0x00000000        0x0 /usr/lib/gcc/arm-none-eabi/13.2.1/../../../arm-none-eabi/lib/thumb/v7e-m+fp/hard/libc_nano.a(libc_a-makebuf.o)
 .data          0x00000000        0x0 /usr/lib/gcc/arm-none-eabi/13.2.1/../../../arm-none-eabi/lib/thumb/v7e-m+fp/hard/libc_nano.a(libc_a-isattyr.o)
 .bss           0x00000000        0x0 /usr/lib/gcc/arm-none-eabi/13.2.1/../../../arm-none-eabi/lib/thumb/v7e-m+fp/hard/libc_nano.a(libc_a-isattyr.o)
 .data          0x00000000        0x0 /usr/lib/gcc/arm-none-eabi/13.2.1/../../../arm-none-eabi/lib/thumb/v7e-m+fp/hard/libc_nano.a(libc_a-wbuf.o)
 .bss           0x00000000        0x0 /usr/lib/gcc/arm-none-eabi/13.2.1/../../../arm-none-eabi/lib/thumb/v7e-m+fp/hard/libc_nano.a(libc_a-wbuf.o)
 .data          0x00000000        0x0 /usr/lib/gcc/arm-none-eabi/13.2.1/../../../arm-none-eabi/lib/thumb/v7e-m+fp/hard/libc_nano.a(libc_a-sbrkr.o)
 .bss           0x00000000        0x0 /usr/lib/gcc/arm-none-eabi/13.2.1/../../../arm-none-eabi/lib/thumb/v7e-m+fp/hard/libc_nano.a(libc_a-sbrkr.o)
 .data          0x00000000        0x0 /usr/lib/gcc/arm-none-eabi/13.2.1/../../../arm-none-eabi/lib/thumb/v7e-m+fp/hard/libc_nano.a(libc_a-stdio.o)
 .bss           0x00000000        0x0 /usr/lib/gcc/arm-none-eabi/13.2.1/../../../arm-none-eabi/lib/thumb/v7e-m+fp/hard/libc_nano.a(libc_a-stdio.o)
 .text          0x00000000        0x0 /usr/lib/gcc/arm-none-eabi/13.2.1/../../../arm-none-eabi/lib/thumb/v7e-m+fp/hard/libc_nano.a(libc_a-impure.o)
 .bss           0x00000000        0x0 /usr/lib/gcc/arm-none-eabi/13.2.1/../../../arm-none-eabi/lib/thumb/v7e-m+fp/hard/libc_nano.a(libc_a-impure.o)
 .data          0x00000000        0x0 /usr/lib/gcc/arm-none-eabi/13.2.1/../../../arm-none-eabi/lib/thumb/v7e-m+fp/hard/libc_nano.a(libc_a-closer.o)
 .bss           0x00000000        0x0 /usr/lib/gcc/arm-none-eabi/13.2.1/../../../arm-none-eabi/lib/thumb/v7e-m+fp/hard/libc_nano.a(libc_a-closer.o)
 .data          0x00000000        0x0 /usr/lib/gcc/arm-none-eabi/13.2.1/../../../arm-none-eabi/lib/thumb/v7e-m+fp/hard/libc_nano.a(libc_a-readr.o)
 .bss           0x00000000        0x0 /usr/lib/gcc/arm-none-eabi/13.2.1/../../../arm-none-eabi/lib/thumb/v7e-m+fp/hard/libc_nano.a(libc_a-readr.o)
 .text          0x00000000       0xd4 /usr/lib/gcc/arm-none-eabi/13.2.1/../../../arm-none-eabi/lib/thumb/v7e-m+fp/hard/libc_nano.a(libc_a-reent.o)
 .data          0x00000000        0x0 /usr/lib/gcc/arm-none-eabi/13.2.1/../../../arm-none-eabi/lib/thumb/v7e-m+fp/hard/libc_nano.a(libc_a-reent.o)
 .data          0x00000000        0x0 /usr/lib/gcc/arm-none-eabi/13.2.1/../../../arm-none-eabi/lib/thumb/v7e-m+fp/hard/libc_nano.a(libc_a-fstatr.o)
 .bss           0x00000000        0x0 /usr/lib/gcc/arm-none-eabi/13.2.1/../../../arm-none-eabi/lib/thumb/v7e-m+fp/hard/libc_nano.a(libc_a-fstatr.o)
 .data          0x00000000        0x0 /usr/lib/gcc/arm-none-eabi/13.2.1/../../../arm-none-eabi/lib/thumb/v7e-m+fp/hard/libc_nano.a(libc_a-lseekr.o)
 .bss           0x00000000        0x0 /usr/lib/gcc/arm-none-eabi/13.2.1/../../../arm-none-eabi/lib/thumb/v7e-m+fp/hard/libc_nano.a(libc_a-lseekr.o)
 .data          0x00000000        0x0 /usr/lib/gcc/arm-none-eabi/13.2.1/../../../arm-none-eabi/lib/thumb/v7e-m+fp/hard/libc_nano.a(libc_a-writer.o)
 .bss           0x00000000        0x0 /usr/lib/gcc/arm-none-eabi/13.2.1/../../../arm-none-eabi/lib/thumb/v7e-m+fp/hard/libc_nano.a(libc_a-writer.o)

Memory Configuration

Name             Origin             Length             Attributes
int_pflash       0x00400000         0x007d4000
int_dflash       0x10000000         0x00020000
int_itcm         0x00000000         0x00010000
int_dtcm         0x20000000         0x0001f000
int_stack_dtcm   0x2001f000         0x00001000
int_sram         0x20400000         0x0007ff00
int_sram_fls_rsv 0x2047ff00         0x00000100
int_sram_no_cacheable 0x20480000         0x0003bf00
int_sram_results 0x204bbf00         0x00000100
int_sram_shareable 0x204bc000         0x00004000
ram_rsvd2        0x204c0000         0x00000000
*default*        0x00000000         0xffffffff

Linker script and memory map

LOAD main.o
LOAD startup.o
LOAD systemcall.o
LOAD startup_cm7.o
LOAD FreeRTOS/FreeRTOS/Source/list.o
LOAD FreeRTOS/FreeRTOS/Source/tasks.o
LOAD FreeRTOS/FreeRTOS/Source/queue.o
LOAD FreeRTOS/FreeRTOS/Source/timers.o
LOAD FreeRTOS/FreeRTOS/Source/portable/MemMang/heap_4.o
LOAD FreeRTOS/FreeRTOS/Source/portable/GCC/ARM_CM7/r0p1/port.o
START GROUP
LOAD /usr/lib/gcc/arm-none-eabi/13.2.1/../../../arm-none-eabi/lib/thumb/v7e-m+fp/hard/libc_nano.a
LOAD /usr/lib/gcc/arm-none-eabi/13.2.1/../../../arm-none-eabi/lib/thumb/v7e-m+fp/hard/libm.a
END GROUP
START GROUP
LOAD /usr/lib/gcc/arm-none-eabi/13.2.1/thumb/v7e-m+fp/hard/libgcc.a
LOAD /usr/lib/gcc/arm-none-eabi/13.2.1/../../../arm-none-eabi/lib/thumb/v7e-m+fp/hard/libc_nano.a
END GROUP
START GROUP
LOAD /usr/lib/gcc/arm-none-eabi/13.2.1/thumb/v7e-m+fp/hard/libgcc.a
LOAD /usr/lib/gcc/arm-none-eabi/13.2.1/../../../arm-none-eabi/lib/thumb/v7e-m+fp/hard/libc_nano.a
LOAD /usr/lib/gcc/arm-none-eabi/13.2.1/../../../arm-none-eabi/lib/thumb/v7e-m+fp/hard/libnosys.a
END GROUP
START GROUP
LOAD /usr/lib/gcc/arm-none-eabi/13.2.1/thumb/v7e-m+fp/hard/libgcc.a
LOAD /usr/lib/gcc/arm-none-eabi/13.2.1/../../../arm-none-eabi/lib/thumb/v7e-m+fp/hard/libc_nano.a
LOAD /usr/lib/gcc/arm-none-eabi/13.2.1/../../../arm-none-eabi/lib/thumb/v7e-m+fp/hard/libnosys.a
END GROUP
                0x00002000                        HEAP_SIZE = DEFINED (__heap_size__)?__heap_size__:0x2000
                0x2040ffff                        __STANDBY_RAM_LIMIT_END = 0x2040ffff

.pflash         0x00400000     0x3420
 *(.boot_header)
 .boot_header   0x00400000       0x30 startup_cm7.o
                0x00400800                        . = ALIGN (0x800)
 *fill*         0x00400030      0x7d0 
                0x00400800                        __text_start = .
                0x00400800                        __interrupts_init_start = .
 *(.intc_vector)
                0x00400800                        . = ALIGN (0x4)
                0x00400800                        __interrupts_init_end = .
 *(.core_loop)
 .core_loop     0x00400800        0xc startup_cm7.o
                0x00400800                _core_loop
                0x0040080c                        . = ALIGN (0x4)
 *(.startup)
 *fill*         0x0040080c        0x4 
 .startup       0x00400810      0x1dc startup_cm7.o
                0x00400810                Reset_Handler
                0x00400810                _start
                0x0040097c                MCAL_LTB_TRACE_OFF
                0x0040097e                _end_of_eunit_test
                0x004009ec                        . = ALIGN (0x4)
 *(.systeminit)
                0x004009ec                        . = ALIGN (0x4)
 *(.text.startup)
                0x004009ec                        . = ALIGN (0x4)
 *(.text)
 .text          0x004009ec       0xa0 /usr/lib/gcc/arm-none-eabi/13.2.1/../../../arm-none-eabi/lib/thumb/v7e-m+fp/hard/libc_nano.a(libc_a-puts.o)
                0x004009ec                _puts_r
                0x00400a7c                puts
 .text          0x00400a8c      0x224 /usr/lib/gcc/arm-none-eabi/13.2.1/../../../arm-none-eabi/lib/thumb/v7e-m+fp/hard/libc_nano.a(libc_a-findfp.o)
                0x00400bbc                __sfp
                0x00400c60                __sinit
                0x00400c80                __sfp_lock_acquire
                0x00400c84                __sfp_lock_release
                0x00400c88                __fp_lock_all
                0x00400c9c                __fp_unlock_all
 .text          0x00400cb0       0xa4 /usr/lib/gcc/arm-none-eabi/13.2.1/../../../arm-none-eabi/lib/thumb/v7e-m+fp/hard/libc_nano.a(libc_a-memset.o)
                0x00400cb0                memset
 .text          0x00400d54      0x1a8 /usr/lib/gcc/arm-none-eabi/13.2.1/../../../arm-none-eabi/lib/thumb/v7e-m+fp/hard/libc_nano.a(libc_a-fflush.o)
                0x00400d54                __sflush_r
                0x00400e78                _fflush_r
                0x00400eb0                fflush
 .text          0x00400efc      0x148 /usr/lib/gcc/arm-none-eabi/13.2.1/../../../arm-none-eabi/lib/thumb/v7e-m+fp/hard/libc_nano.a(libc_a-mallocr.o)
                0x00400f44                _malloc_r
 .text          0x00401044       0xbc /usr/lib/gcc/arm-none-eabi/13.2.1/../../../arm-none-eabi/lib/thumb/v7e-m+fp/hard/libc_nano.a(libc_a-freer.o)
                0x00401044                _free_r
 .text          0x00401100       0x44 /usr/lib/gcc/arm-none-eabi/13.2.1/../../../arm-none-eabi/lib/thumb/v7e-m+fp/hard/libc_nano.a(libc_a-fwalk.o)
                0x00401100                _fwalk_sglue
 .text          0x00401144       0xc4 /usr/lib/gcc/arm-none-eabi/13.2.1/../../../arm-none-eabi/lib/thumb/v7e-m+fp/hard/libc_nano.a(libc_a-wsetup.o)
                0x00401144                __swsetup_r
 .text          0x00401208      0x134 /usr/lib/gcc/arm-none-eabi/13.2.1/../../../arm-none-eabi/lib/thumb/v7e-m+fp/hard/libc_nano.a(libc_a-memcpy.o)
                0x00401208                memcpy
 .text          0x0040133c        0x8 /usr/lib/gcc/arm-none-eabi/13.2.1/../../../arm-none-eabi/lib/thumb/v7e-m+fp/hard/libc_nano.a(libc_a-mlock.o)
                0x0040133c                __malloc_lock
                0x00401340                __malloc_unlock
 .text          0x00401344      0x114 /usr/lib/gcc/arm-none-eabi/13.2.1/../../../arm-none-eabi/lib/thumb/v7e-m+fp/hard/libc_nano.a(libc_a-makebuf.o)
                0x00401344                __smakebuf_r
                0x00401408                __swhatbuf_r
 .text          0x00401458       0x24 /usr/lib/gcc/arm-none-eabi/13.2.1/../../../arm-none-eabi/lib/thumb/v7e-m+fp/hard/libc_nano.a(libc_a-isattyr.o)
                0x00401458                _isatty_r
 .text          0x0040147c       0xa0 /usr/lib/gcc/arm-none-eabi/13.2.1/../../../arm-none-eabi/lib/thumb/v7e-m+fp/hard/libc_nano.a(libc_a-wbuf.o)
                0x0040147c                __swbuf_r
                0x00401504                __swbuf
 .text          0x0040151c       0x24 /usr/lib/gcc/arm-none-eabi/13.2.1/../../../arm-none-eabi/lib/thumb/v7e-m+fp/hard/libc_nano.a(libc_a-sbrkr.o)
                0x0040151c                _sbrk_r
 .text          0x00401540       0x94 /usr/lib/gcc/arm-none-eabi/13.2.1/../../../arm-none-eabi/lib/thumb/v7e-m+fp/hard/libc_nano.a(libc_a-stdio.o)
                0x00401540                __sread
                0x00401564                __seofread
                0x00401568                __swrite
                0x004015a8                __sseek
                0x004015cc                __sclose
 .text          0x004015d4       0x24 /usr/lib/gcc/arm-none-eabi/13.2.1/../../../arm-none-eabi/lib/thumb/v7e-m+fp/hard/libc_nano.a(libc_a-closer.o)
                0x004015d4                _close_r
 .text          0x004015f8       0x2c /usr/lib/gcc/arm-none-eabi/13.2.1/../../../arm-none-eabi/lib/thumb/v7e-m+fp/hard/libc_nano.a(libc_a-readr.o)
                0x004015f8                _read_r
 .text          0x00401624       0x2c /usr/lib/gcc/arm-none-eabi/13.2.1/../../../arm-none-eabi/lib/thumb/v7e-m+fp/hard/libc_nano.a(libc_a-fstatr.o)
                0x00401624                _fstat_r
 .text          0x00401650       0x2c /usr/lib/gcc/arm-none-eabi/13.2.1/../../../arm-none-eabi/lib/thumb/v7e-m+fp/hard/libc_nano.a(libc_a-lseekr.o)
                0x00401650                _lseek_r
 .text          0x0040167c       0x2c /usr/lib/gcc/arm-none-eabi/13.2.1/../../../arm-none-eabi/lib/thumb/v7e-m+fp/hard/libc_nano.a(libc_a-writer.o)
                0x0040167c                _write_r
 *(.text*)
 .text.vLEDTask
                0x004016a8       0x18 main.o
                0x004016a8                vLEDTask
 .text.vUARTTask
                0x004016c0       0x18 main.o
                0x004016c0                vUARTTask
 .text.vApplicationStackOverflowHook
                0x004016d8        0x4 main.o
                0x004016d8                vApplicationStackOverflowHook
 .text.vApplicationMallocFailedHook
                0x004016dc        0x4 main.o
                0x004016dc                vApplicationMallocFailedHook
 .text.startup.main
                0x004016e0       0x40 main.o
                0x004016e0                main
 .text.SystemInit
                0x00401720        0x4 startup.o
                0x00401720                SystemInit
 .text.startup_go_to_user_mode
                0x00401724        0x4 startup.o
                0x00401724                startup_go_to_user_mode
 .text.init_data_bss
                0x00401728       0xa0 startup.o
                0x00401728                init_data_bss
 .text.init_data_bss_core2
                0x004017c8       0x74 startup.o
                0x004017c8                init_data_bss_core2
 .text._write   0x0040183c        0x4 systemcall.o
                0x0040183c                _write
 .text._read    0x00401840        0x4 systemcall.o
                0x00401840                _read
 .text._close   0x00401844        0x8 systemcall.o
                0x00401844                _close
 .text._fstat   0x0040184c        0xc systemcall.o
                0x0040184c                _fstat
 .text._isatty  0x00401858        0x4 systemcall.o
                0x00401858                _isatty
 .text._lseek   0x0040185c        0x4 systemcall.o
                0x0040185c                _lseek
 .text._sbrk    0x00401860       0x10 systemcall.o
                0x00401860                _sbrk
 .text.vListInitialise
                0x00401870       0x18 FreeRTOS/FreeRTOS/Source/list.o
                0x00401870                vListInitialise
 .text.vListInitialiseItem
                0x00401888        0x8 FreeRTOS/FreeRTOS/Source/list.o
                0x00401888                vListInitialiseItem
 .text.vListInsert
                0x00401890       0x30 FreeRTOS/FreeRTOS/Source/list.o
                0x00401890                vListInsert
 .text.uxListRemove
                0x004018c0       0x28 FreeRTOS/FreeRTOS/Source/list.o
                0x004018c0                uxListRemove
 .text.prvAddCurrentTaskToDelayedList
                0x004018e8       0xb4 FreeRTOS/FreeRTOS/Source/tasks.o
 .text.prvCheckTasksWaitingTermination
                0x0040199c       0x4c FreeRTOS/FreeRTOS/Source/tasks.o
 .text.prvIdleTask
                0x004019e8       0x34 FreeRTOS/FreeRTOS/Source/tasks.o
 .text.xTaskIncrementTick.part.0
                0x00401a1c      0x1bc FreeRTOS/FreeRTOS/Source/tasks.o
 .text.xTaskResumeAll.part.0
                0x00401bd8      0x188 FreeRTOS/FreeRTOS/Source/tasks.o
 .text.xTaskCreate
                0x00401d60      0x20c FreeRTOS/FreeRTOS/Source/tasks.o
                0x00401d60                xTaskCreate
 .text.vTaskDelay
                0x00401f6c       0x70 FreeRTOS/FreeRTOS/Source/tasks.o
                0x00401f6c                vTaskDelay
 .text.vTaskStartScheduler
                0x00401fdc       0x98 FreeRTOS/FreeRTOS/Source/tasks.o
                0x00401fdc                vTaskStartScheduler
 .text.vTaskSuspendAll
                0x00402074       0x10 FreeRTOS/FreeRTOS/Source/tasks.o
                0x00402074                vTaskSuspendAll
 .text.xTaskResumeAll
                0x00402084       0x30 FreeRTOS/FreeRTOS/Source/tasks.o
                0x00402084                xTaskResumeAll
 .text.xTaskGetTickCount
                0x004020b4        0xc FreeRTOS/FreeRTOS/Source/tasks.o
                0x004020b4                xTaskGetTickCount
 .text.uxTaskGetNumberOfTasks
                0x004020c0        0xc FreeRTOS/FreeRTOS/Source/tasks.o
                0x004020c0                uxTaskGetNumberOfTasks
 .text.vTaskSwitchContext
                0x004020cc       0xac FreeRTOS/FreeRTOS/Source/tasks.o
                0x004020cc                vTaskSwitchContext
 .text.vTaskPlaceOnEventList
                0x00402178       0x38 FreeRTOS/FreeRTOS/Source/tasks.o
                0x00402178                vTaskPlaceOnEventList
 .text.vTaskPlaceOnEventListRestricted
                0x004021b0       0x68 FreeRTOS/FreeRTOS/Source/tasks.o
                0x004021b0                vTaskPlaceOnEventListRestricted
 .text.xTaskRemoveFromEventList
                0x00402218       0xe8 FreeRTOS/FreeRTOS/Source/tasks.o
                0x00402218                xTaskRemoveFromEventList
 .text.vTaskInternalSetTimeOutState
                0x00402300       0x18 FreeRTOS/FreeRTOS/Source/tasks.o
                0x00402300                vTaskInternalSetTimeOutState
 .text.xTaskCheckForTimeOut
                0x00402318       0xa4 FreeRTOS/FreeRTOS/Source/tasks.o
                0x00402318                xTaskCheckForTimeOut
 .text.vTaskMissedYield
                0x004023bc        0xc FreeRTOS/FreeRTOS/Source/tasks.o
                0x004023bc                vTaskMissedYield
 .text.xTaskGetSchedulerState
                0x004023c8       0x20 FreeRTOS/FreeRTOS/Source/tasks.o
                0x004023c8                xTaskGetSchedulerState
 .text.xTaskPriorityDisinherit
                0x004023e8       0xb8 FreeRTOS/FreeRTOS/Source/tasks.o
                0x004023e8                xTaskPriorityDisinherit
 .text.prvCopyDataToQueue
                0x004024a0       0x74 FreeRTOS/FreeRTOS/Source/queue.o
 .text.prvNotifyQueueSetContainer
                0x00402514       0xa4 FreeRTOS/FreeRTOS/Source/queue.o
 .text.prvUnlockQueue
                0x004025b8       0x9c FreeRTOS/FreeRTOS/Source/queue.o
 .text.xQueueGenericReset
                0x00402654       0xa8 FreeRTOS/FreeRTOS/Source/queue.o
                0x00402654                xQueueGenericReset
 .text.xQueueGenericCreate
                0x004026fc       0x58 FreeRTOS/FreeRTOS/Source/queue.o
                0x004026fc                xQueueGenericCreate
 .text.xQueueReceive
                0x00402754      0x180 FreeRTOS/FreeRTOS/Source/queue.o
                0x00402754                xQueueReceive
 .text.vQueueAddToRegistry
                0x004028d4       0x64 FreeRTOS/FreeRTOS/Source/queue.o
                0x004028d4                vQueueAddToRegistry
 .text.vQueueWaitForMessageRestricted
                0x00402938       0x50 FreeRTOS/FreeRTOS/Source/queue.o
                0x00402938                vQueueWaitForMessageRestricted
 .text.prvCheckForValidListAndQueue
                0x00402988       0x5c FreeRTOS/FreeRTOS/Source/timers.o
 .text.prvProcessExpiredTimer
                0x004029e4       0x90 FreeRTOS/FreeRTOS/Source/timers.o
 .text.prvTimerTask
                0x00402a74      0x28c FreeRTOS/FreeRTOS/Source/timers.o
 .text.xTimerCreateTimerTask
                0x00402d00       0x50 FreeRTOS/FreeRTOS/Source/timers.o
                0x00402d00                xTimerCreateTimerTask
 .text.pvPortMalloc
                0x00402d50      0x1d8 FreeRTOS/FreeRTOS/Source/portable/MemMang/heap_4.o
                0x00402d50                pvPortMalloc
 .text.vPortFree
                0x00402f28      0x124 FreeRTOS/FreeRTOS/Source/portable/MemMang/heap_4.o
                0x00402f28                vPortFree
 *fill*         0x0040304c        0x4 
 .text.vPortSVCHandler
                0x00403050       0x24 FreeRTOS/FreeRTOS/Source/portable/GCC/ARM_CM7/r0p1/port.o
                0x00403050                vPortSVCHandler
 .text.prvPortStartFirstTask
                0x00403074       0x28 FreeRTOS/FreeRTOS/Source/portable/GCC/ARM_CM7/r0p1/port.o
 *fill*         0x0040309c        0x4 
 .text.xPortPendSVHandler
                0x004030a0       0x64 FreeRTOS/FreeRTOS/Source/portable/GCC/ARM_CM7/r0p1/port.o
                0x004030a0                xPortPendSVHandler
 .text.vPortEnableVFP
                0x00403104       0x14 FreeRTOS/FreeRTOS/Source/portable/GCC/ARM_CM7/r0p1/port.o
 .text.prvTaskExitError
                0x00403118       0x48 FreeRTOS/FreeRTOS/Source/portable/GCC/ARM_CM7/r0p1/port.o
 .text.pxPortInitialiseStack
                0x00403160       0x30 FreeRTOS/FreeRTOS/Source/portable/GCC/ARM_CM7/r0p1/port.o
                0x00403160                pxPortInitialiseStack
 .text.vPortEnterCritical
                0x00403190       0x4c FreeRTOS/FreeRTOS/Source/portable/GCC/ARM_CM7/r0p1/port.o
                0x00403190                vPortEnterCritical
 .text.vPortExitCritical
                0x004031dc       0x2c FreeRTOS/FreeRTOS/Source/portable/GCC/ARM_CM7/r0p1/port.o
                0x004031dc                vPortExitCritical
 .text.vPortSetupTimerInterrupt
                0x00403208       0x18 FreeRTOS/FreeRTOS/Source/portable/GCC/ARM_CM7/r0p1/port.o
                0x00403208                vPortSetupTimerInterrupt
 .text.xPortStartScheduler
                0x00403220      0x14c FreeRTOS/FreeRTOS/Source/portable/GCC/ARM_CM7/r0p1/port.o
                0x00403220                xPortStartScheduler
                0x0040336c                        . = ALIGN (0x4)
 *(.mcal_text)
                0x0040336c                        . = ALIGN (0x4)
 *(.acmcu_code_rom)
                0x0040336c                        . = ALIGN (0x4)
                0x0040336c                        __acfls_code_rom_start = .
 *(.acfls_code_rom)
                0x0040336c                        . = ALIGN (0x4)
                0x0040336c                        __acfls_code_rom_end = .
 *(.init)
                0x0040336c                        . = ALIGN (0x4)
 *(.fini)
                0x0040336c                        . = ALIGN (0x4)
 *(.rodata)
 *(.rodata*)
 .rodata.vLEDTask.str1.4
                0x0040336c       0x48 main.o
                                  0xb (size before relaxing)
 .rodata.vUARTTask.str1.4
                0x004033b4       0x12 main.o
 .rodata.main.str1.4
                0x004033b4       0x16 main.o
 .rodata.uxTopUsedPriority
                0x004033b4        0x4 FreeRTOS/FreeRTOS/Source/tasks.o
 .rodata.prvCheckForValidListAndQueue.str1.4
                0x004033b8        0x5 FreeRTOS/FreeRTOS/Source/timers.o
 .rodata.xTimerCreateTimerTask.str1.4
                0x004033b8        0x8 FreeRTOS/FreeRTOS/Source/timers.o
                0x004033cc                        . = ALIGN (0x4)
 *(.mcal_const_cfg)
                0x004033cc                        . = ALIGN (0x4)
 *(.mcal_const)
                0x004033cc                        . = ALIGN (0x4)
                0x004033b8                        __init_table = .
 *(.init_table)
 .init_table    0x004033b8       0x4c startup_cm7.o
                0x00403404                        . = ALIGN (0x4)
                0x00403404                        __zero_table = .
 *(.zero_table)
 .zero_table    0x00403404       0x1c startup_cm7.o

.glue_7         0x00403420        0x0
 .glue_7        0x00403420        0x0 linker stubs

.glue_7t        0x00403420        0x0
 .glue_7t       0x00403420        0x0 linker stubs

.vfp11_veneer   0x00403420        0x0
 .vfp11_veneer  0x00403420        0x0 linker stubs

.v4_bx          0x00403420        0x0
 .v4_bx         0x00403420        0x0 linker stubs

.iplt           0x00403420        0x0
 .iplt          0x00403420        0x0 main.o

.rel.dyn        0x00403420        0x0
 .rel.iplt      0x00403420        0x0 main.o

.ARM.exidx      0x00403420        0x8
 .ARM.exidx     0x00403420        0x8 /usr/lib/gcc/arm-none-eabi/13.2.1/../../../arm-none-eabi/lib/thumb/v7e-m+fp/hard/libc_nano.a(libc_a-memcpy.o)
                0x00403428                        . = ALIGN (0x4)
                0x00403428                        __text_end = .
                0x00403428                        __sram_data_rom = __text_end

.sram_bss       0x20400000    0x20350
                0x20400000                        . = ALIGN (0x8)
                0x20400000                        __standby_ram_begin__ = .
 *(.standby_data)
                0x20400000                        . = ALIGN (0x8)
                0x20400000                        __standby_ram_end__ = .
                0x20400000                        . = ALIGN (0x10)
                0x20400000                        __sram_bss_start = .
 *(.bss)
 .bss           0x20400000      0x13c /usr/lib/gcc/arm-none-eabi/13.2.1/../../../arm-none-eabi/lib/thumb/v7e-m+fp/hard/libc_nano.a(libc_a-findfp.o)
                0x20400000                __sf
                0x20400138                __stdio_exit_handler
 .bss           0x2040013c        0x8 /usr/lib/gcc/arm-none-eabi/13.2.1/../../../arm-none-eabi/lib/thumb/v7e-m+fp/hard/libc_nano.a(libc_a-mallocr.o)
                0x2040013c                __malloc_sbrk_start
                0x20400140                __malloc_free_list
 .bss           0x20400144        0x4 /usr/lib/gcc/arm-none-eabi/13.2.1/../../../arm-none-eabi/lib/thumb/v7e-m+fp/hard/libc_nano.a(libc_a-reent.o)
                0x20400144                errno
 *(.bss*)
 .bss.uxSchedulerSuspended
                0x20400148        0x4 FreeRTOS/FreeRTOS/Source/tasks.o
 .bss.xIdleTaskHandles
                0x2040014c        0x4 FreeRTOS/FreeRTOS/Source/tasks.o
 .bss.xNextTaskUnblockTime
                0x20400150        0x4 FreeRTOS/FreeRTOS/Source/tasks.o
 .bss.uxTaskNumber
                0x20400154        0x4 FreeRTOS/FreeRTOS/Source/tasks.o
 .bss.xNumOfOverflows
                0x20400158        0x4 FreeRTOS/FreeRTOS/Source/tasks.o
 .bss.xYieldPendings
                0x2040015c        0x4 FreeRTOS/FreeRTOS/Source/tasks.o
 .bss.xPendedTicks
                0x20400160        0x4 FreeRTOS/FreeRTOS/Source/tasks.o
 .bss.xSchedulerRunning
                0x20400164        0x4 FreeRTOS/FreeRTOS/Source/tasks.o
 .bss.uxTopReadyPriority
                0x20400168        0x4 FreeRTOS/FreeRTOS/Source/tasks.o
 .bss.xTickCount
                0x2040016c        0x4 FreeRTOS/FreeRTOS/Source/tasks.o
 .bss.uxCurrentNumberOfTasks
                0x20400170        0x4 FreeRTOS/FreeRTOS/Source/tasks.o
 .bss.xSuspendedTaskList
                0x20400174       0x14 FreeRTOS/FreeRTOS/Source/tasks.o
 .bss.uxDeletedTasksWaitingCleanUp
                0x20400188        0x4 FreeRTOS/FreeRTOS/Source/tasks.o
 .bss.xTasksWaitingTermination
                0x2040018c       0x14 FreeRTOS/FreeRTOS/Source/tasks.o
 .bss.xPendingReadyList
                0x204001a0       0x14 FreeRTOS/FreeRTOS/Source/tasks.o
 .bss.pxOverflowDelayedTaskList
                0x204001b4        0x4 FreeRTOS/FreeRTOS/Source/tasks.o
 .bss.pxDelayedTaskList
                0x204001b8        0x4 FreeRTOS/FreeRTOS/Source/tasks.o
 .bss.xDelayedTaskList2
                0x204001bc       0x14 FreeRTOS/FreeRTOS/Source/tasks.o
 .bss.xDelayedTaskList1
                0x204001d0       0x14 FreeRTOS/FreeRTOS/Source/tasks.o
 .bss.pxReadyTasksLists
                0x204001e4       0xb4 FreeRTOS/FreeRTOS/Source/tasks.o
 .bss.pxCurrentTCB
                0x20400298        0x4 FreeRTOS/FreeRTOS/Source/tasks.o
                0x20400298                pxCurrentTCB
 *fill*         0x2040029c        0x4 
 .bss.xQueueRegistry
                0x204002a0       0x50 FreeRTOS/FreeRTOS/Source/queue.o
                0x204002a0                xQueueRegistry
 .bss.xLastTime.0
                0x204002f0        0x4 FreeRTOS/FreeRTOS/Source/timers.o
 .bss.xTimerTaskHandle
                0x204002f4        0x4 FreeRTOS/FreeRTOS/Source/timers.o
 .bss.xTimerQueue
                0x204002f8        0x4 FreeRTOS/FreeRTOS/Source/timers.o
 .bss.pxOverflowTimerList
                0x204002fc        0x4 FreeRTOS/FreeRTOS/Source/timers.o
 .bss.pxCurrentTimerList
                0x20400300        0x4 FreeRTOS/FreeRTOS/Source/timers.o
 .bss.xActiveTimerList2
                0x20400304       0x14 FreeRTOS/FreeRTOS/Source/timers.o
 .bss.xActiveTimerList1
                0x20400318       0x14 FreeRTOS/FreeRTOS/Source/timers.o
 .bss.xNumberOfSuccessfulFrees
                0x2040032c        0x4 FreeRTOS/FreeRTOS/Source/portable/MemMang/heap_4.o
 .bss.xNumberOfSuccessfulAllocations
                0x20400330        0x4 FreeRTOS/FreeRTOS/Source/portable/MemMang/heap_4.o
 .bss.xMinimumEverFreeBytesRemaining
                0x20400334        0x4 FreeRTOS/FreeRTOS/Source/portable/MemMang/heap_4.o
 .bss.xFreeBytesRemaining
                0x20400338        0x4 FreeRTOS/FreeRTOS/Source/portable/MemMang/heap_4.o
 .bss.pxEnd     0x2040033c        0x4 FreeRTOS/FreeRTOS/Source/portable/MemMang/heap_4.o
 .bss.xStart    0x20400340        0x8 FreeRTOS/FreeRTOS/Source/portable/MemMang/heap_4.o
 .bss.ucHeap    0x20400348    0x20000 FreeRTOS/FreeRTOS/Source/portable/MemMang/heap_4.o
 .bss.ulMaxPRIGROUPValue
                0x20420348        0x4 FreeRTOS/FreeRTOS/Source/portable/GCC/ARM_CM7/r0p1/port.o
 .bss.ucMaxSysCallPriority
                0x2042034c        0x1 FreeRTOS/FreeRTOS/Source/portable/GCC/ARM_CM7/r0p1/port.o
                0x20420350                        . = ALIGN (0x10)
 *fill*         0x2042034d        0x3 
 *(.mcal_bss)
                0x20420350                        . = ALIGN (0x4)
                0x20420350                        __sram_bss_end = .

.sram_data      0x20420350       0x68 load address 0x00403428
                0x20420350                        . = ALIGN (0x4)
                0x20420350                        __sram_data_begin__ = .
                0x20420350                        . = ALIGN (0x4)
 *(.ramcode)
                0x20420350                        . = ALIGN (0x4)
 *(.data)
 .data          0x20420350        0x4 startup_cm7.o
                0x20420350                RESET_CATCH_CORE
 .data          0x20420354        0xc /usr/lib/gcc/arm-none-eabi/13.2.1/../../../arm-none-eabi/lib/thumb/v7e-m+fp/hard/libc_nano.a(libc_a-findfp.o)
                0x20420354                __sglue
 .data          0x20420360       0x50 /usr/lib/gcc/arm-none-eabi/13.2.1/../../../arm-none-eabi/lib/thumb/v7e-m+fp/hard/libc_nano.a(libc_a-impure.o)
                0x20420360                _impure_ptr
                0x20420364                _impure_data
 *(.data*)
 .data.heap_end.0
                0x204203b0        0x4 systemcall.o
 .data.uxCriticalNesting
                0x204203b4        0x4 FreeRTOS/FreeRTOS/Source/portable/GCC/ARM_CM7/r0p1/port.o
                0x204203b8                        . = ALIGN (0x4)
 *(.mcal_data)
                0x204203b8                        . = ALIGN (0x4)
                0x204203b8                        __sram_data_end__ = .
                0x00403490                        __sram_data_rom_end = (__sram_data_rom + (__sram_data_end__ - __sram_data_begin__))

.heap           0x204203b8     0x2000 load address 0x00403490
                0x00000000                        . = (. + ALIGN (0x4))
                0x204203b8                        _end = .
                0x204203b8                        end = .
                0x204203b8                        _heap_start = .
                0x00002000                        . = (. + HEAP_SIZE)
 *fill*         0x204203b8     0x2000 
                0x204223b8                        _heap_end = .

.acfls_code_ram
                0x2047ff00        0x0
                0x2047ff00                        acfls_code_ram_start = .
 *(.acfls_code_ram)
                0x2047ff00                        acfls_code_ram_stop = .
                0x00403490                        __non_cacheable_data_rom = __sram_data_rom_end

.non_cacheable_data
                0x20480000        0x4 load address 0x00403490
                0x20480000                        . = ALIGN (0x4)
                0x20480000                        __non_cacheable_data_start__ = .
 *(.mcal_data_no_cacheable)
                0x20480000                        . = ALIGN (0x4)
 *(.mcal_const_no_cacheable)
                0x20480000                        . = ALIGN (0x4)
                0x20480000                        HSE_LOOP_ADDR = .
                0x20480000        0x4 LONG 0x0
                0x20480004                        __non_cacheable_data_end__ = .
                0x00403494                        __non_cacheable_data_rom_end = (__non_cacheable_data_rom + (__non_cacheable_data_end__ - __non_cacheable_data_start__))

.igot.plt       0x20480004        0x0 load address 0x00403494
 .igot.plt      0x20480004        0x0 main.o

.non_cacheable_bss
                0x20480004        0xc load address 0x00403494
                0x20480010                        . = ALIGN (0x10)
 *fill*         0x20480004        0xc 
                0x20480010                        __non_cacheable_bss_start = .
 *(.mcal_bss_no_cacheable)
                0x20480010                        . = ALIGN (0x4)
                0x20480010                        __non_cacheable_bss_end = .

.int_results    0x204bbf00      0x100
                0x204bbf00                        . = ALIGN (0x4)
 *(.int_results)
                0x204bc000                        . = (. + 0x100)
 *fill*         0x204bbf00      0x100 
                0x00403494                        __shareable_data_rom = __non_cacheable_data_rom_end

.shareable_data
                0x204bc000        0x0 load address 0x00403494
                0x204bc000                        . = ALIGN (0x4)
                0x204bc000                        __shareable_data_start__ = .
 *(.mcal_shared_data)
                0x204bc000                        . = ALIGN (0x4)
                0x204bc000                        __shareable_data_end__ = .
                0x00403494                        __shareable_data_rom_end = (__shareable_data_rom + (__shareable_data_end__ - __shareable_data_start__))

.int_vector     0x20000000        0x0
                0x20000000                        . = ALIGN (0x800)
                0x20000000                        __interrupts_ram_start = .
                0x20000000                        . = (. + (__interrupts_init_end - __interrupts_init_start))
                0x20000000                        . = ALIGN (0x4)
                0x20000000                        __interrupts_ram_end = .
                0x00403494                        __tcm_data_rom = __shareable_data_rom_end

.data_tcm_data  0x20000000        0x0 load address 0x00403494
                0x20000000                        . = ALIGN (0x4)
                0x20000000                        __dtcm_data_start__ = .
 *(.dtcm_data*)
                0x20000000                        . = ALIGN (0x4)
                0x20000000                        __dtcm_data_end__ = .
                0x00403494                        __tcm_data_rom_end = (__tcm_data_rom + (__dtcm_data_end__ - __dtcm_data_start__))

.bss_tcm_data   0x20000000        0x0
                0x20000000                        . = ALIGN (0x4)
                0x20000000                        __dtcm_bss_start__ = .
 *(.dtcm_bss*)
                0x20000000                        . = ALIGN (0x4)
                0x20000000                        __dtcm_bss_end__ = .
                0x00403494                        __tcm_code_rom_start = __tcm_data_rom_end

.itcm_text      0x00000000        0x0 load address 0x00403494
                0x00000000                        . = ALIGN (0x4)
                0x00000000                        __itcm_start__ = .
 *(.itcm_text*)
                0x00000000                        . = ALIGN (0x4)
                0x00000000                        __itcm_end__ = .
                0x00403494                        __tcm_code_rom_end = (__tcm_code_rom_start + (__itcm_end__ - __itcm_start__))

.shareable_bss  0x204bc000        0x0
                0x204bc000                        . = ALIGN (0x10)
                0x204bc000                        __shareable_bss_start = .
 *(.mcal_shared_bss)
                0x204bc000                        . = ALIGN (0x4)
                0x204bc000                        __shareable_bss_end = .
                0x2001f000                        __Stack_dtcm_end = ORIGIN (int_stack_dtcm)
                0x20020000                        __Stack_dtcm_start = (ORIGIN (int_stack_dtcm) + LENGTH (int_stack_dtcm))
                0x20400000                        __INT_SRAM_START = ORIGIN (int_sram)
                0x204c0000                        __INT_SRAM_END = ORIGIN (ram_rsvd2)
                0x00000000                        __INT_ITCM_START = ORIGIN (int_itcm)
                0x00010000                        __INT_ITCM_END = (ORIGIN (int_itcm) + LENGTH (int_itcm))
                0x20000000                        __INT_DTCM_START = ORIGIN (int_dtcm)
                0x20020000                        __INT_DTCM_END = ((ORIGIN (int_dtcm) + LENGTH (int_dtcm)) + LENGTH (int_stack_dtcm))
                0x204bc000                        __RAM_SHAREABLE_START = ORIGIN (int_sram_shareable)
                0x204c0000                        __RAM_SHAREABLE_END = (ORIGIN (int_sram_shareable) + LENGTH (int_sram_shareable))
                0x0000000e                        __RAM_SHAREABLE_SIZE = 0xe
                0x00403494                        __ROM_SHAREABLE_START = __shareable_data_rom
                0x00403494                        __ROM_SHAREABLE_END = __shareable_data_rom_end
                0x20480000                        __RAM_NO_CACHEABLE_START = ORIGIN (int_sram_no_cacheable)
                0x204bbfff                        __RAM_NO_CACHEABLE_END = (ORIGIN (int_sram_shareable) - 0x1)
                0x00000012                        __RAM_NO_CACHEABLE_SIZE = 0x12
                0x00403490                        __ROM_NO_CACHEABLE_START = __non_cacheable_data_rom
                0x00403494                        __ROM_NO_CACHEABLE_END = __non_cacheable_data_rom_end
                0x20420350                        __RAM_CACHEABLE_START = __sram_data_begin__
                0x2047ffff                        __RAM_CACHEABLE_END = (ORIGIN (int_sram_no_cacheable) - 0x1)
                0x00000013                        __RAM_CACHEABLE_SIZE = 0x13
                0x00403428                        __ROM_CACHEABLE_START = __sram_data_rom
                0x00403490                        __ROM_CACHEABLE_END = __sram_data_rom_end
                0x00400000                        __ROM_CODE_START = ORIGIN (int_pflash)
                0x10000000                        __ROM_DATA_START = ORIGIN (int_dflash)
                0x20400000                        __BSS_SRAM_START = __sram_bss_start
                0x20420350                        __BSS_SRAM_END = __sram_bss_end
                0x00020350                        __BSS_SRAM_SIZE = (__sram_bss_end - __sram_bss_start)
                0x20480010                        __BSS_SRAM_NC_START = __non_cacheable_bss_start
                0x00000000                        __BSS_SRAM_NC_SIZE = (__non_cacheable_bss_end - __non_cacheable_bss_start)
                0x20480010                        __BSS_SRAM_NC_END = __non_cacheable_bss_end
                0x204bc000                        __BSS_SRAM_SH_START = __shareable_bss_start
                0x00000000                        __BSS_SRAM_SH_SIZE = (__shareable_bss_end - __shareable_bss_start)
                0x204bc000                        __BSS_SRAM_SH_END = __shareable_bss_end
                0x20000000                        __RAM_INTERRUPT_START = __interrupts_ram_start
                0x00400800                        __INIT_INTERRUPT_START = __interrupts_init_start
                0x00400800                        __INIT_INTERRUPT_END = __interrupts_init_end
                0x00000000                        __RAM_ITCM_START = __itcm_start__
                0x00403494                        __ROM_ITCM_START = __tcm_code_rom_start
                0x00403494                        __ROM_ITCM_END = __tcm_code_rom_end
                0x20000000                        __RAM_DTCM_DATA_START = __dtcm_data_start__
                0x00403494                        __ROM_DTCM_DATA_START = __tcm_data_rom
                0x00403494                        __ROM_DTCM_END = __tcm_data_rom_end
                0x004033b8                        __INIT_TABLE = __init_table
                0x00403404                        __ZERO_TABLE = __zero_table
                0x00000001                        __RAM_INIT = 0x1
                0x00000001                        __ITCM_INIT = 0x1
                0x00000001                        __DTCM_INIT = 0x1
                0x0040336c                        Fls_ACEraseRomStart = __acfls_code_rom_start
                0x0040336c                        Fls_ACEraseRomEnd = __acfls_code_rom_end
                0x00000000                        Fls_ACEraseSize = ((__acfls_code_rom_end - __acfls_code_rom_start) / 0x4)
                0x0040336c                        Fls_ACWriteRomStart = __acfls_code_rom_start
                0x0040336c                        Fls_ACWriteRomEnd = __acfls_code_rom_end
                0x00000000                        Fls_ACWriteSize = ((__acfls_code_rom_end - __acfls_code_rom_start) / 0x4)
                0x2047ff00                        _ERASE_FUNC_ADDRESS_ = ADDR (.acfls_code_ram)
                0x2047ff00                        _WRITE_FUNC_ADDRESS_ = ADDR (.acfls_code_ram)
                0x00400800                        __ENTRY_VTABLE = __INIT_INTERRUPT_START
                0x00400800                        __CORE0_VTOR = __INIT_INTERRUPT_START
                0x00400800                        __CORE1_VTOR = __INIT_INTERRUPT_START
                0x00400800                        __CORE2_VTOR = __INIT_INTERRUPT_START
                0x00000003                        __INDEX_COPY_CORE2 = 0x3
                0x00000001                        ASSERT ((__standby_ram_end__ <= __STANDBY_RAM_LIMIT_END), Memory for standby ram overflow)
OUTPUT(firmware.elf elf32-littlearm)
LOAD linker stubs

.comment        0x00000000       0x26
 .comment       0x00000000       0x26 main.o
                                 0x27 (size before relaxing)
 .comment       0x00000026       0x27 startup.o
 .comment       0x00000026       0x27 systemcall.o
 .comment       0x00000026       0x27 FreeRTOS/FreeRTOS/Source/list.o
 .comment       0x00000026       0x27 FreeRTOS/FreeRTOS/Source/tasks.o
 .comment       0x00000026       0x27 FreeRTOS/FreeRTOS/Source/queue.o
 .comment       0x00000026       0x27 FreeRTOS/FreeRTOS/Source/timers.o
 .comment       0x00000026       0x27 FreeRTOS/FreeRTOS/Source/portable/MemMang/heap_4.o
 .comment       0x00000026       0x27 FreeRTOS/FreeRTOS/Source/portable/GCC/ARM_CM7/r0p1/port.o
 .comment       0x00000026       0x27 /usr/lib/gcc/arm-none-eabi/13.2.1/../../../arm-none-eabi/lib/thumb/v7e-m+fp/hard/libc_nano.a(libc_a-puts.o)
 .comment       0x00000026       0x27 /usr/lib/gcc/arm-none-eabi/13.2.1/../../../arm-none-eabi/lib/thumb/v7e-m+fp/hard/libc_nano.a(libc_a-findfp.o)
 .comment       0x00000026       0x27 /usr/lib/gcc/arm-none-eabi/13.2.1/../../../arm-none-eabi/lib/thumb/v7e-m+fp/hard/libc_nano.a(libc_a-memset.o)
 .comment       0x00000026       0x27 /usr/lib/gcc/arm-none-eabi/13.2.1/../../../arm-none-eabi/lib/thumb/v7e-m+fp/hard/libc_nano.a(libc_a-fflush.o)
 .comment       0x00000026       0x27 /usr/lib/gcc/arm-none-eabi/13.2.1/../../../arm-none-eabi/lib/thumb/v7e-m+fp/hard/libc_nano.a(libc_a-mallocr.o)
 .comment       0x00000026       0x27 /usr/lib/gcc/arm-none-eabi/13.2.1/../../../arm-none-eabi/lib/thumb/v7e-m+fp/hard/libc_nano.a(libc_a-freer.o)
 .comment       0x00000026       0x27 /usr/lib/gcc/arm-none-eabi/13.2.1/../../../arm-none-eabi/lib/thumb/v7e-m+fp/hard/libc_nano.a(libc_a-fwalk.o)
 .comment       0x00000026       0x27 /usr/lib/gcc/arm-none-eabi/13.2.1/../../../arm-none-eabi/lib/thumb/v7e-m+fp/hard/libc_nano.a(libc_a-wsetup.o)
 .comment       0x00000026       0x27 /usr/lib/gcc/arm-none-eabi/13.2.1/../../../arm-none-eabi/lib/thumb/v7e-m+fp/hard/libc_nano.a(libc_a-mlock.o)
 .comment       0x00000026       0x27 /usr/lib/gcc/arm-none-eabi/13.2.1/../../../arm-none-eabi/lib/thumb/v7e-m+fp/hard/libc_nano.a(libc_a-makebuf.o)
 .comment       0x00000026       0x27 /usr/lib/gcc/arm-none-eabi/13.2.1/../../../arm-none-eabi/lib/thumb/v7e-m+fp/hard/libc_nano.a(libc_a-isattyr.o)
 .comment       0x00000026       0x27 /usr/lib/gcc/arm-none-eabi/13.2.1/../../../arm-none-eabi/lib/thumb/v7e-m+fp/hard/libc_nano.a(libc_a-wbuf.o)
 .comment       0x00000026       0x27 /usr/lib/gcc/arm-none-eabi/13.2.1/../../../arm-none-eabi/lib/thumb/v7e-m+fp/hard/libc_nano.a(libc_a-sbrkr.o)
 .comment       0x00000026       0x27 /usr/lib/gcc/arm-none-eabi/13.2.1/../../../arm-none-eabi/lib/thumb/v7e-m+fp/hard/libc_nano.a(libc_a-stdio.o)
 .comment       0x00000026       0x27 /usr/lib/gcc/arm-none-eabi/13.2.1/../../../arm-none-eabi/lib/thumb/v7e-m+fp/hard/libc_nano.a(libc_a-impure.o)
 .comment       0x00000026       0x27 /usr/lib/gcc/arm-none-eabi/13.2.1/../../../arm-none-eabi/lib/thumb/v7e-m+fp/hard/libc_nano.a(libc_a-closer.o)
 .comment       0x00000026       0x27 /usr/lib/gcc/arm-none-eabi/13.2.1/../../../arm-none-eabi/lib/thumb/v7e-m+fp/hard/libc_nano.a(libc_a-readr.o)
 .comment       0x00000026       0x27 /usr/lib/gcc/arm-none-eabi/13.2.1/../../../arm-none-eabi/lib/thumb/v7e-m+fp/hard/libc_nano.a(libc_a-reent.o)
 .comment       0x00000026       0x27 /usr/lib/gcc/arm-none-eabi/13.2.1/../../../arm-none-eabi/lib/thumb/v7e-m+fp/hard/libc_nano.a(libc_a-fstatr.o)
 .comment       0x00000026       0x27 /usr/lib/gcc/arm-none-eabi/13.2.1/../../../arm-none-eabi/lib/thumb/v7e-m+fp/hard/libc_nano.a(libc_a-lseekr.o)
 .comment       0x00000026       0x27 /usr/lib/gcc/arm-none-eabi/13.2.1/../../../arm-none-eabi/lib/thumb/v7e-m+fp/hard/libc_nano.a(libc_a-writer.o)

.ARM.attributes
                0x00000000       0x32
 .ARM.attributes
                0x00000000       0x34 main.o
 .ARM.attributes
                0x00000034       0x34 startup.o
 .ARM.attributes
                0x00000068       0x34 systemcall.o
 .ARM.attributes
                0x0000009c       0x1f startup_cm7.o
 .ARM.attributes
                0x000000bb       0x34 FreeRTOS/FreeRTOS/Source/list.o
 .ARM.attributes
                0x000000ef       0x34 FreeRTOS/FreeRTOS/Source/tasks.o
 .ARM.attributes
                0x00000123       0x34 FreeRTOS/FreeRTOS/Source/queue.o
 .ARM.attributes
                0x00000157       0x34 FreeRTOS/FreeRTOS/Source/timers.o
 .ARM.attributes
                0x0000018b       0x34 FreeRTOS/FreeRTOS/Source/portable/MemMang/heap_4.o
 .ARM.attributes
                0x000001bf       0x34 FreeRTOS/FreeRTOS/Source/portable/GCC/ARM_CM7/r0p1/port.o
 .ARM.attributes
                0x000001f3       0x34 /usr/lib/gcc/arm-none-eabi/13.2.1/../../../arm-none-eabi/lib/thumb/v7e-m+fp/hard/libc_nano.a(libc_a-puts.o)
 .ARM.attributes
                0x00000227       0x34 /usr/lib/gcc/arm-none-eabi/13.2.1/../../../arm-none-eabi/lib/thumb/v7e-m+fp/hard/libc_nano.a(libc_a-findfp.o)
 .ARM.attributes
                0x0000025b       0x34 /usr/lib/gcc/arm-none-eabi/13.2.1/../../../arm-none-eabi/lib/thumb/v7e-m+fp/hard/libc_nano.a(libc_a-memset.o)
 .ARM.attributes
                0x0000028f       0x34 /usr/lib/gcc/arm-none-eabi/13.2.1/../../../arm-none-eabi/lib/thumb/v7e-m+fp/hard/libc_nano.a(libc_a-fflush.o)
 .ARM.attributes
                0x000002c3       0x34 /usr/lib/gcc/arm-none-eabi/13.2.1/../../../arm-none-eabi/lib/thumb/v7e-m+fp/hard/libc_nano.a(libc_a-mallocr.o)
 .ARM.attributes
                0x000002f7       0x34 /usr/lib/gcc/arm-none-eabi/13.2.1/../../../arm-none-eabi/lib/thumb/v7e-m+fp/hard/libc_nano.a(libc_a-freer.o)
 .ARM.attributes
                0x0000032b       0x34 /usr/lib/gcc/arm-none-eabi/13.2.1/../../../arm-none-eabi/lib/thumb/v7e-m+fp/hard/libc_nano.a(libc_a-fwalk.o)
 .ARM.attributes
                0x0000035f       0x34 /usr/lib/gcc/arm-none-eabi/13.2.1/../../../arm-none-eabi/lib/thumb/v7e-m+fp/hard/libc_nano.a(libc_a-wsetup.o)
 .ARM.attributes
                0x00000393       0x20 /usr/lib/gcc/arm-none-eabi/13.2.1/../../../arm-none-eabi/lib/thumb/v7e-m+fp/hard/libc_nano.a(libc_a-memcpy.o)
 .ARM.attributes
                0x000003b3       0x34 /usr/lib/gcc/arm-none-eabi/13.2.1/../../../arm-none-eabi/lib/thumb/v7e-m+fp/hard/libc_nano.a(libc_a-mlock.o)
 .ARM.attributes
                0x000003e7       0x34 /usr/lib/gcc/arm-none-eabi/13.2.1/../../../arm-none-eabi/lib/thumb/v7e-m+fp/hard/libc_nano.a(libc_a-makebuf.o)
 .ARM.attributes
                0x0000041b       0x34 /usr/lib/gcc/arm-none-eabi/13.2.1/../../../arm-none-eabi/lib/thumb/v7e-m+fp/hard/libc_nano.a(libc_a-isattyr.o)
 .ARM.attributes
                0x0000044f       0x34 /usr/lib/gcc/arm-none-eabi/13.2.1/../../../arm-none-eabi/lib/thumb/v7e-m+fp/hard/libc_nano.a(libc_a-wbuf.o)
 .ARM.attributes
                0x00000483       0x34 /usr/lib/gcc/arm-none-eabi/13.2.1/../../../arm-none-eabi/lib/thumb/v7e-m+fp/hard/libc_nano.a(libc_a-sbrkr.o)
 .ARM.attributes
                0x000004b7       0x34 /usr/lib/gcc/arm-none-eabi/13.2.1/../../../arm-none-eabi/lib/thumb/v7e-m+fp/hard/libc_nano.a(libc_a-stdio.o)
 .ARM.attributes
                0x000004eb       0x34 /usr/lib/gcc/arm-none-eabi/13.2.1/../../../arm-none-eabi/lib/thumb/v7e-m+fp/hard/libc_nano.a(libc_a-impure.o)
 .ARM.attributes
                0x0000051f       0x34 /usr/lib/gcc/arm-none-eabi/13.2.1/../../../arm-none-eabi/lib/thumb/v7e-m+fp/hard/libc_nano.a(libc_a-closer.o)
 .ARM.attributes
                0x00000553       0x34 /usr/lib/gcc/arm-none-eabi/13.2.1/../../../arm-none-eabi/lib/thumb/v7e-m+fp/hard/libc_nano.a(libc_a-readr.o)
 .ARM.attributes
                0x00000587       0x34 /usr/lib/gcc/arm-none-eabi/13.2.1/../../../arm-none-eabi/lib/thumb/v7e-m+fp/hard/libc_nano.a(libc_a-reent.o)
 .ARM.attributes
                0x000005bb       0x34 /usr/lib/gcc/arm-none-eabi/13.2.1/../../../arm-none-eabi/lib/thumb/v7e-m+fp/hard/libc_nano.a(libc_a-fstatr.o)
 .ARM.attributes
                0x000005ef       0x34 /usr/lib/gcc/arm-none-eabi/13.2.1/../../../arm-none-eabi/lib/thumb/v7e-m+fp/hard/libc_nano.a(libc_a-lseekr.o)
 .ARM.attributes
                0x00000623       0x34 /usr/lib/gcc/arm-none-eabi/13.2.1/../../../arm-none-eabi/lib/thumb/v7e-m+fp/hard/libc_nano.a(libc_a-writer.o)

.debug_info     0x00000000     0xb0fd
 .debug_info    0x00000000      0x8f8 /usr/lib/gcc/arm-none-eabi/13.2.1/../../../arm-none-eabi/lib/thumb/v7e-m+fp/hard/libc_nano.a(libc_a-puts.o)
 .debug_info    0x000008f8      0xe8c /usr/lib/gcc/arm-none-eabi/13.2.1/../../../arm-none-eabi/lib/thumb/v7e-m+fp/hard/libc_nano.a(libc_a-findfp.o)
 .debug_info    0x00001784      0x135 /usr/lib/gcc/arm-none-eabi/13.2.1/../../../arm-none-eabi/lib/thumb/v7e-m+fp/hard/libc_nano.a(libc_a-memset.o)
 .debug_info    0x000018b9      0xa33 /usr/lib/gcc/arm-none-eabi/13.2.1/../../../arm-none-eabi/lib/thumb/v7e-m+fp/hard/libc_nano.a(libc_a-fflush.o)
 .debug_info    0x000022ec      0x9b6 /usr/lib/gcc/arm-none-eabi/13.2.1/../../../arm-none-eabi/lib/thumb/v7e-m+fp/hard/libc_nano.a(libc_a-mallocr.o)
 .debug_info    0x00002ca2      0x87f /usr/lib/gcc/arm-none-eabi/13.2.1/../../../arm-none-eabi/lib/thumb/v7e-m+fp/hard/libc_nano.a(libc_a-freer.o)
 .debug_info    0x00003521      0x7c8 /usr/lib/gcc/arm-none-eabi/13.2.1/../../../arm-none-eabi/lib/thumb/v7e-m+fp/hard/libc_nano.a(libc_a-fwalk.o)
 .debug_info    0x00003ce9      0x7b1 /usr/lib/gcc/arm-none-eabi/13.2.1/../../../arm-none-eabi/lib/thumb/v7e-m+fp/hard/libc_nano.a(libc_a-wsetup.o)
 .debug_info    0x0000449a       0x33 /usr/lib/gcc/arm-none-eabi/13.2.1/../../../arm-none-eabi/lib/thumb/v7e-m+fp/hard/libc_nano.a(libc_a-memcpy.o)
 .debug_info    0x000044cd      0x71c /usr/lib/gcc/arm-none-eabi/13.2.1/../../../arm-none-eabi/lib/thumb/v7e-m+fp/hard/libc_nano.a(libc_a-mlock.o)
 .debug_info    0x00004be9      0xbe6 /usr/lib/gcc/arm-none-eabi/13.2.1/../../../arm-none-eabi/lib/thumb/v7e-m+fp/hard/libc_nano.a(libc_a-makebuf.o)
 .debug_info    0x000057cf      0x752 /usr/lib/gcc/arm-none-eabi/13.2.1/../../../arm-none-eabi/lib/thumb/v7e-m+fp/hard/libc_nano.a(libc_a-isattyr.o)
 .debug_info    0x00005f21      0x863 /usr/lib/gcc/arm-none-eabi/13.2.1/../../../arm-none-eabi/lib/thumb/v7e-m+fp/hard/libc_nano.a(libc_a-wbuf.o)
 .debug_info    0x00006784      0x778 /usr/lib/gcc/arm-none-eabi/13.2.1/../../../arm-none-eabi/lib/thumb/v7e-m+fp/hard/libc_nano.a(libc_a-sbrkr.o)
 .debug_info    0x00006efc      0xa80 /usr/lib/gcc/arm-none-eabi/13.2.1/../../../arm-none-eabi/lib/thumb/v7e-m+fp/hard/libc_nano.a(libc_a-stdio.o)
 .debug_info    0x0000797c      0x70b /usr/lib/gcc/arm-none-eabi/13.2.1/../../../arm-none-eabi/lib/thumb/v7e-m+fp/hard/libc_nano.a(libc_a-impure.o)
 .debug_info    0x00008087      0x752 /usr/lib/gcc/arm-none-eabi/13.2.1/../../../arm-none-eabi/lib/thumb/v7e-m+fp/hard/libc_nano.a(libc_a-closer.o)
 .debug_info    0x000087d9      0x7b5 /usr/lib/gcc/arm-none-eabi/13.2.1/../../../arm-none-eabi/lib/thumb/v7e-m+fp/hard/libc_nano.a(libc_a-readr.o)
 .debug_info    0x00008f8e      0x89f /usr/lib/gcc/arm-none-eabi/13.2.1/../../../arm-none-eabi/lib/thumb/v7e-m+fp/hard/libc_nano.a(libc_a-reent.o)
 .debug_info    0x0000982d      0x977 /usr/lib/gcc/arm-none-eabi/13.2.1/../../../arm-none-eabi/lib/thumb/v7e-m+fp/hard/libc_nano.a(libc_a-fstatr.o)
 .debug_info    0x0000a1a4      0x79e /usr/lib/gcc/arm-none-eabi/13.2.1/../../../arm-none-eabi/lib/thumb/v7e-m+fp/hard/libc_nano.a(libc_a-lseekr.o)
 .debug_info    0x0000a942      0x7bb /usr/lib/gcc/arm-none-eabi/13.2.1/../../../arm-none-eabi/lib/thumb/v7e-m+fp/hard/libc_nano.a(libc_a-writer.o)

.debug_abbrev   0x00000000     0x2a5d
 .debug_abbrev  0x00000000      0x29c /usr/lib/gcc/arm-none-eabi/13.2.1/../../../arm-none-eabi/lib/thumb/v7e-m+fp/hard/libc_nano.a(libc_a-puts.o)
 .debug_abbrev  0x0000029c      0x408 /usr/lib/gcc/arm-none-eabi/13.2.1/../../../arm-none-eabi/lib/thumb/v7e-m+fp/hard/libc_nano.a(libc_a-findfp.o)
 .debug_abbrev  0x000006a4       0xb7 /usr/lib/gcc/arm-none-eabi/13.2.1/../../../arm-none-eabi/lib/thumb/v7e-m+fp/hard/libc_nano.a(libc_a-memset.o)
 .debug_abbrev  0x0000075b      0x2e4 /usr/lib/gcc/arm-none-eabi/13.2.1/../../../arm-none-eabi/lib/thumb/v7e-m+fp/hard/libc_nano.a(libc_a-fflush.o)
 .debug_abbrev  0x00000a3f      0x24a /usr/lib/gcc/arm-none-eabi/13.2.1/../../../arm-none-eabi/lib/thumb/v7e-m+fp/hard/libc_nano.a(libc_a-mallocr.o)
 .debug_abbrev  0x00000c89      0x249 /usr/lib/gcc/arm-none-eabi/13.2.1/../../../arm-none-eabi/lib/thumb/v7e-m+fp/hard/libc_nano.a(libc_a-freer.o)
 .debug_abbrev  0x00000ed2      0x19b /usr/lib/gcc/arm-none-eabi/13.2.1/../../../arm-none-eabi/lib/thumb/v7e-m+fp/hard/libc_nano.a(libc_a-fwalk.o)
 .debug_abbrev  0x0000106d      0x1e2 /usr/lib/gcc/arm-none-eabi/13.2.1/../../../arm-none-eabi/lib/thumb/v7e-m+fp/hard/libc_nano.a(libc_a-wsetup.o)
 .debug_abbrev  0x0000124f       0x28 /usr/lib/gcc/arm-none-eabi/13.2.1/../../../arm-none-eabi/lib/thumb/v7e-m+fp/hard/libc_nano.a(libc_a-memcpy.o)
 .debug_abbrev  0x00001277      0x192 /usr/lib/gcc/arm-none-eabi/13.2.1/../../../arm-none-eabi/lib/thumb/v7e-m+fp/hard/libc_nano.a(libc_a-mlock.o)
 .debug_abbrev  0x00001409      0x29d /usr/lib/gcc/arm-none-eabi/13.2.1/../../../arm-none-eabi/lib/thumb/v7e-m+fp/hard/libc_nano.a(libc_a-makebuf.o)
 .debug_abbrev  0x000016a6      0x1b0 /usr/lib/gcc/arm-none-eabi/13.2.1/../../../arm-none-eabi/lib/thumb/v7e-m+fp/hard/libc_nano.a(libc_a-isattyr.o)
 .debug_abbrev  0x00001856      0x236 /usr/lib/gcc/arm-none-eabi/13.2.1/../../../arm-none-eabi/lib/thumb/v7e-m+fp/hard/libc_nano.a(libc_a-wbuf.o)
 .debug_abbrev  0x00001a8c      0x1da /usr/lib/gcc/arm-none-eabi/13.2.1/../../../arm-none-eabi/lib/thumb/v7e-m+fp/hard/libc_nano.a(libc_a-sbrkr.o)
 .debug_abbrev  0x00001c66      0x224 /usr/lib/gcc/arm-none-eabi/13.2.1/../../../arm-none-eabi/lib/thumb/v7e-m+fp/hard/libc_nano.a(libc_a-stdio.o)
 .debug_abbrev  0x00001e8a      0x149 /usr/lib/gcc/arm-none-eabi/13.2.1/../../../arm-none-eabi/lib/thumb/v7e-m+fp/hard/libc_nano.a(libc_a-impure.o)
 .debug_abbrev  0x00001fd3      0x1b0 /usr/lib/gcc/arm-none-eabi/13.2.1/../../../arm-none-eabi/lib/thumb/v7e-m+fp/hard/libc_nano.a(libc_a-closer.o)
 .debug_abbrev  0x00002183      0x1b0 /usr/lib/gcc/arm-none-eabi/13.2.1/../../../arm-none-eabi/lib/thumb/v7e-m+fp/hard/libc_nano.a(libc_a-readr.o)
 .debug_abbrev  0x00002333      0x1ee /usr/lib/gcc/arm-none-eabi/13.2.1/../../../arm-none-eabi/lib/thumb/v7e-m+fp/hard/libc_nano.a(libc_a-reent.o)
 .debug_abbrev  0x00002521      0x1c3 /usr/lib/gcc/arm-none-eabi/13.2.1/../../../arm-none-eabi/lib/thumb/v7e-m+fp/hard/libc_nano.a(libc_a-fstatr.o)
 .debug_abbrev  0x000026e4      0x1c4 /usr/lib/gcc/arm-none-eabi/13.2.1/../../../arm-none-eabi/lib/thumb/v7e-m+fp/hard/libc_nano.a(libc_a-lseekr.o)
 .debug_abbrev  0x000028a8      0x1b5 /usr/lib/gcc/arm-none-eabi/13.2.1/../../../arm-none-eabi/lib/thumb/v7e-m+fp/hard/libc_nano.a(libc_a-writer.o)

.debug_loclists
                0x00000000     0x15c9
 .debug_loclists
                0x00000000      0x1f6 /usr/lib/gcc/arm-none-eabi/13.2.1/../../../arm-none-eabi/lib/thumb/v7e-m+fp/hard/libc_nano.a(libc_a-puts.o)
 .debug_loclists
                0x000001f6      0x1d0 /usr/lib/gcc/arm-none-eabi/13.2.1/../../../arm-none-eabi/lib/thumb/v7e-m+fp/hard/libc_nano.a(libc_a-findfp.o)
 .debug_loclists
                0x000003c6      0x1c2 /usr/lib/gcc/arm-none-eabi/13.2.1/../../../arm-none-eabi/lib/thumb/v7e-m+fp/hard/libc_nano.a(libc_a-memset.o)
 .debug_loclists
                0x00000588      0x2f3 /usr/lib/gcc/arm-none-eabi/13.2.1/../../../arm-none-eabi/lib/thumb/v7e-m+fp/hard/libc_nano.a(libc_a-fflush.o)
 .debug_loclists
                0x0000087b      0x263 /usr/lib/gcc/arm-none-eabi/13.2.1/../../../arm-none-eabi/lib/thumb/v7e-m+fp/hard/libc_nano.a(libc_a-mallocr.o)
 .debug_loclists
                0x00000ade      0x164 /usr/lib/gcc/arm-none-eabi/13.2.1/../../../arm-none-eabi/lib/thumb/v7e-m+fp/hard/libc_nano.a(libc_a-freer.o)
 .debug_loclists
                0x00000c42       0x87 /usr/lib/gcc/arm-none-eabi/13.2.1/../../../arm-none-eabi/lib/thumb/v7e-m+fp/hard/libc_nano.a(libc_a-fwalk.o)
 .debug_loclists
                0x00000cc9       0x61 /usr/lib/gcc/arm-none-eabi/13.2.1/../../../arm-none-eabi/lib/thumb/v7e-m+fp/hard/libc_nano.a(libc_a-wsetup.o)
 .debug_loclists
                0x00000d2a      0x1b4 /usr/lib/gcc/arm-none-eabi/13.2.1/../../../arm-none-eabi/lib/thumb/v7e-m+fp/hard/libc_nano.a(libc_a-makebuf.o)
 .debug_loclists
                0x00000ede       0x4b /usr/lib/gcc/arm-none-eabi/13.2.1/../../../arm-none-eabi/lib/thumb/v7e-m+fp/hard/libc_nano.a(libc_a-isattyr.o)
 .debug_loclists
                0x00000f29      0x104 /usr/lib/gcc/arm-none-eabi/13.2.1/../../../arm-none-eabi/lib/thumb/v7e-m+fp/hard/libc_nano.a(libc_a-wbuf.o)
 .debug_loclists
                0x0000102d       0x4b /usr/lib/gcc/arm-none-eabi/13.2.1/../../../arm-none-eabi/lib/thumb/v7e-m+fp/hard/libc_nano.a(libc_a-sbrkr.o)
 .debug_loclists
                0x00001078      0x23b /usr/lib/gcc/arm-none-eabi/13.2.1/../../../arm-none-eabi/lib/thumb/v7e-m+fp/hard/libc_nano.a(libc_a-stdio.o)
 .debug_loclists
                0x000012b3       0x4b /usr/lib/gcc/arm-none-eabi/13.2.1/../../../arm-none-eabi/lib/thumb/v7e-m+fp/hard/libc_nano.a(libc_a-closer.o)
 .debug_loclists
                0x000012fe       0x9e /usr/lib/gcc/arm-none-eabi/13.2.1/../../../arm-none-eabi/lib/thumb/v7e-m+fp/hard/libc_nano.a(libc_a-readr.o)
 .debug_loclists
                0x0000139c       0x80 /usr/lib/gcc/arm-none-eabi/13.2.1/../../../arm-none-eabi/lib/thumb/v7e-m+fp/hard/libc_nano.a(libc_a-reent.o)
 .debug_loclists
                0x0000141c       0x71 /usr/lib/gcc/arm-none-eabi/13.2.1/../../../arm-none-eabi/lib/thumb/v7e-m+fp/hard/libc_nano.a(libc_a-fstatr.o)
 .debug_loclists
                0x0000148d       0x9e /usr/lib/gcc/arm-none-eabi/13.2.1/../../../arm-none-eabi/lib/thumb/v7e-m+fp/hard/libc_nano.a(libc_a-lseekr.o)
 .debug_loclists
                0x0000152b       0x9e /usr/lib/gcc/arm-none-eabi/13.2.1/../../../arm-none-eabi/lib/thumb/v7e-m+fp/hard/libc_nano.a(libc_a-writer.o)

.debug_aranges  0x00000000      0x2b8
 .debug_aranges
                0x00000000       0x20 /usr/lib/gcc/arm-none-eabi/13.2.1/../../../arm-none-eabi/lib/thumb/v7e-m+fp/hard/libc_nano.a(libc_a-puts.o)
 .debug_aranges
                0x00000020       0x20 /usr/lib/gcc/arm-none-eabi/13.2.1/../../../arm-none-eabi/lib/thumb/v7e-m+fp/hard/libc_nano.a(libc_a-findfp.o)
 .debug_aranges
                0x00000040       0x20 /usr/lib/gcc/arm-none-eabi/13.2.1/../../../arm-none-eabi/lib/thumb/v7e-m+fp/hard/libc_nano.a(libc_a-memset.o)
 .debug_aranges
                0x00000060       0x20 /usr/lib/gcc/arm-none-eabi/13.2.1/../../../arm-none-eabi/lib/thumb/v7e-m+fp/hard/libc_nano.a(libc_a-fflush.o)
 .debug_aranges
                0x00000080       0x20 /usr/lib/gcc/arm-none-eabi/13.2.1/../../../arm-none-eabi/lib/thumb/v7e-m+fp/hard/libc_nano.a(libc_a-mallocr.o)
 .debug_aranges
                0x000000a0       0x20 /usr/lib/gcc/arm-none-eabi/13.2.1/../../../arm-none-eabi/lib/thumb/v7e-m+fp/hard/libc_nano.a(libc_a-freer.o)
 .debug_aranges
                0x000000c0       0x20 /usr/lib/gcc/arm-none-eabi/13.2.1/../../../arm-none-eabi/lib/thumb/v7e-m+fp/hard/libc_nano.a(libc_a-fwalk.o)
 .debug_aranges
                0x000000e0       0x20 /usr/lib/gcc/arm-none-eabi/13.2.1/../../../arm-none-eabi/lib/thumb/v7e-m+fp/hard/libc_nano.a(libc_a-wsetup.o)
 .debug_aranges
                0x00000100       0x20 /usr/lib/gcc/arm-none-eabi/13.2.1/../../../arm-none-eabi/lib/thumb/v7e-m+fp/hard/libc_nano.a(libc_a-memcpy.o)
 .debug_aranges
                0x00000120       0x20 /usr/lib/gcc/arm-none-eabi/13.2.1/../../../arm-none-eabi/lib/thumb/v7e-m+fp/hard/libc_nano.a(libc_a-mlock.o)
 .debug_aranges
                0x00000140       0x20 /usr/lib/gcc/arm-none-eabi/13.2.1/../../../arm-none-eabi/lib/thumb/v7e-m+fp/hard/libc_nano.a(libc_a-makebuf.o)
 .debug_aranges
                0x00000160       0x20 /usr/lib/gcc/arm-none-eabi/13.2.1/../../../arm-none-eabi/lib/thumb/v7e-m+fp/hard/libc_nano.a(libc_a-isattyr.o)
 .debug_aranges
                0x00000180       0x20 /usr/lib/gcc/arm-none-eabi/13.2.1/../../../arm-none-eabi/lib/thumb/v7e-m+fp/hard/libc_nano.a(libc_a-wbuf.o)
 .debug_aranges
                0x000001a0       0x20 /usr/lib/gcc/arm-none-eabi/13.2.1/../../../arm-none-eabi/lib/thumb/v7e-m+fp/hard/libc_nano.a(libc_a-sbrkr.o)
 .debug_aranges
                0x000001c0       0x20 /usr/lib/gcc/arm-none-eabi/13.2.1/../../../arm-none-eabi/lib/thumb/v7e-m+fp/hard/libc_nano.a(libc_a-stdio.o)
 .debug_aranges
                0x000001e0       0x18 /usr/lib/gcc/arm-none-eabi/13.2.1/../../../arm-none-eabi/lib/thumb/v7e-m+fp/hard/libc_nano.a(libc_a-impure.o)
 .debug_aranges
                0x000001f8       0x20 /usr/lib/gcc/arm-none-eabi/13.2.1/../../../arm-none-eabi/lib/thumb/v7e-m+fp/hard/libc_nano.a(libc_a-closer.o)
 .debug_aranges
                0x00000218       0x20 /usr/lib/gcc/arm-none-eabi/13.2.1/../../../arm-none-eabi/lib/thumb/v7e-m+fp/hard/libc_nano.a(libc_a-readr.o)
 .debug_aranges
                0x00000238       0x20 /usr/lib/gcc/arm-none-eabi/13.2.1/../../../arm-none-eabi/lib/thumb/v7e-m+fp/hard/libc_nano.a(libc_a-reent.o)
 .debug_aranges
                0x00000258       0x20 /usr/lib/gcc/arm-none-eabi/13.2.1/../../../arm-none-eabi/lib/thumb/v7e-m+fp/hard/libc_nano.a(libc_a-fstatr.o)
 .debug_aranges
                0x00000278       0x20 /usr/lib/gcc/arm-none-eabi/13.2.1/../../../arm-none-eabi/lib/thumb/v7e-m+fp/hard/libc_nano.a(libc_a-lseekr.o)
 .debug_aranges
                0x00000298       0x20 /usr/lib/gcc/arm-none-eabi/13.2.1/../../../arm-none-eabi/lib/thumb/v7e-m+fp/hard/libc_nano.a(libc_a-writer.o)

.debug_rnglists
                0x00000000      0x181
 .debug_rnglists
                0x00000000       0x30 /usr/lib/gcc/arm-none-eabi/13.2.1/../../../arm-none-eabi/lib/thumb/v7e-m+fp/hard/libc_nano.a(libc_a-puts.o)
 .debug_rnglists
                0x00000030       0x77 /usr/lib/gcc/arm-none-eabi/13.2.1/../../../arm-none-eabi/lib/thumb/v7e-m+fp/hard/libc_nano.a(libc_a-findfp.o)
 .debug_rnglists
                0x000000a7       0x59 /usr/lib/gcc/arm-none-eabi/13.2.1/../../../arm-none-eabi/lib/thumb/v7e-m+fp/hard/libc_nano.a(libc_a-fflush.o)
 .debug_rnglists
                0x00000100       0x1e /usr/lib/gcc/arm-none-eabi/13.2.1/../../../arm-none-eabi/lib/thumb/v7e-m+fp/hard/libc_nano.a(libc_a-mallocr.o)
 .debug_rnglists
                0x0000011e       0x13 /usr/lib/gcc/arm-none-eabi/13.2.1/../../../arm-none-eabi/lib/thumb/v7e-m+fp/hard/libc_nano.a(libc_a-freer.o)
 .debug_rnglists
                0x00000131       0x1b /usr/lib/gcc/arm-none-eabi/13.2.1/../../../arm-none-eabi/lib/thumb/v7e-m+fp/hard/libc_nano.a(libc_a-wsetup.o)
 .debug_rnglists
                0x0000014c       0x1d /usr/lib/gcc/arm-none-eabi/13.2.1/../../../arm-none-eabi/lib/thumb/v7e-m+fp/hard/libc_nano.a(libc_a-makebuf.o)
 .debug_rnglists
                0x00000169       0x18 /usr/lib/gcc/arm-none-eabi/13.2.1/../../../arm-none-eabi/lib/thumb/v7e-m+fp/hard/libc_nano.a(libc_a-wbuf.o)

.debug_line     0x00000000     0x3287
 .debug_line    0x00000000      0x2cf /usr/lib/gcc/arm-none-eabi/13.2.1/../../../arm-none-eabi/lib/thumb/v7e-m+fp/hard/libc_nano.a(libc_a-puts.o)
 .debug_line    0x000002cf      0x4fc /usr/lib/gcc/arm-none-eabi/13.2.1/../../../arm-none-eabi/lib/thumb/v7e-m+fp/hard/libc_nano.a(libc_a-findfp.o)
 .debug_line    0x000007cb      0x1b6 /usr/lib/gcc/arm-none-eabi/13.2.1/../../../arm-none-eabi/lib/thumb/v7e-m+fp/hard/libc_nano.a(libc_a-memset.o)
 .debug_line    0x00000981      0x446 /usr/lib/gcc/arm-none-eabi/13.2.1/../../../arm-none-eabi/lib/thumb/v7e-m+fp/hard/libc_nano.a(libc_a-fflush.o)
 .debug_line    0x00000dc7      0x446 /usr/lib/gcc/arm-none-eabi/13.2.1/../../../arm-none-eabi/lib/thumb/v7e-m+fp/hard/libc_nano.a(libc_a-mallocr.o)
 .debug_line    0x0000120d      0x2c3 /usr/lib/gcc/arm-none-eabi/13.2.1/../../../arm-none-eabi/lib/thumb/v7e-m+fp/hard/libc_nano.a(libc_a-freer.o)
 .debug_line    0x000014d0      0x1d1 /usr/lib/gcc/arm-none-eabi/13.2.1/../../../arm-none-eabi/lib/thumb/v7e-m+fp/hard/libc_nano.a(libc_a-fwalk.o)
 .debug_line    0x000016a1      0x2b0 /usr/lib/gcc/arm-none-eabi/13.2.1/../../../arm-none-eabi/lib/thumb/v7e-m+fp/hard/libc_nano.a(libc_a-wsetup.o)
 .debug_line    0x00001951       0xb9 /usr/lib/gcc/arm-none-eabi/13.2.1/../../../arm-none-eabi/lib/thumb/v7e-m+fp/hard/libc_nano.a(libc_a-memcpy.o)
 .debug_line    0x00001a0a      0x153 /usr/lib/gcc/arm-none-eabi/13.2.1/../../../arm-none-eabi/lib/thumb/v7e-m+fp/hard/libc_nano.a(libc_a-mlock.o)
 .debug_line    0x00001b5d      0x3a7 /usr/lib/gcc/arm-none-eabi/13.2.1/../../../arm-none-eabi/lib/thumb/v7e-m+fp/hard/libc_nano.a(libc_a-makebuf.o)
 .debug_line    0x00001f04      0x194 /usr/lib/gcc/arm-none-eabi/13.2.1/../../../arm-none-eabi/lib/thumb/v7e-m+fp/hard/libc_nano.a(libc_a-isattyr.o)
 .debug_line    0x00002098      0x256 /usr/lib/gcc/arm-none-eabi/13.2.1/../../../arm-none-eabi/lib/thumb/v7e-m+fp/hard/libc_nano.a(libc_a-wbuf.o)
 .debug_line    0x000022ee      0x193 /usr/lib/gcc/arm-none-eabi/13.2.1/../../../arm-none-eabi/lib/thumb/v7e-m+fp/hard/libc_nano.a(libc_a-sbrkr.o)
 .debug_line    0x00002481      0x22b /usr/lib/gcc/arm-none-eabi/13.2.1/../../../arm-none-eabi/lib/thumb/v7e-m+fp/hard/libc_nano.a(libc_a-stdio.o)
 .debug_line    0x000026ac       0xe7 /usr/lib/gcc/arm-none-eabi/13.2.1/../../../arm-none-eabi/lib/thumb/v7e-m+fp/hard/libc_nano.a(libc_a-impure.o)
 .debug_line    0x00002793      0x193 /usr/lib/gcc/arm-none-eabi/13.2.1/../../../arm-none-eabi/lib/thumb/v7e-m+fp/hard/libc_nano.a(libc_a-closer.o)
 .debug_line    0x00002926      0x198 /usr/lib/gcc/arm-none-eabi/13.2.1/../../../arm-none-eabi/lib/thumb/v7e-m+fp/hard/libc_nano.a(libc_a-readr.o)
 .debug_line    0x00002abe      0x27b /usr/lib/gcc/arm-none-eabi/13.2.1/../../../arm-none-eabi/lib/thumb/v7e-m+fp/hard/libc_nano.a(libc_a-reent.o)
 .debug_line    0x00002d39      0x21c /usr/lib/gcc/arm-none-eabi/13.2.1/../../../arm-none-eabi/lib/thumb/v7e-m+fp/hard/libc_nano.a(libc_a-fstatr.o)
 .debug_line    0x00002f55      0x199 /usr/lib/gcc/arm-none-eabi/13.2.1/../../../arm-none-eabi/lib/thumb/v7e-m+fp/hard/libc_nano.a(libc_a-lseekr.o)
 .debug_line    0x000030ee      0x199 /usr/lib/gcc/arm-none-eabi/13.2.1/../../../arm-none-eabi/lib/thumb/v7e-m+fp/hard/libc_nano.a(libc_a-writer.o)

.debug_str      0x00000000      0xd31
 .debug_str     0x00000000      0xd31 /usr/lib/gcc/arm-none-eabi/13.2.1/../../../arm-none-eabi/lib/thumb/v7e-m+fp/hard/libc_nano.a(libc_a-puts.o)
                                0x503 (size before relaxing)
 .debug_str     0x00000d31      0x6bf /usr/lib/gcc/arm-none-eabi/13.2.1/../../../arm-none-eabi/lib/thumb/v7e-m+fp/hard/libc_nano.a(libc_a-findfp.o)
 .debug_str     0x00000d31      0x1ad /usr/lib/gcc/arm-none-eabi/13.2.1/../../../arm-none-eabi/lib/thumb/v7e-m+fp/hard/libc_nano.a(libc_a-memset.o)
 .debug_str     0x00000d31      0x543 /usr/lib/gcc/arm-none-eabi/13.2.1/../../../arm-none-eabi/lib/thumb/v7e-m+fp/hard/libc_nano.a(libc_a-fflush.o)
 .debug_str     0x00000d31      0x59d /usr/lib/gcc/arm-none-eabi/13.2.1/../../../arm-none-eabi/lib/thumb/v7e-m+fp/hard/libc_nano.a(libc_a-mallocr.o)
 .debug_str     0x00000d31      0x53c /usr/lib/gcc/arm-none-eabi/13.2.1/../../../arm-none-eabi/lib/thumb/v7e-m+fp/hard/libc_nano.a(libc_a-freer.o)
 .debug_str     0x00000d31      0x4cc /usr/lib/gcc/arm-none-eabi/13.2.1/../../../arm-none-eabi/lib/thumb/v7e-m+fp/hard/libc_nano.a(libc_a-fwalk.o)
 .debug_str     0x00000d31      0x4ed /usr/lib/gcc/arm-none-eabi/13.2.1/../../../arm-none-eabi/lib/thumb/v7e-m+fp/hard/libc_nano.a(libc_a-wsetup.o)
 .debug_str     0x00000d31       0xac /usr/lib/gcc/arm-none-eabi/13.2.1/../../../arm-none-eabi/lib/thumb/v7e-m+fp/hard/libc_nano.a(libc_a-memcpy.o)
 .debug_str     0x00000d31      0x4da /usr/lib/gcc/arm-none-eabi/13.2.1/../../../arm-none-eabi/lib/thumb/v7e-m+fp/hard/libc_nano.a(libc_a-mlock.o)
 .debug_str     0x00000d31      0x64f /usr/lib/gcc/arm-none-eabi/13.2.1/../../../arm-none-eabi/lib/thumb/v7e-m+fp/hard/libc_nano.a(libc_a-makebuf.o)
 .debug_str     0x00000d31      0x4bc /usr/lib/gcc/arm-none-eabi/13.2.1/../../../arm-none-eabi/lib/thumb/v7e-m+fp/hard/libc_nano.a(libc_a-isattyr.o)
 .debug_str     0x00000d31      0x4f2 /usr/lib/gcc/arm-none-eabi/13.2.1/../../../arm-none-eabi/lib/thumb/v7e-m+fp/hard/libc_nano.a(libc_a-wbuf.o)
 .debug_str     0x00000d31      0x4c5 /usr/lib/gcc/arm-none-eabi/13.2.1/../../../arm-none-eabi/lib/thumb/v7e-m+fp/hard/libc_nano.a(libc_a-sbrkr.o)
 .debug_str     0x00000d31      0x529 /usr/lib/gcc/arm-none-eabi/13.2.1/../../../arm-none-eabi/lib/thumb/v7e-m+fp/hard/libc_nano.a(libc_a-stdio.o)
 .debug_str     0x00000d31      0x4bc /usr/lib/gcc/arm-none-eabi/13.2.1/../../../arm-none-eabi/lib/thumb/v7e-m+fp/hard/libc_nano.a(libc_a-impure.o)
 .debug_str     0x00000d31      0x4b2 /usr/lib/gcc/arm-none-eabi/13.2.1/../../../arm-none-eabi/lib/thumb/v7e-m+fp/hard/libc_nano.a(libc_a-closer.o)
 .debug_str     0x00000d31      0x4c0 /usr/lib/gcc/arm-none-eabi/13.2.1/../../../arm-none-eabi/lib/thumb/v7e-m+fp/hard/libc_nano.a(libc_a-readr.o)
 .debug_str     0x00000d31      0x4db /usr/lib/gcc/arm-none-eabi/13.2.1/../../../arm-none-eabi/lib/thumb/v7e-m+fp/hard/libc_nano.a(libc_a-reent.o)
 .debug_str     0x00000d31      0x604 /usr/lib/gcc/arm-none-eabi/13.2.1/../../../arm-none-eabi/lib/thumb/v7e-m+fp/hard/libc_nano.a(libc_a-fstatr.o)
 .debug_str     0x00000d31      0x4c0 /usr/lib/gcc/arm-none-eabi/13.2.1/../../../arm-none-eabi/lib/thumb/v7e-m+fp/hard/libc_nano.a(libc_a-lseekr.o)
 .debug_str     0x00000d31      0x4c2 /usr/lib/gcc/arm-none-eabi/13.2.1/../../../arm-none-eabi/lib/thumb/v7e-m+fp/hard/libc_nano.a(libc_a-writer.o)

.debug_frame    0x00000000      0x5d0
 .debug_frame   0x00000000       0x40 /usr/lib/gcc/arm-none-eabi/13.2.1/../../../arm-none-eabi/lib/thumb/v7e-m+fp/hard/libc_nano.a(libc_a-puts.o)
 .debug_frame   0x00000040       0xf4 /usr/lib/gcc/arm-none-eabi/13.2.1/../../../arm-none-eabi/lib/thumb/v7e-m+fp/hard/libc_nano.a(libc_a-findfp.o)
 .debug_frame   0x00000134       0x2c /usr/lib/gcc/arm-none-eabi/13.2.1/../../../arm-none-eabi/lib/thumb/v7e-m+fp/hard/libc_nano.a(libc_a-memset.o)
 .debug_frame   0x00000160       0x8c /usr/lib/gcc/arm-none-eabi/13.2.1/../../../arm-none-eabi/lib/thumb/v7e-m+fp/hard/libc_nano.a(libc_a-fflush.o)
 .debug_frame   0x000001ec       0x50 /usr/lib/gcc/arm-none-eabi/13.2.1/../../../arm-none-eabi/lib/thumb/v7e-m+fp/hard/libc_nano.a(libc_a-mallocr.o)
 .debug_frame   0x0000023c       0x58 /usr/lib/gcc/arm-none-eabi/13.2.1/../../../arm-none-eabi/lib/thumb/v7e-m+fp/hard/libc_nano.a(libc_a-freer.o)
 .debug_frame   0x00000294       0x34 /usr/lib/gcc/arm-none-eabi/13.2.1/../../../arm-none-eabi/lib/thumb/v7e-m+fp/hard/libc_nano.a(libc_a-fwalk.o)
 .debug_frame   0x000002c8       0x2c /usr/lib/gcc/arm-none-eabi/13.2.1/../../../arm-none-eabi/lib/thumb/v7e-m+fp/hard/libc_nano.a(libc_a-wsetup.o)
 .debug_frame   0x000002f4       0x30 /usr/lib/gcc/arm-none-eabi/13.2.1/../../../arm-none-eabi/lib/thumb/v7e-m+fp/hard/libc_nano.a(libc_a-mlock.o)
 .debug_frame   0x00000324       0x60 /usr/lib/gcc/arm-none-eabi/13.2.1/../../../arm-none-eabi/lib/thumb/v7e-m+fp/hard/libc_nano.a(libc_a-makebuf.o)
 .debug_frame   0x00000384       0x2c /usr/lib/gcc/arm-none-eabi/13.2.1/../../../arm-none-eabi/lib/thumb/v7e-m+fp/hard/libc_nano.a(libc_a-isattyr.o)
 .debug_frame   0x000003b0       0x4c /usr/lib/gcc/arm-none-eabi/13.2.1/../../../arm-none-eabi/lib/thumb/v7e-m+fp/hard/libc_nano.a(libc_a-wbuf.o)
 .debug_frame   0x000003fc       0x2c /usr/lib/gcc/arm-none-eabi/13.2.1/../../../arm-none-eabi/lib/thumb/v7e-m+fp/hard/libc_nano.a(libc_a-sbrkr.o)
 .debug_frame   0x00000428       0x8c /usr/lib/gcc/arm-none-eabi/13.2.1/../../../arm-none-eabi/lib/thumb/v7e-m+fp/hard/libc_nano.a(libc_a-stdio.o)
 .debug_frame   0x000004b4       0x2c /usr/lib/gcc/arm-none-eabi/13.2.1/../../../arm-none-eabi/lib/thumb/v7e-m+fp/hard/libc_nano.a(libc_a-closer.o)
 .debug_frame   0x000004e0       0x2c /usr/lib/gcc/arm-none-eabi/13.2.1/../../../arm-none-eabi/lib/thumb/v7e-m+fp/hard/libc_nano.a(libc_a-readr.o)
 .debug_frame   0x0000050c       0x40 /usr/lib/gcc/arm-none-eabi/13.2.1/../../../arm-none-eabi/lib/thumb/v7e-m+fp/hard/libc_nano.a(libc_a-reent.o)
 .debug_frame   0x0000054c       0x2c /usr/lib/gcc/arm-none-eabi/13.2.1/../../../arm-none-eabi/lib/thumb/v7e-m+fp/hard/libc_nano.a(libc_a-fstatr.o)
 .debug_frame   0x00000578       0x2c /usr/lib/gcc/arm-none-eabi/13.2.1/../../../arm-none-eabi/lib/thumb/v7e-m+fp/hard/libc_nano.a(libc_a-lseekr.o)
 .debug_frame   0x000005a4       0x2c /usr/lib/gcc/arm-none-eabi/13.2.1/../../../arm-none-eabi/lib/thumb/v7e-m+fp/hard/libc_nano.a(libc_a-writer.o)

.debug_line_str
                0x00000000       0x99
 .debug_line_str
                0x00000000       0x99 /usr/lib/gcc/arm-none-eabi/13.2.1/../../../arm-none-eabi/lib/thumb/v7e-m+fp/hard/libc_nano.a(libc_a-memcpy.o)
