Archive member included to satisfy reference by file (symbol)

/usr/lib/gcc/arm-none-eabi/13.2.1/../../../arm-none-eabi/lib/thumb/v7e-m+fp/hard/libc_nano.a(libc_a-strlen.o)
                              ../FreeRTOS/FreeRTOS/Source/tasks.o (strlen)
/usr/lib/gcc/arm-none-eabi/13.2.1/../../../arm-none-eabi/lib/thumb/v7e-m+fp/hard/libc_nano.a(libc_a-memset.o)
                              ../FreeRTOS/FreeRTOS/Source/tasks.o (memset)
/usr/lib/gcc/arm-none-eabi/13.2.1/../../../arm-none-eabi/lib/thumb/v7e-m+fp/hard/libc_nano.a(libc_a-memcpy.o)
                              ../FreeRTOS/FreeRTOS/Source/queue.o (memcpy)

Discarded input sections

 .group         0x00000000        0xc main.o
 .group         0x00000000        0xc main.o
 .group         0x00000000        0xc main.o
 .group         0x00000000        0xc main.o
 .group         0x00000000        0xc main.o
 .group         0x00000000        0xc main.o
 .group         0x00000000        0xc main.o
 .group         0x00000000        0xc main.o
 .group         0x00000000        0xc main.o
 .group         0x00000000        0xc main.o
 .group         0x00000000        0xc main.o
 .group         0x00000000        0xc main.o
 .group         0x00000000        0xc main.o
 .group         0x00000000        0xc main.o
 .text          0x00000000        0x0 main.o
 .data          0x00000000        0x0 main.o
 .bss           0x00000000        0x0 main.o
 .group         0x00000000        0xc startup_ARMCM7.o
 .group         0x00000000        0xc startup_ARMCM7.o
 .text          0x00000000        0x0 startup_ARMCM7.o
 .data          0x00000000        0x0 startup_ARMCM7.o
 .bss           0x00000000        0x0 startup_ARMCM7.o
 .debug_macro   0x00000000      0xad8 startup_ARMCM7.o
 .debug_macro   0x00000000      0x34e startup_ARMCM7.o
 .group         0x00000000        0xc system_ARMCM7.o
 .group         0x00000000        0xc system_ARMCM7.o
 .group         0x00000000        0xc system_ARMCM7.o
 .group         0x00000000        0xc system_ARMCM7.o
 .group         0x00000000        0xc system_ARMCM7.o
 .group         0x00000000        0xc system_ARMCM7.o
 .group         0x00000000        0xc system_ARMCM7.o
 .group         0x00000000        0xc system_ARMCM7.o
 .group         0x00000000        0xc system_ARMCM7.o
 .group         0x00000000        0xc system_ARMCM7.o
 .group         0x00000000        0xc system_ARMCM7.o
 .text          0x00000000        0x0 system_ARMCM7.o
 .data          0x00000000        0x0 system_ARMCM7.o
 .bss           0x00000000        0x0 system_ARMCM7.o
 .text.SystemCoreClockUpdate
                0x00000000       0x1c system_ARMCM7.o
 .debug_macro   0x00000000      0xad8 system_ARMCM7.o
 .debug_macro   0x00000000      0x34e system_ARMCM7.o
 .group         0x00000000        0xc ../FreeRTOS/FreeRTOS/Source/list.o
 .group         0x00000000        0xc ../FreeRTOS/FreeRTOS/Source/list.o
 .group         0x00000000        0xc ../FreeRTOS/FreeRTOS/Source/list.o
 .group         0x00000000        0xc ../FreeRTOS/FreeRTOS/Source/list.o
 .group         0x00000000        0xc ../FreeRTOS/FreeRTOS/Source/list.o
 .group         0x00000000        0xc ../FreeRTOS/FreeRTOS/Source/list.o
 .group         0x00000000        0xc ../FreeRTOS/FreeRTOS/Source/list.o
 .group         0x00000000        0xc ../FreeRTOS/FreeRTOS/Source/list.o
 .group         0x00000000        0xc ../FreeRTOS/FreeRTOS/Source/list.o
 .group         0x00000000        0xc ../FreeRTOS/FreeRTOS/Source/list.o
 .group         0x00000000        0xc ../FreeRTOS/FreeRTOS/Source/list.o
 .group         0x00000000        0xc ../FreeRTOS/FreeRTOS/Source/list.o
 .group         0x00000000        0xc ../FreeRTOS/FreeRTOS/Source/list.o
 .group         0x00000000        0xc ../FreeRTOS/FreeRTOS/Source/list.o
 .group         0x00000000        0xc ../FreeRTOS/FreeRTOS/Source/list.o
 .group         0x00000000        0xc ../FreeRTOS/FreeRTOS/Source/list.o
 .group         0x00000000        0xc ../FreeRTOS/FreeRTOS/Source/list.o
 .group         0x00000000        0xc ../FreeRTOS/FreeRTOS/Source/list.o
 .group         0x00000000        0xc ../FreeRTOS/FreeRTOS/Source/list.o
 .group         0x00000000        0xc ../FreeRTOS/FreeRTOS/Source/list.o
 .group         0x00000000        0xc ../FreeRTOS/FreeRTOS/Source/list.o
 .group         0x00000000        0xc ../FreeRTOS/FreeRTOS/Source/list.o
 .group         0x00000000        0xc ../FreeRTOS/FreeRTOS/Source/list.o
 .group         0x00000000        0xc ../FreeRTOS/FreeRTOS/Source/list.o
 .group         0x00000000        0xc ../FreeRTOS/FreeRTOS/Source/list.o
 .group         0x00000000        0xc ../FreeRTOS/FreeRTOS/Source/list.o
 .group         0x00000000        0xc ../FreeRTOS/FreeRTOS/Source/list.o
 .group         0x00000000        0xc ../FreeRTOS/FreeRTOS/Source/list.o
 .group         0x00000000        0xc ../FreeRTOS/FreeRTOS/Source/list.o
 .group         0x00000000        0xc ../FreeRTOS/FreeRTOS/Source/list.o
 .group         0x00000000        0xc ../FreeRTOS/FreeRTOS/Source/list.o
 .text          0x00000000        0x0 ../FreeRTOS/FreeRTOS/Source/list.o
 .data          0x00000000        0x0 ../FreeRTOS/FreeRTOS/Source/list.o
 .bss           0x00000000        0x0 ../FreeRTOS/FreeRTOS/Source/list.o
 .text.vListInsertEnd
                0x00000000       0x48 ../FreeRTOS/FreeRTOS/Source/list.o
 .debug_macro   0x00000000      0xad8 ../FreeRTOS/FreeRTOS/Source/list.o
 .debug_macro   0x00000000      0x34e ../FreeRTOS/FreeRTOS/Source/list.o
 .debug_macro   0x00000000       0x16 ../FreeRTOS/FreeRTOS/Source/list.o
 .debug_macro   0x00000000      0x154 ../FreeRTOS/FreeRTOS/Source/list.o
 .debug_macro   0x00000000       0x1c ../FreeRTOS/FreeRTOS/Source/list.o
 .debug_macro   0x00000000      0x182 ../FreeRTOS/FreeRTOS/Source/list.o
 .debug_macro   0x00000000       0xe7 ../FreeRTOS/FreeRTOS/Source/list.o
 .debug_macro   0x00000000       0x2e ../FreeRTOS/FreeRTOS/Source/list.o
 .debug_macro   0x00000000       0x1f ../FreeRTOS/FreeRTOS/Source/list.o
 .debug_macro   0x00000000       0x12 ../FreeRTOS/FreeRTOS/Source/list.o
 .debug_macro   0x00000000      0xfd7 ../FreeRTOS/FreeRTOS/Source/list.o
 .debug_macro   0x00000000       0xc3 ../FreeRTOS/FreeRTOS/Source/list.o
 .group         0x00000000        0xc ../FreeRTOS/FreeRTOS/Source/tasks.o
 .group         0x00000000        0xc ../FreeRTOS/FreeRTOS/Source/tasks.o
 .group         0x00000000        0xc ../FreeRTOS/FreeRTOS/Source/tasks.o
 .group         0x00000000        0xc ../FreeRTOS/FreeRTOS/Source/tasks.o
 .group         0x00000000        0xc ../FreeRTOS/FreeRTOS/Source/tasks.o
 .group         0x00000000        0xc ../FreeRTOS/FreeRTOS/Source/tasks.o
 .group         0x00000000        0xc ../FreeRTOS/FreeRTOS/Source/tasks.o
 .group         0x00000000        0xc ../FreeRTOS/FreeRTOS/Source/tasks.o
 .group         0x00000000        0xc ../FreeRTOS/FreeRTOS/Source/tasks.o
 .group         0x00000000        0xc ../FreeRTOS/FreeRTOS/Source/tasks.o
 .group         0x00000000        0xc ../FreeRTOS/FreeRTOS/Source/tasks.o
 .group         0x00000000        0xc ../FreeRTOS/FreeRTOS/Source/tasks.o
 .group         0x00000000        0xc ../FreeRTOS/FreeRTOS/Source/tasks.o
 .group         0x00000000        0xc ../FreeRTOS/FreeRTOS/Source/tasks.o
 .group         0x00000000        0xc ../FreeRTOS/FreeRTOS/Source/tasks.o
 .group         0x00000000        0xc ../FreeRTOS/FreeRTOS/Source/tasks.o
 .group         0x00000000        0xc ../FreeRTOS/FreeRTOS/Source/tasks.o
 .group         0x00000000        0xc ../FreeRTOS/FreeRTOS/Source/tasks.o
 .group         0x00000000        0xc ../FreeRTOS/FreeRTOS/Source/tasks.o
 .group         0x00000000        0xc ../FreeRTOS/FreeRTOS/Source/tasks.o
 .group         0x00000000        0xc ../FreeRTOS/FreeRTOS/Source/tasks.o
 .group         0x00000000        0xc ../FreeRTOS/FreeRTOS/Source/tasks.o
 .group         0x00000000        0xc ../FreeRTOS/FreeRTOS/Source/tasks.o
 .group         0x00000000        0xc ../FreeRTOS/FreeRTOS/Source/tasks.o
 .group         0x00000000        0xc ../FreeRTOS/FreeRTOS/Source/tasks.o
 .group         0x00000000        0xc ../FreeRTOS/FreeRTOS/Source/tasks.o
 .group         0x00000000        0xc ../FreeRTOS/FreeRTOS/Source/tasks.o
 .group         0x00000000        0xc ../FreeRTOS/FreeRTOS/Source/tasks.o
 .group         0x00000000        0xc ../FreeRTOS/FreeRTOS/Source/tasks.o
 .group         0x00000000        0xc ../FreeRTOS/FreeRTOS/Source/tasks.o
 .group         0x00000000        0xc ../FreeRTOS/FreeRTOS/Source/tasks.o
 .group         0x00000000        0xc ../FreeRTOS/FreeRTOS/Source/tasks.o
 .group         0x00000000        0xc ../FreeRTOS/FreeRTOS/Source/tasks.o
 .group         0x00000000        0xc ../FreeRTOS/FreeRTOS/Source/tasks.o
 .group         0x00000000        0xc ../FreeRTOS/FreeRTOS/Source/tasks.o
 .group         0x00000000        0xc ../FreeRTOS/FreeRTOS/Source/tasks.o
 .text          0x00000000        0x0 ../FreeRTOS/FreeRTOS/Source/tasks.o
 .data          0x00000000        0x0 ../FreeRTOS/FreeRTOS/Source/tasks.o
 .bss           0x00000000        0x0 ../FreeRTOS/FreeRTOS/Source/tasks.o
 .text.vTaskDelete
                0x00000000      0x148 ../FreeRTOS/FreeRTOS/Source/tasks.o
 .text.xTaskDelayUntil
                0x00000000      0x110 ../FreeRTOS/FreeRTOS/Source/tasks.o
 .text.eTaskGetState
                0x00000000      0x114 ../FreeRTOS/FreeRTOS/Source/tasks.o
 .text.uxTaskPriorityGet
                0x00000000       0x34 ../FreeRTOS/FreeRTOS/Source/tasks.o
 .text.uxTaskPriorityGetFromISR
                0x00000000       0x5c ../FreeRTOS/FreeRTOS/Source/tasks.o
 .text.uxTaskBasePriorityGet
                0x00000000       0x34 ../FreeRTOS/FreeRTOS/Source/tasks.o
 .text.uxTaskBasePriorityGetFromISR
                0x00000000       0x5c ../FreeRTOS/FreeRTOS/Source/tasks.o
 .text.vTaskPrioritySet
                0x00000000      0x1b8 ../FreeRTOS/FreeRTOS/Source/tasks.o
 .text.vTaskSuspend
                0x00000000      0x148 ../FreeRTOS/FreeRTOS/Source/tasks.o
 .text.prvTaskIsTaskSuspended
                0x00000000       0x90 ../FreeRTOS/FreeRTOS/Source/tasks.o
 .text.vTaskResume
                0x00000000      0x114 ../FreeRTOS/FreeRTOS/Source/tasks.o
 .text.xTaskResumeFromISR
                0x00000000      0x14c ../FreeRTOS/FreeRTOS/Source/tasks.o
 .text.vTaskEndScheduler
                0x00000000       0x68 ../FreeRTOS/FreeRTOS/Source/tasks.o
 .text.xTaskGetTickCountFromISR
                0x00000000       0x24 ../FreeRTOS/FreeRTOS/Source/tasks.o
 .text.pcTaskGetName
                0x00000000       0x50 ../FreeRTOS/FreeRTOS/Source/tasks.o
 .text.prvSearchForNameWithinSingleList
                0x00000000       0xa2 ../FreeRTOS/FreeRTOS/Source/tasks.o
 .text.xTaskGetHandle
                0x00000000       0xd0 ../FreeRTOS/FreeRTOS/Source/tasks.o
 .text.xTaskGetIdleTaskHandle
                0x00000000       0x40 ../FreeRTOS/FreeRTOS/Source/tasks.o
 .text.xTaskGetIdleTaskHandleForCore
                0x00000000       0x6c ../FreeRTOS/FreeRTOS/Source/tasks.o
 .text.xTaskCatchUpTicks
                0x00000000       0x5c ../FreeRTOS/FreeRTOS/Source/tasks.o
 .text.xTaskAbortDelay
                0x00000000      0x128 ../FreeRTOS/FreeRTOS/Source/tasks.o
 .text.vTaskPlaceOnUnorderedEventList
                0x00000000       0xb8 ../FreeRTOS/FreeRTOS/Source/tasks.o
 .text.vTaskRemoveFromUnorderedEventList
                0x00000000      0x190 ../FreeRTOS/FreeRTOS/Source/tasks.o
 .text.vTaskSetTimeOutState
                0x00000000       0x54 ../FreeRTOS/FreeRTOS/Source/tasks.o
 .text.prvTaskCheckFreeStackSpace
                0x00000000       0x36 ../FreeRTOS/FreeRTOS/Source/tasks.o
 .text.uxTaskGetStackHighWaterMark
                0x00000000       0x34 ../FreeRTOS/FreeRTOS/Source/tasks.o
 .text.xTaskGetCurrentTaskHandle
                0x00000000       0x20 ../FreeRTOS/FreeRTOS/Source/tasks.o
 .text.xTaskGetCurrentTaskHandleForCore
                0x00000000       0x30 ../FreeRTOS/FreeRTOS/Source/tasks.o
 .text.xTaskPriorityInherit
                0x00000000      0x140 ../FreeRTOS/FreeRTOS/Source/tasks.o
 .text.vTaskPriorityDisinheritAfterTimeout
                0x00000000      0x184 ../FreeRTOS/FreeRTOS/Source/tasks.o
 .text.uxTaskResetEventItemValue
                0x00000000       0x30 ../FreeRTOS/FreeRTOS/Source/tasks.o
 .text.pvTaskIncrementMutexHeldCount
                0x00000000       0x30 ../FreeRTOS/FreeRTOS/Source/tasks.o
 .text.ulTaskGenericNotifyTake
                0x00000000      0x100 ../FreeRTOS/FreeRTOS/Source/tasks.o
 .text.xTaskGenericNotifyWait
                0x00000000      0x134 ../FreeRTOS/FreeRTOS/Source/tasks.o
 .text.xTaskGenericNotify
                0x00000000      0x270 ../FreeRTOS/FreeRTOS/Source/tasks.o
 .text.xTaskGenericNotifyFromISR
                0x00000000      0x2e4 ../FreeRTOS/FreeRTOS/Source/tasks.o
 .text.vTaskGenericNotifyGiveFromISR
                0x00000000      0x228 ../FreeRTOS/FreeRTOS/Source/tasks.o
 .text.xTaskGenericNotifyStateClear
                0x00000000       0x78 ../FreeRTOS/FreeRTOS/Source/tasks.o
 .text.ulTaskGenericNotifyValueClear
                0x00000000       0x80 ../FreeRTOS/FreeRTOS/Source/tasks.o
 .text.vTaskResetState
                0x00000000       0xa0 ../FreeRTOS/FreeRTOS/Source/tasks.o
 .debug_macro   0x00000000      0xad8 ../FreeRTOS/FreeRTOS/Source/tasks.o
 .debug_macro   0x00000000       0x2a ../FreeRTOS/FreeRTOS/Source/tasks.o
 .debug_macro   0x00000000       0x22 ../FreeRTOS/FreeRTOS/Source/tasks.o
 .debug_macro   0x00000000       0x60 ../FreeRTOS/FreeRTOS/Source/tasks.o
 .debug_macro   0x00000000       0x94 ../FreeRTOS/FreeRTOS/Source/tasks.o
 .debug_macro   0x00000000       0x3c ../FreeRTOS/FreeRTOS/Source/tasks.o
 .debug_macro   0x00000000       0x34 ../FreeRTOS/FreeRTOS/Source/tasks.o
 .debug_macro   0x00000000       0x16 ../FreeRTOS/FreeRTOS/Source/tasks.o
 .debug_macro   0x00000000      0x11c ../FreeRTOS/FreeRTOS/Source/tasks.o
 .debug_macro   0x00000000       0x9b ../FreeRTOS/FreeRTOS/Source/tasks.o
 .debug_macro   0x00000000       0x57 ../FreeRTOS/FreeRTOS/Source/tasks.o
 .debug_macro   0x00000000      0x370 ../FreeRTOS/FreeRTOS/Source/tasks.o
 .debug_macro   0x00000000       0x16 ../FreeRTOS/FreeRTOS/Source/tasks.o
 .debug_macro   0x00000000       0x4a ../FreeRTOS/FreeRTOS/Source/tasks.o
 .debug_macro   0x00000000       0x34 ../FreeRTOS/FreeRTOS/Source/tasks.o
 .debug_macro   0x00000000       0x10 ../FreeRTOS/FreeRTOS/Source/tasks.o
 .debug_macro   0x00000000       0x52 ../FreeRTOS/FreeRTOS/Source/tasks.o
 .debug_macro   0x00000000      0x1de ../FreeRTOS/FreeRTOS/Source/tasks.o
 .debug_macro   0x00000000       0x16 ../FreeRTOS/FreeRTOS/Source/tasks.o
 .debug_macro   0x00000000       0x29 ../FreeRTOS/FreeRTOS/Source/tasks.o
 .debug_macro   0x00000000      0x34e ../FreeRTOS/FreeRTOS/Source/tasks.o
 .debug_macro   0x00000000       0x16 ../FreeRTOS/FreeRTOS/Source/tasks.o
 .debug_macro   0x00000000      0x154 ../FreeRTOS/FreeRTOS/Source/tasks.o
 .debug_macro   0x00000000       0x1c ../FreeRTOS/FreeRTOS/Source/tasks.o
 .debug_macro   0x00000000      0x182 ../FreeRTOS/FreeRTOS/Source/tasks.o
 .debug_macro   0x00000000       0xe7 ../FreeRTOS/FreeRTOS/Source/tasks.o
 .debug_macro   0x00000000       0x2e ../FreeRTOS/FreeRTOS/Source/tasks.o
 .debug_macro   0x00000000       0x1f ../FreeRTOS/FreeRTOS/Source/tasks.o
 .debug_macro   0x00000000       0x12 ../FreeRTOS/FreeRTOS/Source/tasks.o
 .debug_macro   0x00000000      0xfd7 ../FreeRTOS/FreeRTOS/Source/tasks.o
 .debug_macro   0x00000000       0xc3 ../FreeRTOS/FreeRTOS/Source/tasks.o
 .debug_macro   0x00000000      0x14f ../FreeRTOS/FreeRTOS/Source/tasks.o
 .group         0x00000000        0xc ../FreeRTOS/FreeRTOS/Source/queue.o
 .group         0x00000000        0xc ../FreeRTOS/FreeRTOS/Source/queue.o
 .group         0x00000000        0xc ../FreeRTOS/FreeRTOS/Source/queue.o
 .group         0x00000000        0xc ../FreeRTOS/FreeRTOS/Source/queue.o
 .group         0x00000000        0xc ../FreeRTOS/FreeRTOS/Source/queue.o
 .group         0x00000000        0xc ../FreeRTOS/FreeRTOS/Source/queue.o
 .group         0x00000000        0xc ../FreeRTOS/FreeRTOS/Source/queue.o
 .group         0x00000000        0xc ../FreeRTOS/FreeRTOS/Source/queue.o
 .group         0x00000000        0xc ../FreeRTOS/FreeRTOS/Source/queue.o
 .group         0x00000000        0xc ../FreeRTOS/FreeRTOS/Source/queue.o
 .group         0x00000000        0xc ../FreeRTOS/FreeRTOS/Source/queue.o
 .group         0x00000000        0xc ../FreeRTOS/FreeRTOS/Source/queue.o
 .group         0x00000000        0xc ../FreeRTOS/FreeRTOS/Source/queue.o
 .group         0x00000000        0xc ../FreeRTOS/FreeRTOS/Source/queue.o
 .group         0x00000000        0xc ../FreeRTOS/FreeRTOS/Source/queue.o
 .group         0x00000000        0xc ../FreeRTOS/FreeRTOS/Source/queue.o
 .group         0x00000000        0xc ../FreeRTOS/FreeRTOS/Source/queue.o
 .group         0x00000000        0xc ../FreeRTOS/FreeRTOS/Source/queue.o
 .group         0x00000000        0xc ../FreeRTOS/FreeRTOS/Source/queue.o
 .group         0x00000000        0xc ../FreeRTOS/FreeRTOS/Source/queue.o
 .group         0x00000000        0xc ../FreeRTOS/FreeRTOS/Source/queue.o
 .group         0x00000000        0xc ../FreeRTOS/FreeRTOS/Source/queue.o
 .group         0x00000000        0xc ../FreeRTOS/FreeRTOS/Source/queue.o
 .group         0x00000000        0xc ../FreeRTOS/FreeRTOS/Source/queue.o
 .group         0x00000000        0xc ../FreeRTOS/FreeRTOS/Source/queue.o
 .group         0x00000000        0xc ../FreeRTOS/FreeRTOS/Source/queue.o
 .group         0x00000000        0xc ../FreeRTOS/FreeRTOS/Source/queue.o
 .group         0x00000000        0xc ../FreeRTOS/FreeRTOS/Source/queue.o
 .group         0x00000000        0xc ../FreeRTOS/FreeRTOS/Source/queue.o
 .group         0x00000000        0xc ../FreeRTOS/FreeRTOS/Source/queue.o
 .group         0x00000000        0xc ../FreeRTOS/FreeRTOS/Source/queue.o
 .group         0x00000000        0xc ../FreeRTOS/FreeRTOS/Source/queue.o
 .group         0x00000000        0xc ../FreeRTOS/FreeRTOS/Source/queue.o
 .group         0x00000000        0xc ../FreeRTOS/FreeRTOS/Source/queue.o
 .group         0x00000000        0xc ../FreeRTOS/FreeRTOS/Source/queue.o
 .text          0x00000000        0x0 ../FreeRTOS/FreeRTOS/Source/queue.o
 .data          0x00000000        0x0 ../FreeRTOS/FreeRTOS/Source/queue.o
 .bss           0x00000000        0x0 ../FreeRTOS/FreeRTOS/Source/queue.o
 .text.prvInitialiseMutex
                0x00000000       0x34 ../FreeRTOS/FreeRTOS/Source/queue.o
 .text.xQueueCreateMutex
                0x00000000       0x30 ../FreeRTOS/FreeRTOS/Source/queue.o
 .text.xQueueGetMutexHolder
                0x00000000       0x54 ../FreeRTOS/FreeRTOS/Source/queue.o
 .text.xQueueGetMutexHolderFromISR
                0x00000000       0x4c ../FreeRTOS/FreeRTOS/Source/queue.o
 .text.xQueueGiveMutexRecursive
                0x00000000       0x6e ../FreeRTOS/FreeRTOS/Source/queue.o
 .text.xQueueTakeMutexRecursive
                0x00000000       0x72 ../FreeRTOS/FreeRTOS/Source/queue.o
 .text.xQueueCreateCountingSemaphore
                0x00000000       0x62 ../FreeRTOS/FreeRTOS/Source/queue.o
 .text.xQueueGenericSend
                0x00000000      0x24c ../FreeRTOS/FreeRTOS/Source/queue.o
 .text.xQueueGenericSendFromISR
                0x00000000      0x1ae ../FreeRTOS/FreeRTOS/Source/queue.o
 .text.xQueueGiveFromISR
                0x00000000      0x186 ../FreeRTOS/FreeRTOS/Source/queue.o
 .text.xQueueSemaphoreTake
                0x00000000      0x20c ../FreeRTOS/FreeRTOS/Source/queue.o
 .text.xQueuePeek
                0x00000000      0x1d4 ../FreeRTOS/FreeRTOS/Source/queue.o
 .text.xQueueReceiveFromISR
                0x00000000      0x144 ../FreeRTOS/FreeRTOS/Source/queue.o
 .text.xQueuePeekFromISR
                0x00000000       0xe8 ../FreeRTOS/FreeRTOS/Source/queue.o
 .text.uxQueueMessagesWaiting
                0x00000000       0x42 ../FreeRTOS/FreeRTOS/Source/queue.o
 .text.uxQueueSpacesAvailable
                0x00000000       0x4c ../FreeRTOS/FreeRTOS/Source/queue.o
 .text.uxQueueMessagesWaitingFromISR
                0x00000000       0x42 ../FreeRTOS/FreeRTOS/Source/queue.o
 .text.vQueueDelete
                0x00000000       0x42 ../FreeRTOS/FreeRTOS/Source/queue.o
 .text.uxQueueGetQueueItemSize
                0x00000000       0x18 ../FreeRTOS/FreeRTOS/Source/queue.o
 .text.uxQueueGetQueueLength
                0x00000000       0x18 ../FreeRTOS/FreeRTOS/Source/queue.o
 .text.prvGetHighestPriorityOfWaitToReceiveList
                0x00000000       0x30 ../FreeRTOS/FreeRTOS/Source/queue.o
 .text.xQueueIsQueueEmptyFromISR
                0x00000000       0x4e ../FreeRTOS/FreeRTOS/Source/queue.o
 .text.prvIsQueueFull
                0x00000000       0x30 ../FreeRTOS/FreeRTOS/Source/queue.o
 .text.xQueueIsQueueFullFromISR
                0x00000000       0x52 ../FreeRTOS/FreeRTOS/Source/queue.o
 .text.pcQueueGetName
                0x00000000       0x70 ../FreeRTOS/FreeRTOS/Source/queue.o
 .text.vQueueUnregisterQueue
                0x00000000       0x78 ../FreeRTOS/FreeRTOS/Source/queue.o
 .text.xQueueCreateSet
                0x00000000       0x1e ../FreeRTOS/FreeRTOS/Source/queue.o
 .text.xQueueAddToSet
                0x00000000       0x42 ../FreeRTOS/FreeRTOS/Source/queue.o
 .text.xQueueRemoveFromSet
                0x00000000       0x48 ../FreeRTOS/FreeRTOS/Source/queue.o
 .text.xQueueSelectFromSet
                0x00000000       0x26 ../FreeRTOS/FreeRTOS/Source/queue.o
 .text.xQueueSelectFromSetFromISR
                0x00000000       0x24 ../FreeRTOS/FreeRTOS/Source/queue.o
 .debug_macro   0x00000000      0xad8 ../FreeRTOS/FreeRTOS/Source/queue.o
 .debug_macro   0x00000000       0x2a ../FreeRTOS/FreeRTOS/Source/queue.o
 .debug_macro   0x00000000       0x22 ../FreeRTOS/FreeRTOS/Source/queue.o
 .debug_macro   0x00000000       0x60 ../FreeRTOS/FreeRTOS/Source/queue.o
 .debug_macro   0x00000000       0x94 ../FreeRTOS/FreeRTOS/Source/queue.o
 .debug_macro   0x00000000       0x3c ../FreeRTOS/FreeRTOS/Source/queue.o
 .debug_macro   0x00000000       0x34 ../FreeRTOS/FreeRTOS/Source/queue.o
 .debug_macro   0x00000000       0x16 ../FreeRTOS/FreeRTOS/Source/queue.o
 .debug_macro   0x00000000      0x11c ../FreeRTOS/FreeRTOS/Source/queue.o
 .debug_macro   0x00000000       0x9b ../FreeRTOS/FreeRTOS/Source/queue.o
 .debug_macro   0x00000000       0x57 ../FreeRTOS/FreeRTOS/Source/queue.o
 .debug_macro   0x00000000      0x370 ../FreeRTOS/FreeRTOS/Source/queue.o
 .debug_macro   0x00000000       0x16 ../FreeRTOS/FreeRTOS/Source/queue.o
 .debug_macro   0x00000000       0x4a ../FreeRTOS/FreeRTOS/Source/queue.o
 .debug_macro   0x00000000       0x34 ../FreeRTOS/FreeRTOS/Source/queue.o
 .debug_macro   0x00000000       0x10 ../FreeRTOS/FreeRTOS/Source/queue.o
 .debug_macro   0x00000000       0x52 ../FreeRTOS/FreeRTOS/Source/queue.o
 .debug_macro   0x00000000      0x1de ../FreeRTOS/FreeRTOS/Source/queue.o
 .debug_macro   0x00000000       0x16 ../FreeRTOS/FreeRTOS/Source/queue.o
 .debug_macro   0x00000000       0x29 ../FreeRTOS/FreeRTOS/Source/queue.o
 .debug_macro   0x00000000       0x16 ../FreeRTOS/FreeRTOS/Source/queue.o
 .debug_macro   0x00000000       0x3c ../FreeRTOS/FreeRTOS/Source/queue.o
 .debug_macro   0x00000000      0x34e ../FreeRTOS/FreeRTOS/Source/queue.o
 .debug_macro   0x00000000       0x16 ../FreeRTOS/FreeRTOS/Source/queue.o
 .debug_macro   0x00000000      0x154 ../FreeRTOS/FreeRTOS/Source/queue.o
 .debug_macro   0x00000000       0x1c ../FreeRTOS/FreeRTOS/Source/queue.o
 .debug_macro   0x00000000      0x182 ../FreeRTOS/FreeRTOS/Source/queue.o
 .debug_macro   0x00000000       0xe7 ../FreeRTOS/FreeRTOS/Source/queue.o
 .debug_macro   0x00000000       0x2e ../FreeRTOS/FreeRTOS/Source/queue.o
 .debug_macro   0x00000000       0x1f ../FreeRTOS/FreeRTOS/Source/queue.o
 .debug_macro   0x00000000       0x12 ../FreeRTOS/FreeRTOS/Source/queue.o
 .debug_macro   0x00000000      0xfd7 ../FreeRTOS/FreeRTOS/Source/queue.o
 .debug_macro   0x00000000       0xc3 ../FreeRTOS/FreeRTOS/Source/queue.o
 .debug_macro   0x00000000      0x14f ../FreeRTOS/FreeRTOS/Source/queue.o
 .group         0x00000000        0xc ../FreeRTOS/FreeRTOS/Source/timers.o
 .group         0x00000000        0xc ../FreeRTOS/FreeRTOS/Source/timers.o
 .group         0x00000000        0xc ../FreeRTOS/FreeRTOS/Source/timers.o
 .group         0x00000000        0xc ../FreeRTOS/FreeRTOS/Source/timers.o
 .group         0x00000000        0xc ../FreeRTOS/FreeRTOS/Source/timers.o
 .group         0x00000000        0xc ../FreeRTOS/FreeRTOS/Source/timers.o
 .group         0x00000000        0xc ../FreeRTOS/FreeRTOS/Source/timers.o
 .group         0x00000000        0xc ../FreeRTOS/FreeRTOS/Source/timers.o
 .group         0x00000000        0xc ../FreeRTOS/FreeRTOS/Source/timers.o
 .group         0x00000000        0xc ../FreeRTOS/FreeRTOS/Source/timers.o
 .group         0x00000000        0xc ../FreeRTOS/FreeRTOS/Source/timers.o
 .group         0x00000000        0xc ../FreeRTOS/FreeRTOS/Source/timers.o
 .group         0x00000000        0xc ../FreeRTOS/FreeRTOS/Source/timers.o
 .group         0x00000000        0xc ../FreeRTOS/FreeRTOS/Source/timers.o
 .group         0x00000000        0xc ../FreeRTOS/FreeRTOS/Source/timers.o
 .group         0x00000000        0xc ../FreeRTOS/FreeRTOS/Source/timers.o
 .group         0x00000000        0xc ../FreeRTOS/FreeRTOS/Source/timers.o
 .group         0x00000000        0xc ../FreeRTOS/FreeRTOS/Source/timers.o
 .group         0x00000000        0xc ../FreeRTOS/FreeRTOS/Source/timers.o
 .group         0x00000000        0xc ../FreeRTOS/FreeRTOS/Source/timers.o
 .group         0x00000000        0xc ../FreeRTOS/FreeRTOS/Source/timers.o
 .group         0x00000000        0xc ../FreeRTOS/FreeRTOS/Source/timers.o
 .group         0x00000000        0xc ../FreeRTOS/FreeRTOS/Source/timers.o
 .group         0x00000000        0xc ../FreeRTOS/FreeRTOS/Source/timers.o
 .group         0x00000000        0xc ../FreeRTOS/FreeRTOS/Source/timers.o
 .group         0x00000000        0xc ../FreeRTOS/FreeRTOS/Source/timers.o
 .group         0x00000000        0xc ../FreeRTOS/FreeRTOS/Source/timers.o
 .group         0x00000000        0xc ../FreeRTOS/FreeRTOS/Source/timers.o
 .group         0x00000000        0xc ../FreeRTOS/FreeRTOS/Source/timers.o
 .group         0x00000000        0xc ../FreeRTOS/FreeRTOS/Source/timers.o
 .group         0x00000000        0xc ../FreeRTOS/FreeRTOS/Source/timers.o
 .group         0x00000000        0xc ../FreeRTOS/FreeRTOS/Source/timers.o
 .group         0x00000000        0xc ../FreeRTOS/FreeRTOS/Source/timers.o
 .group         0x00000000        0xc ../FreeRTOS/FreeRTOS/Source/timers.o
 .text          0x00000000        0x0 ../FreeRTOS/FreeRTOS/Source/timers.o
 .data          0x00000000        0x0 ../FreeRTOS/FreeRTOS/Source/timers.o
 .bss           0x00000000        0x0 ../FreeRTOS/FreeRTOS/Source/timers.o
 .text.xTimerCreate
                0x00000000       0x42 ../FreeRTOS/FreeRTOS/Source/timers.o
 .text.prvInitialiseNewTimer
                0x00000000       0x76 ../FreeRTOS/FreeRTOS/Source/timers.o
 .text.xTimerGenericCommandFromTask
                0x00000000       0xb0 ../FreeRTOS/FreeRTOS/Source/timers.o
 .text.xTimerGenericCommandFromISR
                0x00000000       0x90 ../FreeRTOS/FreeRTOS/Source/timers.o
 .text.xTimerGetTimerDaemonTaskHandle
                0x00000000       0x40 ../FreeRTOS/FreeRTOS/Source/timers.o
 .text.xTimerGetPeriod
                0x00000000       0x3e ../FreeRTOS/FreeRTOS/Source/timers.o
 .text.vTimerSetReloadMode
                0x00000000       0x6c ../FreeRTOS/FreeRTOS/Source/timers.o
 .text.xTimerGetReloadMode
                0x00000000       0x58 ../FreeRTOS/FreeRTOS/Source/timers.o
 .text.uxTimerGetReloadMode
                0x00000000       0x1c ../FreeRTOS/FreeRTOS/Source/timers.o
 .text.xTimerGetExpiryTime
                0x00000000       0x42 ../FreeRTOS/FreeRTOS/Source/timers.o
 .text.pcTimerGetName
                0x00000000       0x3e ../FreeRTOS/FreeRTOS/Source/timers.o
 .text.xTimerIsTimerActive
                0x00000000       0x58 ../FreeRTOS/FreeRTOS/Source/timers.o
 .text.pvTimerGetTimerID
                0x00000000       0x46 ../FreeRTOS/FreeRTOS/Source/timers.o
 .text.vTimerSetTimerID
                0x00000000       0x46 ../FreeRTOS/FreeRTOS/Source/timers.o
 .text.xTimerPendFunctionCallFromISR
                0x00000000       0x40 ../FreeRTOS/FreeRTOS/Source/timers.o
 .text.xTimerPendFunctionCall
                0x00000000       0x64 ../FreeRTOS/FreeRTOS/Source/timers.o
 .text.vTimerResetState
                0x00000000       0x24 ../FreeRTOS/FreeRTOS/Source/timers.o
 .debug_macro   0x00000000      0xad8 ../FreeRTOS/FreeRTOS/Source/timers.o
 .debug_macro   0x00000000       0x2a ../FreeRTOS/FreeRTOS/Source/timers.o
 .debug_macro   0x00000000       0x22 ../FreeRTOS/FreeRTOS/Source/timers.o
 .debug_macro   0x00000000       0x60 ../FreeRTOS/FreeRTOS/Source/timers.o
 .debug_macro   0x00000000       0x94 ../FreeRTOS/FreeRTOS/Source/timers.o
 .debug_macro   0x00000000       0x3c ../FreeRTOS/FreeRTOS/Source/timers.o
 .debug_macro   0x00000000       0x34 ../FreeRTOS/FreeRTOS/Source/timers.o
 .debug_macro   0x00000000       0x16 ../FreeRTOS/FreeRTOS/Source/timers.o
 .debug_macro   0x00000000      0x11c ../FreeRTOS/FreeRTOS/Source/timers.o
 .debug_macro   0x00000000       0x9b ../FreeRTOS/FreeRTOS/Source/timers.o
 .debug_macro   0x00000000       0x57 ../FreeRTOS/FreeRTOS/Source/timers.o
 .debug_macro   0x00000000      0x370 ../FreeRTOS/FreeRTOS/Source/timers.o
 .debug_macro   0x00000000       0x16 ../FreeRTOS/FreeRTOS/Source/timers.o
 .debug_macro   0x00000000       0x4a ../FreeRTOS/FreeRTOS/Source/timers.o
 .debug_macro   0x00000000       0x34 ../FreeRTOS/FreeRTOS/Source/timers.o
 .debug_macro   0x00000000       0x10 ../FreeRTOS/FreeRTOS/Source/timers.o
 .debug_macro   0x00000000       0x52 ../FreeRTOS/FreeRTOS/Source/timers.o
 .debug_macro   0x00000000      0x1de ../FreeRTOS/FreeRTOS/Source/timers.o
 .debug_macro   0x00000000       0x16 ../FreeRTOS/FreeRTOS/Source/timers.o
 .debug_macro   0x00000000       0x29 ../FreeRTOS/FreeRTOS/Source/timers.o
 .debug_macro   0x00000000      0x34e ../FreeRTOS/FreeRTOS/Source/timers.o
 .debug_macro   0x00000000       0x16 ../FreeRTOS/FreeRTOS/Source/timers.o
 .debug_macro   0x00000000      0x154 ../FreeRTOS/FreeRTOS/Source/timers.o
 .debug_macro   0x00000000       0x1c ../FreeRTOS/FreeRTOS/Source/timers.o
 .debug_macro   0x00000000      0x182 ../FreeRTOS/FreeRTOS/Source/timers.o
 .debug_macro   0x00000000       0xe7 ../FreeRTOS/FreeRTOS/Source/timers.o
 .debug_macro   0x00000000       0x2e ../FreeRTOS/FreeRTOS/Source/timers.o
 .debug_macro   0x00000000       0x1f ../FreeRTOS/FreeRTOS/Source/timers.o
 .debug_macro   0x00000000       0x12 ../FreeRTOS/FreeRTOS/Source/timers.o
 .debug_macro   0x00000000      0xfd7 ../FreeRTOS/FreeRTOS/Source/timers.o
 .debug_macro   0x00000000       0xc3 ../FreeRTOS/FreeRTOS/Source/timers.o
 .debug_macro   0x00000000      0x14f ../FreeRTOS/FreeRTOS/Source/timers.o
 .debug_macro   0x00000000       0x80 ../FreeRTOS/FreeRTOS/Source/timers.o
 .group         0x00000000        0xc ../FreeRTOS/FreeRTOS/Source/portable/MemMang/heap_4.o
 .group         0x00000000        0xc ../FreeRTOS/FreeRTOS/Source/portable/MemMang/heap_4.o
 .group         0x00000000        0xc ../FreeRTOS/FreeRTOS/Source/portable/MemMang/heap_4.o
 .group         0x00000000        0xc ../FreeRTOS/FreeRTOS/Source/portable/MemMang/heap_4.o
 .group         0x00000000        0xc ../FreeRTOS/FreeRTOS/Source/portable/MemMang/heap_4.o
 .group         0x00000000        0xc ../FreeRTOS/FreeRTOS/Source/portable/MemMang/heap_4.o
 .group         0x00000000        0xc ../FreeRTOS/FreeRTOS/Source/portable/MemMang/heap_4.o
 .group         0x00000000        0xc ../FreeRTOS/FreeRTOS/Source/portable/MemMang/heap_4.o
 .group         0x00000000        0xc ../FreeRTOS/FreeRTOS/Source/portable/MemMang/heap_4.o
 .group         0x00000000        0xc ../FreeRTOS/FreeRTOS/Source/portable/MemMang/heap_4.o
 .group         0x00000000        0xc ../FreeRTOS/FreeRTOS/Source/portable/MemMang/heap_4.o
 .group         0x00000000        0xc ../FreeRTOS/FreeRTOS/Source/portable/MemMang/heap_4.o
 .group         0x00000000        0xc ../FreeRTOS/FreeRTOS/Source/portable/MemMang/heap_4.o
 .group         0x00000000        0xc ../FreeRTOS/FreeRTOS/Source/portable/MemMang/heap_4.o
 .group         0x00000000        0xc ../FreeRTOS/FreeRTOS/Source/portable/MemMang/heap_4.o
 .group         0x00000000        0xc ../FreeRTOS/FreeRTOS/Source/portable/MemMang/heap_4.o
 .group         0x00000000        0xc ../FreeRTOS/FreeRTOS/Source/portable/MemMang/heap_4.o
 .group         0x00000000        0xc ../FreeRTOS/FreeRTOS/Source/portable/MemMang/heap_4.o
 .group         0x00000000        0xc ../FreeRTOS/FreeRTOS/Source/portable/MemMang/heap_4.o
 .group         0x00000000        0xc ../FreeRTOS/FreeRTOS/Source/portable/MemMang/heap_4.o
 .group         0x00000000        0xc ../FreeRTOS/FreeRTOS/Source/portable/MemMang/heap_4.o
 .group         0x00000000        0xc ../FreeRTOS/FreeRTOS/Source/portable/MemMang/heap_4.o
 .group         0x00000000        0xc ../FreeRTOS/FreeRTOS/Source/portable/MemMang/heap_4.o
 .group         0x00000000        0xc ../FreeRTOS/FreeRTOS/Source/portable/MemMang/heap_4.o
 .group         0x00000000        0xc ../FreeRTOS/FreeRTOS/Source/portable/MemMang/heap_4.o
 .group         0x00000000        0xc ../FreeRTOS/FreeRTOS/Source/portable/MemMang/heap_4.o
 .group         0x00000000        0xc ../FreeRTOS/FreeRTOS/Source/portable/MemMang/heap_4.o
 .group         0x00000000        0xc ../FreeRTOS/FreeRTOS/Source/portable/MemMang/heap_4.o
 .group         0x00000000        0xc ../FreeRTOS/FreeRTOS/Source/portable/MemMang/heap_4.o
 .group         0x00000000        0xc ../FreeRTOS/FreeRTOS/Source/portable/MemMang/heap_4.o
 .group         0x00000000        0xc ../FreeRTOS/FreeRTOS/Source/portable/MemMang/heap_4.o
 .group         0x00000000        0xc ../FreeRTOS/FreeRTOS/Source/portable/MemMang/heap_4.o
 .group         0x00000000        0xc ../FreeRTOS/FreeRTOS/Source/portable/MemMang/heap_4.o
 .group         0x00000000        0xc ../FreeRTOS/FreeRTOS/Source/portable/MemMang/heap_4.o
 .text          0x00000000        0x0 ../FreeRTOS/FreeRTOS/Source/portable/MemMang/heap_4.o
 .data          0x00000000        0x0 ../FreeRTOS/FreeRTOS/Source/portable/MemMang/heap_4.o
 .bss           0x00000000        0x0 ../FreeRTOS/FreeRTOS/Source/portable/MemMang/heap_4.o
 .rodata.xHeapStructSize
                0x00000000        0x4 ../FreeRTOS/FreeRTOS/Source/portable/MemMang/heap_4.o
 .text.xPortGetFreeHeapSize
                0x00000000       0x18 ../FreeRTOS/FreeRTOS/Source/portable/MemMang/heap_4.o
 .text.xPortGetMinimumEverFreeHeapSize
                0x00000000       0x18 ../FreeRTOS/FreeRTOS/Source/portable/MemMang/heap_4.o
 .text.vPortInitialiseBlocks
                0x00000000        0xe ../FreeRTOS/FreeRTOS/Source/portable/MemMang/heap_4.o
 .text.pvPortCalloc
                0x00000000       0x60 ../FreeRTOS/FreeRTOS/Source/portable/MemMang/heap_4.o
 .text.vPortGetHeapStats
                0x00000000       0xbc ../FreeRTOS/FreeRTOS/Source/portable/MemMang/heap_4.o
 .text.vPortHeapResetState
                0x00000000       0x40 ../FreeRTOS/FreeRTOS/Source/portable/MemMang/heap_4.o
 .debug_macro   0x00000000      0xad8 ../FreeRTOS/FreeRTOS/Source/portable/MemMang/heap_4.o
 .debug_macro   0x00000000       0x2a ../FreeRTOS/FreeRTOS/Source/portable/MemMang/heap_4.o
 .debug_macro   0x00000000       0x22 ../FreeRTOS/FreeRTOS/Source/portable/MemMang/heap_4.o
 .debug_macro   0x00000000       0x60 ../FreeRTOS/FreeRTOS/Source/portable/MemMang/heap_4.o
 .debug_macro   0x00000000       0x94 ../FreeRTOS/FreeRTOS/Source/portable/MemMang/heap_4.o
 .debug_macro   0x00000000       0x3c ../FreeRTOS/FreeRTOS/Source/portable/MemMang/heap_4.o
 .debug_macro   0x00000000       0x34 ../FreeRTOS/FreeRTOS/Source/portable/MemMang/heap_4.o
 .debug_macro   0x00000000       0x16 ../FreeRTOS/FreeRTOS/Source/portable/MemMang/heap_4.o
 .debug_macro   0x00000000      0x11c ../FreeRTOS/FreeRTOS/Source/portable/MemMang/heap_4.o
 .debug_macro   0x00000000       0x9b ../FreeRTOS/FreeRTOS/Source/portable/MemMang/heap_4.o
 .debug_macro   0x00000000       0x57 ../FreeRTOS/FreeRTOS/Source/portable/MemMang/heap_4.o
 .debug_macro   0x00000000      0x370 ../FreeRTOS/FreeRTOS/Source/portable/MemMang/heap_4.o
 .debug_macro   0x00000000       0x16 ../FreeRTOS/FreeRTOS/Source/portable/MemMang/heap_4.o
 .debug_macro   0x00000000       0x4a ../FreeRTOS/FreeRTOS/Source/portable/MemMang/heap_4.o
 .debug_macro   0x00000000       0x34 ../FreeRTOS/FreeRTOS/Source/portable/MemMang/heap_4.o
 .debug_macro   0x00000000       0x10 ../FreeRTOS/FreeRTOS/Source/portable/MemMang/heap_4.o
 .debug_macro   0x00000000       0x52 ../FreeRTOS/FreeRTOS/Source/portable/MemMang/heap_4.o
 .debug_macro   0x00000000      0x1de ../FreeRTOS/FreeRTOS/Source/portable/MemMang/heap_4.o
 .debug_macro   0x00000000       0x16 ../FreeRTOS/FreeRTOS/Source/portable/MemMang/heap_4.o
 .debug_macro   0x00000000       0x29 ../FreeRTOS/FreeRTOS/Source/portable/MemMang/heap_4.o
 .debug_macro   0x00000000       0x16 ../FreeRTOS/FreeRTOS/Source/portable/MemMang/heap_4.o
 .debug_macro   0x00000000       0x3c ../FreeRTOS/FreeRTOS/Source/portable/MemMang/heap_4.o
 .debug_macro   0x00000000      0x34e ../FreeRTOS/FreeRTOS/Source/portable/MemMang/heap_4.o
 .debug_macro   0x00000000       0x16 ../FreeRTOS/FreeRTOS/Source/portable/MemMang/heap_4.o
 .debug_macro   0x00000000      0x154 ../FreeRTOS/FreeRTOS/Source/portable/MemMang/heap_4.o
 .debug_macro   0x00000000       0x1c ../FreeRTOS/FreeRTOS/Source/portable/MemMang/heap_4.o
 .debug_macro   0x00000000      0x182 ../FreeRTOS/FreeRTOS/Source/portable/MemMang/heap_4.o
 .debug_macro   0x00000000       0xe7 ../FreeRTOS/FreeRTOS/Source/portable/MemMang/heap_4.o
 .debug_macro   0x00000000       0x2e ../FreeRTOS/FreeRTOS/Source/portable/MemMang/heap_4.o
 .debug_macro   0x00000000       0x1f ../FreeRTOS/FreeRTOS/Source/portable/MemMang/heap_4.o
 .debug_macro   0x00000000       0x12 ../FreeRTOS/FreeRTOS/Source/portable/MemMang/heap_4.o
 .debug_macro   0x00000000      0xfd7 ../FreeRTOS/FreeRTOS/Source/portable/MemMang/heap_4.o
 .debug_macro   0x00000000       0xc3 ../FreeRTOS/FreeRTOS/Source/portable/MemMang/heap_4.o
 .debug_macro   0x00000000      0x14f ../FreeRTOS/FreeRTOS/Source/portable/MemMang/heap_4.o
 .group         0x00000000        0xc ../FreeRTOS/FreeRTOS/Source/portable/GCC/ARM_CM7/r0p1/port.o
 .group         0x00000000        0xc ../FreeRTOS/FreeRTOS/Source/portable/GCC/ARM_CM7/r0p1/port.o
 .group         0x00000000        0xc ../FreeRTOS/FreeRTOS/Source/portable/GCC/ARM_CM7/r0p1/port.o
 .group         0x00000000        0xc ../FreeRTOS/FreeRTOS/Source/portable/GCC/ARM_CM7/r0p1/port.o
 .group         0x00000000        0xc ../FreeRTOS/FreeRTOS/Source/portable/GCC/ARM_CM7/r0p1/port.o
 .group         0x00000000        0xc ../FreeRTOS/FreeRTOS/Source/portable/GCC/ARM_CM7/r0p1/port.o
 .group         0x00000000        0xc ../FreeRTOS/FreeRTOS/Source/portable/GCC/ARM_CM7/r0p1/port.o
 .group         0x00000000        0xc ../FreeRTOS/FreeRTOS/Source/portable/GCC/ARM_CM7/r0p1/port.o
 .group         0x00000000        0xc ../FreeRTOS/FreeRTOS/Source/portable/GCC/ARM_CM7/r0p1/port.o
 .group         0x00000000        0xc ../FreeRTOS/FreeRTOS/Source/portable/GCC/ARM_CM7/r0p1/port.o
 .group         0x00000000        0xc ../FreeRTOS/FreeRTOS/Source/portable/GCC/ARM_CM7/r0p1/port.o
 .group         0x00000000        0xc ../FreeRTOS/FreeRTOS/Source/portable/GCC/ARM_CM7/r0p1/port.o
 .group         0x00000000        0xc ../FreeRTOS/FreeRTOS/Source/portable/GCC/ARM_CM7/r0p1/port.o
 .group         0x00000000        0xc ../FreeRTOS/FreeRTOS/Source/portable/GCC/ARM_CM7/r0p1/port.o
 .text          0x00000000        0x0 ../FreeRTOS/FreeRTOS/Source/portable/GCC/ARM_CM7/r0p1/port.o
 .data          0x00000000        0x0 ../FreeRTOS/FreeRTOS/Source/portable/GCC/ARM_CM7/r0p1/port.o
 .bss           0x00000000        0x0 ../FreeRTOS/FreeRTOS/Source/portable/GCC/ARM_CM7/r0p1/port.o
 .rodata.pcInterruptPriorityRegisters
                0x00000000        0x4 ../FreeRTOS/FreeRTOS/Source/portable/GCC/ARM_CM7/r0p1/port.o
 .text.vPortEndScheduler
                0x00000000       0x3c ../FreeRTOS/FreeRTOS/Source/portable/GCC/ARM_CM7/r0p1/port.o
 .text.vPortValidateInterruptPriority
                0x00000000       0x8c ../FreeRTOS/FreeRTOS/Source/portable/GCC/ARM_CM7/r0p1/port.o
 .debug_macro   0x00000000      0xad8 ../FreeRTOS/FreeRTOS/Source/portable/GCC/ARM_CM7/r0p1/port.o
 .debug_macro   0x00000000      0x190 ../FreeRTOS/FreeRTOS/Source/portable/GCC/ARM_CM7/r0p1/port.o
 .debug_macro   0x00000000      0x34e ../FreeRTOS/FreeRTOS/Source/portable/GCC/ARM_CM7/r0p1/port.o
 .debug_macro   0x00000000       0x16 ../FreeRTOS/FreeRTOS/Source/portable/GCC/ARM_CM7/r0p1/port.o
 .debug_macro   0x00000000      0x154 ../FreeRTOS/FreeRTOS/Source/portable/GCC/ARM_CM7/r0p1/port.o
 .debug_macro   0x00000000       0x1c ../FreeRTOS/FreeRTOS/Source/portable/GCC/ARM_CM7/r0p1/port.o
 .debug_macro   0x00000000      0x182 ../FreeRTOS/FreeRTOS/Source/portable/GCC/ARM_CM7/r0p1/port.o
 .debug_macro   0x00000000       0xe7 ../FreeRTOS/FreeRTOS/Source/portable/GCC/ARM_CM7/r0p1/port.o
 .debug_macro   0x00000000       0x2e ../FreeRTOS/FreeRTOS/Source/portable/GCC/ARM_CM7/r0p1/port.o
 .debug_macro   0x00000000       0x1f ../FreeRTOS/FreeRTOS/Source/portable/GCC/ARM_CM7/r0p1/port.o
 .debug_macro   0x00000000       0x12 ../FreeRTOS/FreeRTOS/Source/portable/GCC/ARM_CM7/r0p1/port.o
 .debug_macro   0x00000000      0xfd7 ../FreeRTOS/FreeRTOS/Source/portable/GCC/ARM_CM7/r0p1/port.o
 .debug_macro   0x00000000       0xc3 ../FreeRTOS/FreeRTOS/Source/portable/GCC/ARM_CM7/r0p1/port.o
 .debug_macro   0x00000000      0x14f ../FreeRTOS/FreeRTOS/Source/portable/GCC/ARM_CM7/r0p1/port.o
 .text          0x00000000       0xd8 /usr/lib/gcc/arm-none-eabi/13.2.1/../../../arm-none-eabi/lib/thumb/v7e-m+fp/hard/libc_nano.a(libc_a-strlen.o)
 .data          0x00000000        0x0 /usr/lib/gcc/arm-none-eabi/13.2.1/../../../arm-none-eabi/lib/thumb/v7e-m+fp/hard/libc_nano.a(libc_a-strlen.o)
 .bss           0x00000000        0x0 /usr/lib/gcc/arm-none-eabi/13.2.1/../../../arm-none-eabi/lib/thumb/v7e-m+fp/hard/libc_nano.a(libc_a-strlen.o)
 .ARM.extab     0x00000000        0x0 /usr/lib/gcc/arm-none-eabi/13.2.1/../../../arm-none-eabi/lib/thumb/v7e-m+fp/hard/libc_nano.a(libc_a-strlen.o)
 .ARM.exidx     0x00000000        0x8 /usr/lib/gcc/arm-none-eabi/13.2.1/../../../arm-none-eabi/lib/thumb/v7e-m+fp/hard/libc_nano.a(libc_a-strlen.o)
 .data          0x00000000        0x0 /usr/lib/gcc/arm-none-eabi/13.2.1/../../../arm-none-eabi/lib/thumb/v7e-m+fp/hard/libc_nano.a(libc_a-memset.o)
 .bss           0x00000000        0x0 /usr/lib/gcc/arm-none-eabi/13.2.1/../../../arm-none-eabi/lib/thumb/v7e-m+fp/hard/libc_nano.a(libc_a-memset.o)
 .data          0x00000000        0x0 /usr/lib/gcc/arm-none-eabi/13.2.1/../../../arm-none-eabi/lib/thumb/v7e-m+fp/hard/libc_nano.a(libc_a-memcpy.o)
 .bss           0x00000000        0x0 /usr/lib/gcc/arm-none-eabi/13.2.1/../../../arm-none-eabi/lib/thumb/v7e-m+fp/hard/libc_nano.a(libc_a-memcpy.o)
 .ARM.extab     0x00000000        0x0 /usr/lib/gcc/arm-none-eabi/13.2.1/../../../arm-none-eabi/lib/thumb/v7e-m+fp/hard/libc_nano.a(libc_a-memcpy.o)

Memory Configuration

Name             Origin             Length             Attributes
ITCM             0x00000000         0x00010000         xrw
DTCM             0x20000000         0x00020000         rw
M7_0_SRAM_STDBY  0x20400000         0x00010000         rw
M7_0_PFLASH      0x00400000         0x00200000         xr
M7_0_DFLASH      0x10000000         0x0000c000         xr
M7_0_SRAM        0x20410000         0x00030000         rw
M7_1_PFLASH      0x00600000         0x00200000         xr
M7_1_DFLASH      0x1000c000         0x0000a000         xr
M7_1_SRAM        0x20440000         0x00040000         rw
M7_2_PFLASH      0x00800000         0x00400000         xr
M7_2_DFLASH      0x10016000         0x0000a000         xr
M7_2_SRAM        0x20480000         0x00040000         rw
*default*        0x00000000         0xffffffff

Linker script and memory map

LOAD main.o
LOAD startup_ARMCM7.o
LOAD system_ARMCM7.o
LOAD ../FreeRTOS/FreeRTOS/Source/list.o
LOAD ../FreeRTOS/FreeRTOS/Source/tasks.o
LOAD ../FreeRTOS/FreeRTOS/Source/queue.o
LOAD ../FreeRTOS/FreeRTOS/Source/timers.o
LOAD ../FreeRTOS/FreeRTOS/Source/portable/MemMang/heap_4.o
LOAD ../FreeRTOS/FreeRTOS/Source/portable/GCC/ARM_CM7/r0p1/port.o
START GROUP
LOAD /usr/lib/gcc/arm-none-eabi/13.2.1/../../../arm-none-eabi/lib/thumb/v7e-m+fp/hard/libc_nano.a
LOAD /usr/lib/gcc/arm-none-eabi/13.2.1/../../../arm-none-eabi/lib/thumb/v7e-m+fp/hard/libm.a
END GROUP
START GROUP
LOAD /usr/lib/gcc/arm-none-eabi/13.2.1/thumb/v7e-m+fp/hard/libgcc.a
LOAD /usr/lib/gcc/arm-none-eabi/13.2.1/../../../arm-none-eabi/lib/thumb/v7e-m+fp/hard/libc_nano.a
END GROUP
START GROUP
LOAD /usr/lib/gcc/arm-none-eabi/13.2.1/thumb/v7e-m+fp/hard/libgcc.a
LOAD /usr/lib/gcc/arm-none-eabi/13.2.1/../../../arm-none-eabi/lib/thumb/v7e-m+fp/hard/libc_nano.a
LOAD /usr/lib/gcc/arm-none-eabi/13.2.1/../../../arm-none-eabi/lib/thumb/v7e-m+fp/hard/libnosys.a
END GROUP
START GROUP
LOAD /usr/lib/gcc/arm-none-eabi/13.2.1/thumb/v7e-m+fp/hard/libgcc.a
LOAD /usr/lib/gcc/arm-none-eabi/13.2.1/../../../arm-none-eabi/lib/thumb/v7e-m+fp/hard/libc_nano.a
LOAD /usr/lib/gcc/arm-none-eabi/13.2.1/../../../arm-none-eabi/lib/thumb/v7e-m+fp/hard/libnosys.a
END GROUP
                0x00001000                        __STACK_SIZE = 0x1000
                0x00001000                        __HEAP_SIZE = 0x1000

.isr_vector     0x00000000       0x48
 *(.isr_vector)
 .isr_vector    0x00000000       0x48 startup_ARMCM7.o
                0x00000000                __Vectors

.text           0x00400000     0x3034
 *(.text*)
 .text.uart_init
                0x00400000       0x54 main.o
 .text.uart_send_byte
                0x00400054       0x34 main.o
 .text.uart_send_string
                0x00400088       0x40 main.o
 .text.TxTask1  0x004000c8       0x28 main.o
                0x004000c8                TxTask1
 .text.TxTask2  0x004000f0       0x28 main.o
                0x004000f0                TxTask2
 .text.main     0x00400118       0xa0 main.o
                0x00400118                main
 .text.Reset_Handler
                0x004001b8       0x4c startup_ARMCM7.o
                0x004001b8                Reset_Handler
 .text.Default_Handler
                0x00400204        0x8 startup_ARMCM7.o
                0x00400204                DebugMon_Handler
                0x00400204                HardFault_Handler
                0x00400204                INT0_Handler
                0x00400204                NMI_Handler
                0x00400204                UsageFault_Handler
                0x00400204                Default_Handler
                0x00400204                MemManage_Handler
                0x00400204                INT1_Handler
                0x00400204                BusFault_Handler
 .text.SystemInit
                0x0040020c       0x3c system_ARMCM7.o
                0x0040020c                SystemInit
 .text.vListInitialise
                0x00400248       0x40 ../FreeRTOS/FreeRTOS/Source/list.o
                0x00400248                vListInitialise
 .text.vListInitialiseItem
                0x00400288       0x1a ../FreeRTOS/FreeRTOS/Source/list.o
                0x00400288                vListInitialiseItem
 .text.vListInsert
                0x004002a2       0x72 ../FreeRTOS/FreeRTOS/Source/list.o
                0x004002a2                vListInsert
 .text.uxListRemove
                0x00400314       0x54 ../FreeRTOS/FreeRTOS/Source/list.o
                0x00400314                uxListRemove
 .text.prvCreateTask
                0x00400368       0x78 ../FreeRTOS/FreeRTOS/Source/tasks.o
 .text.xTaskCreate
                0x004003e0       0x46 ../FreeRTOS/FreeRTOS/Source/tasks.o
                0x004003e0                xTaskCreate
 .text.prvInitialiseNewTask
                0x00400426      0x128 ../FreeRTOS/FreeRTOS/Source/tasks.o
 *fill*         0x0040054e        0x2 
 .text.prvAddNewTaskToReadyList
                0x00400550      0x128 ../FreeRTOS/FreeRTOS/Source/tasks.o
 .text.vTaskDelay
                0x00400678       0x70 ../FreeRTOS/FreeRTOS/Source/tasks.o
                0x00400678                vTaskDelay
 .text.prvCreateIdleTasks
                0x004006e8       0x98 ../FreeRTOS/FreeRTOS/Source/tasks.o
 .text.vTaskStartScheduler
                0x00400780       0x90 ../FreeRTOS/FreeRTOS/Source/tasks.o
                0x00400780                vTaskStartScheduler
 .text.vTaskSuspendAll
                0x00400810       0x1c ../FreeRTOS/FreeRTOS/Source/tasks.o
                0x00400810                vTaskSuspendAll
 .text.xTaskResumeAll
                0x0040082c      0x214 ../FreeRTOS/FreeRTOS/Source/tasks.o
                0x0040082c                xTaskResumeAll
 .text.xTaskGetTickCount
                0x00400a40       0x20 ../FreeRTOS/FreeRTOS/Source/tasks.o
                0x00400a40                xTaskGetTickCount
 .text.uxTaskGetNumberOfTasks
                0x00400a60       0x18 ../FreeRTOS/FreeRTOS/Source/tasks.o
                0x00400a60                uxTaskGetNumberOfTasks
 .text.xTaskIncrementTick
                0x00400a78      0x238 ../FreeRTOS/FreeRTOS/Source/tasks.o
                0x00400a78                xTaskIncrementTick
 .text.vTaskSwitchContext
                0x00400cb0       0xc0 ../FreeRTOS/FreeRTOS/Source/tasks.o
                0x00400cb0                vTaskSwitchContext
 .text.vTaskPlaceOnEventList
                0x00400d70       0x50 ../FreeRTOS/FreeRTOS/Source/tasks.o
                0x00400d70                vTaskPlaceOnEventList
 .text.vTaskPlaceOnEventListRestricted
                0x00400dc0       0x90 ../FreeRTOS/FreeRTOS/Source/tasks.o
                0x00400dc0                vTaskPlaceOnEventListRestricted
 .text.xTaskRemoveFromEventList
                0x00400e50      0x1b8 ../FreeRTOS/FreeRTOS/Source/tasks.o
                0x00400e50                xTaskRemoveFromEventList
 .text.vTaskInternalSetTimeOutState
                0x00401008       0x2c ../FreeRTOS/FreeRTOS/Source/tasks.o
                0x00401008                vTaskInternalSetTimeOutState
 .text.xTaskCheckForTimeOut
                0x00401034       0xf8 ../FreeRTOS/FreeRTOS/Source/tasks.o
                0x00401034                xTaskCheckForTimeOut
 .text.vTaskMissedYield
                0x0040112c       0x18 ../FreeRTOS/FreeRTOS/Source/tasks.o
                0x0040112c                vTaskMissedYield
 .text.prvIdleTask
                0x00401144       0x30 ../FreeRTOS/FreeRTOS/Source/tasks.o
 .text.prvInitialiseTaskLists
                0x00401174       0x80 ../FreeRTOS/FreeRTOS/Source/tasks.o
 .text.prvCheckTasksWaitingTermination
                0x004011f4       0x5c ../FreeRTOS/FreeRTOS/Source/tasks.o
 .text.prvDeleteTCB
                0x00401250       0x20 ../FreeRTOS/FreeRTOS/Source/tasks.o
 .text.prvResetNextTaskUnblockTime
                0x00401270       0x38 ../FreeRTOS/FreeRTOS/Source/tasks.o
 .text.xTaskGetSchedulerState
                0x004012a8       0x3c ../FreeRTOS/FreeRTOS/Source/tasks.o
                0x004012a8                xTaskGetSchedulerState
 .text.xTaskPriorityDisinherit
                0x004012e4      0x158 ../FreeRTOS/FreeRTOS/Source/tasks.o
                0x004012e4                xTaskPriorityDisinherit
 .text.prvAddCurrentTaskToDelayedList
                0x0040143c      0x10c ../FreeRTOS/FreeRTOS/Source/tasks.o
 .text.xQueueGenericReset
                0x00401548      0x12c ../FreeRTOS/FreeRTOS/Source/queue.o
                0x00401548                xQueueGenericReset
 .text.xQueueGenericCreate
                0x00401674       0xa2 ../FreeRTOS/FreeRTOS/Source/queue.o
                0x00401674                xQueueGenericCreate
 .text.prvInitialiseNewQueue
                0x00401716       0x44 ../FreeRTOS/FreeRTOS/Source/queue.o
 *fill*         0x0040175a        0x2 
 .text.xQueueReceive
                0x0040175c      0x1d0 ../FreeRTOS/FreeRTOS/Source/queue.o
                0x0040175c                xQueueReceive
 .text.prvCopyDataToQueue
                0x0040192c       0xd4 ../FreeRTOS/FreeRTOS/Source/queue.o
 .text.prvCopyDataFromQueue
                0x00401a00       0x4c ../FreeRTOS/FreeRTOS/Source/queue.o
 .text.prvUnlockQueue
                0x00401a4c       0xbe ../FreeRTOS/FreeRTOS/Source/queue.o
 .text.prvIsQueueEmpty
                0x00401b0a       0x2c ../FreeRTOS/FreeRTOS/Source/queue.o
 *fill*         0x00401b36        0x2 
 .text.vQueueAddToRegistry
                0x00401b38       0xa4 ../FreeRTOS/FreeRTOS/Source/queue.o
                0x00401b38                vQueueAddToRegistry
 .text.vQueueWaitForMessageRestricted
                0x00401bdc       0x68 ../FreeRTOS/FreeRTOS/Source/queue.o
                0x00401bdc                vQueueWaitForMessageRestricted
 .text.prvNotifyQueueSetContainer
                0x00401c44       0xf2 ../FreeRTOS/FreeRTOS/Source/queue.o
 *fill*         0x00401d36        0x2 
 .text.xTimerCreateTimerTask
                0x00401d38       0x6c ../FreeRTOS/FreeRTOS/Source/timers.o
                0x00401d38                xTimerCreateTimerTask
 .text.prvReloadTimer
                0x00401da4       0x42 ../FreeRTOS/FreeRTOS/Source/timers.o
 *fill*         0x00401de6        0x2 
 .text.prvProcessExpiredTimer
                0x00401de8       0x60 ../FreeRTOS/FreeRTOS/Source/timers.o
 .text.prvTimerTask
                0x00401e48       0x26 ../FreeRTOS/FreeRTOS/Source/timers.o
 *fill*         0x00401e6e        0x2 
 .text.prvProcessTimerOrBlockTask
                0x00401e70       0x9c ../FreeRTOS/FreeRTOS/Source/timers.o
 .text.prvGetNextExpireTime
                0x00401f0c       0x48 ../FreeRTOS/FreeRTOS/Source/timers.o
 .text.prvSampleTimeNow
                0x00401f54       0x40 ../FreeRTOS/FreeRTOS/Source/timers.o
 .text.prvInsertTimerInActiveList
                0x00401f94       0x84 ../FreeRTOS/FreeRTOS/Source/timers.o
 .text.prvProcessReceivedCommands
                0x00402018      0x1d0 ../FreeRTOS/FreeRTOS/Source/timers.o
 .text.prvSwitchTimerLists
                0x004021e8       0x4c ../FreeRTOS/FreeRTOS/Source/timers.o
 .text.prvCheckForValidListAndQueue
                0x00402234       0x6c ../FreeRTOS/FreeRTOS/Source/timers.o
 .text.pvPortMalloc
                0x004022a0      0x288 ../FreeRTOS/FreeRTOS/Source/portable/MemMang/heap_4.o
                0x004022a0                pvPortMalloc
 .text.vPortFree
                0x00402528       0xf8 ../FreeRTOS/FreeRTOS/Source/portable/MemMang/heap_4.o
                0x00402528                vPortFree
 .text.prvHeapInit
                0x00402620       0xb4 ../FreeRTOS/FreeRTOS/Source/portable/MemMang/heap_4.o
 .text.prvInsertBlockIntoFreeList
                0x004026d4       0xf8 ../FreeRTOS/FreeRTOS/Source/portable/MemMang/heap_4.o
 .text.pxPortInitialiseStack
                0x004027cc       0x68 ../FreeRTOS/FreeRTOS/Source/portable/GCC/ARM_CM7/r0p1/port.o
                0x004027cc                pxPortInitialiseStack
 .text.prvTaskExitError
                0x00402834       0x64 ../FreeRTOS/FreeRTOS/Source/portable/GCC/ARM_CM7/r0p1/port.o
 *fill*         0x00402898        0x8 
 .text.vPortSVCHandler
                0x004028a0       0x28 ../FreeRTOS/FreeRTOS/Source/portable/GCC/ARM_CM7/r0p1/port.o
                0x004028a0                vPortSVCHandler
 .text.prvPortStartFirstTask
                0x004028c8       0x2c ../FreeRTOS/FreeRTOS/Source/portable/GCC/ARM_CM7/r0p1/port.o
 .text.xPortStartScheduler
                0x004028f4      0x1a0 ../FreeRTOS/FreeRTOS/Source/portable/GCC/ARM_CM7/r0p1/port.o
                0x004028f4                xPortStartScheduler
 .text.vPortEnterCritical
                0x00402a94       0x6c ../FreeRTOS/FreeRTOS/Source/portable/GCC/ARM_CM7/r0p1/port.o
                0x00402a94                vPortEnterCritical
 .text.vPortExitCritical
                0x00402b00       0x58 ../FreeRTOS/FreeRTOS/Source/portable/GCC/ARM_CM7/r0p1/port.o
                0x00402b00                vPortExitCritical
 *fill*         0x00402b58        0x8 
 .text.xPortPendSVHandler
                0x00402b60       0x68 ../FreeRTOS/FreeRTOS/Source/portable/GCC/ARM_CM7/r0p1/port.o
                0x00402b60                xPortPendSVHandler
 .text.xPortSysTickHandler
                0x00402bc8       0x48 ../FreeRTOS/FreeRTOS/Source/portable/GCC/ARM_CM7/r0p1/port.o
                0x00402bc8                xPortSysTickHandler
 .text.vPortSetupTimerInterrupt
                0x00402c10       0x38 ../FreeRTOS/FreeRTOS/Source/portable/GCC/ARM_CM7/r0p1/port.o
                0x00402c10                vPortSetupTimerInterrupt
 .text.vPortEnableVFP
                0x00402c48       0x18 ../FreeRTOS/FreeRTOS/Source/portable/GCC/ARM_CM7/r0p1/port.o
 .text          0x00402c60       0xa4 /usr/lib/gcc/arm-none-eabi/13.2.1/../../../arm-none-eabi/lib/thumb/v7e-m+fp/hard/libc_nano.a(libc_a-memset.o)
                0x00402c60                memset
 .text          0x00402d04      0x134 /usr/lib/gcc/arm-none-eabi/13.2.1/../../../arm-none-eabi/lib/thumb/v7e-m+fp/hard/libc_nano.a(libc_a-memcpy.o)
                0x00402d04                memcpy
 *(.init)
 *(.fini)
 *crtbegin.o(.ctors)
 *crtbegin?.o(.ctors)
 *(EXCLUDE_FILE(*crtend.o *crtend?.o) .ctors)
 *(SORT_BY_NAME(.ctors.*))
 *(.ctors)
 *crtbegin.o(.dtors)
 *crtbegin?.o(.dtors)
 *(EXCLUDE_FILE(*crtend.o *crtend?.o) .dtors)
 *(SORT_BY_NAME(.dtors.*))
 *(.dtors)
 *(.rodata*)
 .rodata        0x00402e38      0x17e main.o
 *fill*         0x00402fb6        0x2 
 .rodata.uxTopUsedPriority
                0x00402fb8        0x4 ../FreeRTOS/FreeRTOS/Source/tasks.o
 .rodata        0x00402fbc        0x5 ../FreeRTOS/FreeRTOS/Source/tasks.o
 *fill*         0x00402fc1        0x3 
 .rodata        0x00402fc4        0xd ../FreeRTOS/FreeRTOS/Source/timers.o
 *(.eh_frame*)
 *fill*         0x00402fd1        0x3 
 .eh_frame      0x00402fd4       0x34 /usr/lib/gcc/arm-none-eabi/13.2.1/../../../arm-none-eabi/lib/thumb/v7e-m+fp/hard/libc_nano.a(libc_a-strlen.o)
 .eh_frame      0x00403008       0x2c /usr/lib/gcc/arm-none-eabi/13.2.1/../../../arm-none-eabi/lib/thumb/v7e-m+fp/hard/libc_nano.a(libc_a-memcpy.o)

.glue_7         0x00403034        0x0
 .glue_7        0x00403034        0x0 linker stubs

.glue_7t        0x00403034        0x0
 .glue_7t       0x00403034        0x0 linker stubs

.vfp11_veneer   0x00403034        0x0
 .vfp11_veneer  0x00403034        0x0 linker stubs

.v4_bx          0x00403034        0x0
 .v4_bx         0x00403034        0x0 linker stubs

.iplt           0x00403034        0x0
 .iplt          0x00403034        0x0 main.o

.ARM.extab
 *(.ARM.extab* .gnu.linkonce.armextab.*)
                0x00403034                        __exidx_start = .

.ARM.exidx      0x00403034        0x8
 *(.ARM.exidx* .gnu.linkonce.armexidx.*)
 .ARM.exidx     0x00403034        0x8 /usr/lib/gcc/arm-none-eabi/13.2.1/../../../arm-none-eabi/lib/thumb/v7e-m+fp/hard/libc_nano.a(libc_a-memcpy.o)
                0x0040303c                        __exidx_end = .

.rel.dyn        0x0040303c        0x0
 .rel.iplt      0x0040303c        0x0 main.o

.ecc.table      0x0040303c       0x60
                0x0040303c                        . = ALIGN (0x4)
                0x0040303c                        __ecc_table_start__ = .
                0x0040303c        0x8 QUAD 0x20410000 __data_start__
                0x00403044        0x8 QUAD 0x1 ((__data_end__ - __data_start__) / 0x8)
                0x0040304c        0x8 QUAD 0x20410008 __bss_start__
                0x00403054        0x8 QUAD 0x4041 ((__bss_end__ - __bss_start__) / 0x8)
                0x0040305c        0x8 QUAD 0x20430210 __HeapTop
                0x00403064        0x8 QUAD 0x200 ((__HeapLimit - __HeapTop) / 0x8)
                0x0040306c        0x8 QUAD 0x2043f000 __StackLimit
                0x00403074        0x8 QUAD 0x200 ((__StackTop - __StackLimit) / 0x8)
                0x0040307c        0x8 QUAD 0x0 ORIGIN (ITCM)
                0x00403084        0x8 QUAD 0x2000 (LENGTH (ITCM) / 0x8)
                0x0040308c        0x8 QUAD 0x20000000 ORIGIN (DTCM)
                0x00403094        0x8 QUAD 0x4000 (LENGTH (DTCM) / 0x8)
                0x0040309c                        __ecc_table_end__ = .

.copy.table     0x0040309c        0xc
                0x0040309c                        . = ALIGN (0x4)
                0x0040309c                        __copy_table_start__ = .
                0x0040309c        0x4 LONG 0x4030a8 __etext
                0x004030a0        0x4 LONG 0x20410000 __data_start__
                0x004030a4        0x4 LONG 0x2 ((__data_end__ - __data_start__) / 0x4)
                0x004030a8                        __copy_table_end__ = .

.zero.table     0x004030a8        0x0
                0x004030a8                        . = ALIGN (0x4)
                0x004030a8                        __zero_table_start__ = .
                0x004030a8                        __zero_table_end__ = .
                0x004030a8                        __etext = ALIGN (0x8)

.boot_header
 *(.boot_header)

.standby_ram
 *(.standby_ram)

.data           0x20410000        0x8 load address 0x004030a8
                0x20410000                        . = ALIGN (0x8)
                0x20410000                        __data_start__ = .
 *(vtable)
 *(.data)
 *(.data.*)
 .data.SystemCoreClock
                0x20410000        0x4 system_ARMCM7.o
                0x20410000                SystemCoreClock
 .data.uxCriticalNesting
                0x20410004        0x4 ../FreeRTOS/FreeRTOS/Source/portable/GCC/ARM_CM7/r0p1/port.o
                0x20410008                        . = ALIGN (0x4)
                [!provide]                        PROVIDE (__preinit_array_start = .)
 *(.preinit_array)
                [!provide]                        PROVIDE (__preinit_array_end = .)
                0x20410008                        . = ALIGN (0x4)
                [!provide]                        PROVIDE (__init_array_start = .)
 *(SORT_BY_NAME(.init_array.*))
 *(.init_array)
                [!provide]                        PROVIDE (__init_array_end = .)
                0x20410008                        . = ALIGN (0x4)
                [!provide]                        PROVIDE (__fini_array_start = .)
 *(SORT_BY_NAME(.fini_array.*))
 *(.fini_array)
                [!provide]                        PROVIDE (__fini_array_end = .)
 *(.jcr*)
                0x20410008                        . = ALIGN (0x8)
                0x20410008                        __data_end__ = .

.igot.plt       0x20410008        0x0 load address 0x004030b0
 .igot.plt      0x20410008        0x0 main.o

.bss            0x20410008    0x20208 load address 0x004030b0
                0x20410008                        . = ALIGN (0x8)
                0x20410008                        __bss_start__ = .
 *(.bss)
 *(.bss.*)
 .bss.pxCurrentTCB
                0x20410008        0x4 ../FreeRTOS/FreeRTOS/Source/tasks.o
                0x20410008                pxCurrentTCB
 .bss.pxReadyTasksLists
                0x2041000c       0xb4 ../FreeRTOS/FreeRTOS/Source/tasks.o
 .bss.xDelayedTaskList1
                0x204100c0       0x14 ../FreeRTOS/FreeRTOS/Source/tasks.o
 .bss.xDelayedTaskList2
                0x204100d4       0x14 ../FreeRTOS/FreeRTOS/Source/tasks.o
 .bss.pxDelayedTaskList
                0x204100e8        0x4 ../FreeRTOS/FreeRTOS/Source/tasks.o
 .bss.pxOverflowDelayedTaskList
                0x204100ec        0x4 ../FreeRTOS/FreeRTOS/Source/tasks.o
 .bss.xPendingReadyList
                0x204100f0       0x14 ../FreeRTOS/FreeRTOS/Source/tasks.o
 .bss.xTasksWaitingTermination
                0x20410104       0x14 ../FreeRTOS/FreeRTOS/Source/tasks.o
 .bss.uxDeletedTasksWaitingCleanUp
                0x20410118        0x4 ../FreeRTOS/FreeRTOS/Source/tasks.o
 .bss.xSuspendedTaskList
                0x2041011c       0x14 ../FreeRTOS/FreeRTOS/Source/tasks.o
 .bss.uxCurrentNumberOfTasks
                0x20410130        0x4 ../FreeRTOS/FreeRTOS/Source/tasks.o
 .bss.xTickCount
                0x20410134        0x4 ../FreeRTOS/FreeRTOS/Source/tasks.o
 .bss.uxTopReadyPriority
                0x20410138        0x4 ../FreeRTOS/FreeRTOS/Source/tasks.o
 .bss.xSchedulerRunning
                0x2041013c        0x4 ../FreeRTOS/FreeRTOS/Source/tasks.o
 .bss.xPendedTicks
                0x20410140        0x4 ../FreeRTOS/FreeRTOS/Source/tasks.o
 .bss.xYieldPendings
                0x20410144        0x4 ../FreeRTOS/FreeRTOS/Source/tasks.o
 .bss.xNumOfOverflows
                0x20410148        0x4 ../FreeRTOS/FreeRTOS/Source/tasks.o
 .bss.uxTaskNumber
                0x2041014c        0x4 ../FreeRTOS/FreeRTOS/Source/tasks.o
 .bss.xNextTaskUnblockTime
                0x20410150        0x4 ../FreeRTOS/FreeRTOS/Source/tasks.o
 .bss.xIdleTaskHandles
                0x20410154        0x4 ../FreeRTOS/FreeRTOS/Source/tasks.o
 .bss.uxSchedulerSuspended
                0x20410158        0x4 ../FreeRTOS/FreeRTOS/Source/tasks.o
 .bss.xQueueRegistry
                0x2041015c       0x50 ../FreeRTOS/FreeRTOS/Source/queue.o
                0x2041015c                xQueueRegistry
 .bss.xActiveTimerList1
                0x204101ac       0x14 ../FreeRTOS/FreeRTOS/Source/timers.o
 .bss.xActiveTimerList2
                0x204101c0       0x14 ../FreeRTOS/FreeRTOS/Source/timers.o
 .bss.pxCurrentTimerList
                0x204101d4        0x4 ../FreeRTOS/FreeRTOS/Source/timers.o
 .bss.pxOverflowTimerList
                0x204101d8        0x4 ../FreeRTOS/FreeRTOS/Source/timers.o
 .bss.xTimerQueue
                0x204101dc        0x4 ../FreeRTOS/FreeRTOS/Source/timers.o
 .bss.xTimerTaskHandle
                0x204101e0        0x4 ../FreeRTOS/FreeRTOS/Source/timers.o
 .bss.xLastTime.0
                0x204101e4        0x4 ../FreeRTOS/FreeRTOS/Source/timers.o
 .bss.ucHeap    0x204101e8    0x20000 ../FreeRTOS/FreeRTOS/Source/portable/MemMang/heap_4.o
 .bss.xStart    0x204301e8        0x8 ../FreeRTOS/FreeRTOS/Source/portable/MemMang/heap_4.o
 .bss.pxEnd     0x204301f0        0x4 ../FreeRTOS/FreeRTOS/Source/portable/MemMang/heap_4.o
 .bss.xFreeBytesRemaining
                0x204301f4        0x4 ../FreeRTOS/FreeRTOS/Source/portable/MemMang/heap_4.o
 .bss.xMinimumEverFreeBytesRemaining
                0x204301f8        0x4 ../FreeRTOS/FreeRTOS/Source/portable/MemMang/heap_4.o
 .bss.xNumberOfSuccessfulAllocations
                0x204301fc        0x4 ../FreeRTOS/FreeRTOS/Source/portable/MemMang/heap_4.o
 .bss.xNumberOfSuccessfulFrees
                0x20430200        0x4 ../FreeRTOS/FreeRTOS/Source/portable/MemMang/heap_4.o
 .bss.ucMaxSysCallPriority
                0x20430204        0x1 ../FreeRTOS/FreeRTOS/Source/portable/GCC/ARM_CM7/r0p1/port.o
 *fill*         0x20430205        0x3 
 .bss.ulMaxPRIGROUPValue
                0x20430208        0x4 ../FreeRTOS/FreeRTOS/Source/portable/GCC/ARM_CM7/r0p1/port.o
 *(COMMON)
                0x20430210                        . = ALIGN (0x8)
 *fill*         0x2043020c        0x4 
                0x20430210                        __bss_end__ = .

.heap           0x20430210     0x1000
                0x20430210                        . = ALIGN (0x8)
                0x20430210                        __HeapTop = .
                0x20430210                        __end__ = .
                0x20430210                        _end = .
                [!provide]                        PROVIDE (end = .)
                0x20431210                        . = (. + __HEAP_SIZE)
 *fill*         0x20430210     0x1000 
                0x20431210                        . = ALIGN (0x8)
                0x20431210                        __HeapLimit = .

.stack          0x2043f000     0x1000
                0x2043f000                        . = ALIGN (0x8)
                0x2043f000                        __StackLimit = .
                0x20440000                        . = (. + __STACK_SIZE)
 *fill*         0x2043f000     0x1000 
                0x20440000                        . = ALIGN (0x8)
                0x20440000                        __StackTop = .
                0x20440000                        PROVIDE (__stack = __StackTop)
                0x00000001                        ASSERT ((__StackLimit >= __HeapLimit), region RAM overflowed with stack)
                0x00400000                        CM7_0_START_ADDRESS = ORIGIN (M7_0_PFLASH)
                0x00600000                        CM7_1_START_ADDRESS = ORIGIN (M7_1_PFLASH)
                0x00800000                        CM7_2_START_ADDRESS = ORIGIN (M7_2_PFLASH)
                0x20400000                        __STDBYRAM_START = ORIGIN (M7_0_SRAM_STDBY)
                0x00010000                        __STDBYRAM_SIZE = LENGTH (M7_0_SRAM_STDBY)
OUTPUT(firmware.elf elf32-littlearm)
LOAD linker stubs

.debug_info     0x00000000     0x6919
 .debug_info    0x00000000      0x234 main.o
 .debug_info    0x00000234      0x163 startup_ARMCM7.o
 .debug_info    0x00000397      0x408 system_ARMCM7.o
 .debug_info    0x0000079f      0x29e ../FreeRTOS/FreeRTOS/Source/list.o
 .debug_info    0x00000a3d     0x271f ../FreeRTOS/FreeRTOS/Source/tasks.o
 .debug_info    0x0000315c     0x1afb ../FreeRTOS/FreeRTOS/Source/queue.o
 .debug_info    0x00004c57     0x1035 ../FreeRTOS/FreeRTOS/Source/timers.o
 .debug_info    0x00005c8c      0x5cf ../FreeRTOS/FreeRTOS/Source/portable/MemMang/heap_4.o
 .debug_info    0x0000625b      0x523 ../FreeRTOS/FreeRTOS/Source/portable/GCC/ARM_CM7/r0p1/port.o
 .debug_info    0x0000677e       0x33 /usr/lib/gcc/arm-none-eabi/13.2.1/../../../arm-none-eabi/lib/thumb/v7e-m+fp/hard/libc_nano.a(libc_a-strlen.o)
 .debug_info    0x000067b1      0x135 /usr/lib/gcc/arm-none-eabi/13.2.1/../../../arm-none-eabi/lib/thumb/v7e-m+fp/hard/libc_nano.a(libc_a-memset.o)
 .debug_info    0x000068e6       0x33 /usr/lib/gcc/arm-none-eabi/13.2.1/../../../arm-none-eabi/lib/thumb/v7e-m+fp/hard/libc_nano.a(libc_a-memcpy.o)

.debug_abbrev   0x00000000     0x1380
 .debug_abbrev  0x00000000      0x14f main.o
 .debug_abbrev  0x0000014f      0x100 startup_ARMCM7.o
 .debug_abbrev  0x0000024f       0xf0 system_ARMCM7.o
 .debug_abbrev  0x0000033f       0xee ../FreeRTOS/FreeRTOS/Source/list.o
 .debug_abbrev  0x0000042d      0x396 ../FreeRTOS/FreeRTOS/Source/tasks.o
 .debug_abbrev  0x000007c3      0x322 ../FreeRTOS/FreeRTOS/Source/queue.o
 .debug_abbrev  0x00000ae5      0x2e3 ../FreeRTOS/FreeRTOS/Source/timers.o
 .debug_abbrev  0x00000dc8      0x25a ../FreeRTOS/FreeRTOS/Source/portable/MemMang/heap_4.o
 .debug_abbrev  0x00001022      0x257 ../FreeRTOS/FreeRTOS/Source/portable/GCC/ARM_CM7/r0p1/port.o
 .debug_abbrev  0x00001279       0x28 /usr/lib/gcc/arm-none-eabi/13.2.1/../../../arm-none-eabi/lib/thumb/v7e-m+fp/hard/libc_nano.a(libc_a-strlen.o)
 .debug_abbrev  0x000012a1       0xb7 /usr/lib/gcc/arm-none-eabi/13.2.1/../../../arm-none-eabi/lib/thumb/v7e-m+fp/hard/libc_nano.a(libc_a-memset.o)
 .debug_abbrev  0x00001358       0x28 /usr/lib/gcc/arm-none-eabi/13.2.1/../../../arm-none-eabi/lib/thumb/v7e-m+fp/hard/libc_nano.a(libc_a-memcpy.o)

.debug_aranges  0x00000000      0x6b0
 .debug_aranges
                0x00000000       0x48 main.o
 .debug_aranges
                0x00000048       0x28 startup_ARMCM7.o
 .debug_aranges
                0x00000070       0x28 system_ARMCM7.o
 .debug_aranges
                0x00000098       0x40 ../FreeRTOS/FreeRTOS/Source/list.o
 .debug_aranges
                0x000000d8      0x230 ../FreeRTOS/FreeRTOS/Source/tasks.o
 .debug_aranges
                0x00000308      0x168 ../FreeRTOS/FreeRTOS/Source/queue.o
 .debug_aranges
                0x00000470       0xf8 ../FreeRTOS/FreeRTOS/Source/timers.o
 .debug_aranges
                0x00000568       0x68 ../FreeRTOS/FreeRTOS/Source/portable/MemMang/heap_4.o
 .debug_aranges
                0x000005d0       0x80 ../FreeRTOS/FreeRTOS/Source/portable/GCC/ARM_CM7/r0p1/port.o
 .debug_aranges
                0x00000650       0x20 /usr/lib/gcc/arm-none-eabi/13.2.1/../../../arm-none-eabi/lib/thumb/v7e-m+fp/hard/libc_nano.a(libc_a-strlen.o)
 .debug_aranges
                0x00000670       0x20 /usr/lib/gcc/arm-none-eabi/13.2.1/../../../arm-none-eabi/lib/thumb/v7e-m+fp/hard/libc_nano.a(libc_a-memset.o)
 .debug_aranges
                0x00000690       0x20 /usr/lib/gcc/arm-none-eabi/13.2.1/../../../arm-none-eabi/lib/thumb/v7e-m+fp/hard/libc_nano.a(libc_a-memcpy.o)

.debug_rnglists
                0x00000000      0x4dc
 .debug_rnglists
                0x00000000       0x32 main.o
 .debug_rnglists
                0x00000032       0x19 startup_ARMCM7.o
 .debug_rnglists
                0x0000004b       0x19 system_ARMCM7.o
 .debug_rnglists
                0x00000064       0x2b ../FreeRTOS/FreeRTOS/Source/list.o
 .debug_rnglists
                0x0000008f      0x1d1 ../FreeRTOS/FreeRTOS/Source/tasks.o
 .debug_rnglists
                0x00000260      0x117 ../FreeRTOS/FreeRTOS/Source/queue.o
 .debug_rnglists
                0x00000377       0xba ../FreeRTOS/FreeRTOS/Source/timers.o
 .debug_rnglists
                0x00000431       0x4e ../FreeRTOS/FreeRTOS/Source/portable/MemMang/heap_4.o
 .debug_rnglists
                0x0000047f       0x5d ../FreeRTOS/FreeRTOS/Source/portable/GCC/ARM_CM7/r0p1/port.o

.debug_macro    0x00000000     0x5591
 .debug_macro   0x00000000      0x108 main.o
 .debug_macro   0x00000108      0xad8 main.o
 .debug_macro   0x00000be0      0x34e main.o
 .debug_macro   0x00000f2e      0x190 main.o
 .debug_macro   0x000010be       0x16 main.o
 .debug_macro   0x000010d4      0x154 main.o
 .debug_macro   0x00001228       0x1c main.o
 .debug_macro   0x00001244      0x182 main.o
 .debug_macro   0x000013c6       0xe7 main.o
 .debug_macro   0x000014ad       0x2e main.o
 .debug_macro   0x000014db       0x1f main.o
 .debug_macro   0x000014fa       0x12 main.o
 .debug_macro   0x0000150c      0xfd7 main.o
 .debug_macro   0x000024e3       0xc3 main.o
 .debug_macro   0x000025a6      0x14f main.o
 .debug_macro   0x000026f5       0x1a startup_ARMCM7.o
 .debug_macro   0x0000270f       0x8d system_ARMCM7.o
 .debug_macro   0x0000279c       0x16 system_ARMCM7.o
 .debug_macro   0x000027b2       0x7c system_ARMCM7.o
 .debug_macro   0x0000282e       0x1c system_ARMCM7.o
 .debug_macro   0x0000284a       0x1c system_ARMCM7.o
 .debug_macro   0x00002866       0x22 system_ARMCM7.o
 .debug_macro   0x00002888      0x116 system_ARMCM7.o
 .debug_macro   0x0000299e     0x1305 system_ARMCM7.o
 .debug_macro   0x00003ca3      0x11f system_ARMCM7.o
 .debug_macro   0x00003dc2       0x27 system_ARMCM7.o
 .debug_macro   0x00003de9      0x171 ../FreeRTOS/FreeRTOS/Source/list.o
 .debug_macro   0x00003f5a       0x2a ../FreeRTOS/FreeRTOS/Source/list.o
 .debug_macro   0x00003f84       0x22 ../FreeRTOS/FreeRTOS/Source/list.o
 .debug_macro   0x00003fa6       0x60 ../FreeRTOS/FreeRTOS/Source/list.o
 .debug_macro   0x00004006       0x94 ../FreeRTOS/FreeRTOS/Source/list.o
 .debug_macro   0x0000409a       0x3c ../FreeRTOS/FreeRTOS/Source/list.o
 .debug_macro   0x000040d6       0x34 ../FreeRTOS/FreeRTOS/Source/list.o
 .debug_macro   0x0000410a       0x16 ../FreeRTOS/FreeRTOS/Source/list.o
 .debug_macro   0x00004120      0x11c ../FreeRTOS/FreeRTOS/Source/list.o
 .debug_macro   0x0000423c       0x9b ../FreeRTOS/FreeRTOS/Source/list.o
 .debug_macro   0x000042d7       0x57 ../FreeRTOS/FreeRTOS/Source/list.o
 .debug_macro   0x0000432e      0x370 ../FreeRTOS/FreeRTOS/Source/list.o
 .debug_macro   0x0000469e       0x16 ../FreeRTOS/FreeRTOS/Source/list.o
 .debug_macro   0x000046b4       0x4a ../FreeRTOS/FreeRTOS/Source/list.o
 .debug_macro   0x000046fe       0x34 ../FreeRTOS/FreeRTOS/Source/list.o
 .debug_macro   0x00004732       0x10 ../FreeRTOS/FreeRTOS/Source/list.o
 .debug_macro   0x00004742       0x52 ../FreeRTOS/FreeRTOS/Source/list.o
 .debug_macro   0x00004794      0x1de ../FreeRTOS/FreeRTOS/Source/list.o
 .debug_macro   0x00004972       0x16 ../FreeRTOS/FreeRTOS/Source/list.o
 .debug_macro   0x00004988       0x29 ../FreeRTOS/FreeRTOS/Source/list.o
 .debug_macro   0x000049b1      0x289 ../FreeRTOS/FreeRTOS/Source/tasks.o
 .debug_macro   0x00004c3a       0x16 ../FreeRTOS/FreeRTOS/Source/tasks.o
 .debug_macro   0x00004c50       0x3c ../FreeRTOS/FreeRTOS/Source/tasks.o
 .debug_macro   0x00004c8c       0x98 ../FreeRTOS/FreeRTOS/Source/tasks.o
 .debug_macro   0x00004d24       0x17 ../FreeRTOS/FreeRTOS/Source/tasks.o
 .debug_macro   0x00004d3b      0x203 ../FreeRTOS/FreeRTOS/Source/queue.o
 .debug_macro   0x00004f3e       0x80 ../FreeRTOS/FreeRTOS/Source/queue.o
 .debug_macro   0x00004fbe      0x1c0 ../FreeRTOS/FreeRTOS/Source/timers.o
 .debug_macro   0x0000517e       0x9e ../FreeRTOS/FreeRTOS/Source/timers.o
 .debug_macro   0x0000521c      0x201 ../FreeRTOS/FreeRTOS/Source/portable/MemMang/heap_4.o
 .debug_macro   0x0000541d      0x174 ../FreeRTOS/FreeRTOS/Source/portable/GCC/ARM_CM7/r0p1/port.o

.debug_line     0x00000000     0x51a6
 .debug_line    0x00000000      0x279 main.o
 .debug_line    0x00000279       0xb8 startup_ARMCM7.o
 .debug_line    0x00000331      0x135 system_ARMCM7.o
 .debug_line    0x00000466      0x3a1 ../FreeRTOS/FreeRTOS/Source/list.o
 .debug_line    0x00000807     0x1bf6 ../FreeRTOS/FreeRTOS/Source/tasks.o
 .debug_line    0x000023fd     0x14e1 ../FreeRTOS/FreeRTOS/Source/queue.o
 .debug_line    0x000038de      0x9df ../FreeRTOS/FreeRTOS/Source/timers.o
 .debug_line    0x000042bd      0x73f ../FreeRTOS/FreeRTOS/Source/portable/MemMang/heap_4.o
 .debug_line    0x000049fc      0x4b5 ../FreeRTOS/FreeRTOS/Source/portable/GCC/ARM_CM7/r0p1/port.o
 .debug_line    0x00004eb1       0x86 /usr/lib/gcc/arm-none-eabi/13.2.1/../../../arm-none-eabi/lib/thumb/v7e-m+fp/hard/libc_nano.a(libc_a-strlen.o)
 .debug_line    0x00004f37      0x1b6 /usr/lib/gcc/arm-none-eabi/13.2.1/../../../arm-none-eabi/lib/thumb/v7e-m+fp/hard/libc_nano.a(libc_a-memset.o)
 .debug_line    0x000050ed       0xb9 /usr/lib/gcc/arm-none-eabi/13.2.1/../../../arm-none-eabi/lib/thumb/v7e-m+fp/hard/libc_nano.a(libc_a-memcpy.o)

.debug_str      0x00000000    0x1e4a1
 .debug_str     0x00000000    0x1e4a1 main.o
                               0xe65c (size before relaxing)
 .debug_str     0x0001e4a1     0x39b0 startup_ARMCM7.o
 .debug_str     0x0001e4a1     0xbcf2 system_ARMCM7.o
 .debug_str     0x0001e4a1     0xfed7 ../FreeRTOS/FreeRTOS/Source/list.o
 .debug_str     0x0001e4a1    0x13673 ../FreeRTOS/FreeRTOS/Source/tasks.o
 .debug_str     0x0001e4a1    0x128b7 ../FreeRTOS/FreeRTOS/Source/queue.o
 .debug_str     0x0001e4a1    0x12b4c ../FreeRTOS/FreeRTOS/Source/timers.o
 .debug_str     0x0001e4a1    0x119e9 ../FreeRTOS/FreeRTOS/Source/portable/MemMang/heap_4.o
 .debug_str     0x0001e4a1     0xed7a ../FreeRTOS/FreeRTOS/Source/portable/GCC/ARM_CM7/r0p1/port.o
 .debug_str     0x0001e4a1       0xab /usr/lib/gcc/arm-none-eabi/13.2.1/../../../arm-none-eabi/lib/thumb/v7e-m+fp/hard/libc_nano.a(libc_a-strlen.o)
 .debug_str     0x0001e4a1      0x1ad /usr/lib/gcc/arm-none-eabi/13.2.1/../../../arm-none-eabi/lib/thumb/v7e-m+fp/hard/libc_nano.a(libc_a-memset.o)
 .debug_str     0x0001e4a1       0xac /usr/lib/gcc/arm-none-eabi/13.2.1/../../../arm-none-eabi/lib/thumb/v7e-m+fp/hard/libc_nano.a(libc_a-memcpy.o)

.comment        0x00000000       0x26
 .comment       0x00000000       0x26 main.o
                                 0x27 (size before relaxing)
 .comment       0x00000026       0x27 startup_ARMCM7.o
 .comment       0x00000026       0x27 system_ARMCM7.o
 .comment       0x00000026       0x27 ../FreeRTOS/FreeRTOS/Source/list.o
 .comment       0x00000026       0x27 ../FreeRTOS/FreeRTOS/Source/tasks.o
 .comment       0x00000026       0x27 ../FreeRTOS/FreeRTOS/Source/queue.o
 .comment       0x00000026       0x27 ../FreeRTOS/FreeRTOS/Source/timers.o
 .comment       0x00000026       0x27 ../FreeRTOS/FreeRTOS/Source/portable/MemMang/heap_4.o
 .comment       0x00000026       0x27 ../FreeRTOS/FreeRTOS/Source/portable/GCC/ARM_CM7/r0p1/port.o
 .comment       0x00000026       0x27 /usr/lib/gcc/arm-none-eabi/13.2.1/../../../arm-none-eabi/lib/thumb/v7e-m+fp/hard/libc_nano.a(libc_a-memset.o)

.ARM.attributes
                0x00000000       0x32
 .ARM.attributes
                0x00000000       0x34 main.o
 .ARM.attributes
                0x00000034       0x34 startup_ARMCM7.o
 .ARM.attributes
                0x00000068       0x34 system_ARMCM7.o
 .ARM.attributes
                0x0000009c       0x34 ../FreeRTOS/FreeRTOS/Source/list.o
 .ARM.attributes
                0x000000d0       0x34 ../FreeRTOS/FreeRTOS/Source/tasks.o
 .ARM.attributes
                0x00000104       0x34 ../FreeRTOS/FreeRTOS/Source/queue.o
 .ARM.attributes
                0x00000138       0x34 ../FreeRTOS/FreeRTOS/Source/timers.o
 .ARM.attributes
                0x0000016c       0x34 ../FreeRTOS/FreeRTOS/Source/portable/MemMang/heap_4.o
 .ARM.attributes
                0x000001a0       0x34 ../FreeRTOS/FreeRTOS/Source/portable/GCC/ARM_CM7/r0p1/port.o
 .ARM.attributes
                0x000001d4       0x1c /usr/lib/gcc/arm-none-eabi/13.2.1/../../../arm-none-eabi/lib/thumb/v7e-m+fp/hard/libc_nano.a(libc_a-strlen.o)
 .ARM.attributes
                0x000001f0       0x34 /usr/lib/gcc/arm-none-eabi/13.2.1/../../../arm-none-eabi/lib/thumb/v7e-m+fp/hard/libc_nano.a(libc_a-memset.o)
 .ARM.attributes
                0x00000224       0x20 /usr/lib/gcc/arm-none-eabi/13.2.1/../../../arm-none-eabi/lib/thumb/v7e-m+fp/hard/libc_nano.a(libc_a-memcpy.o)

.debug_frame    0x00000000     0x197c
 .debug_frame   0x00000000       0xe0 main.o
 .debug_frame   0x000000e0       0x38 startup_ARMCM7.o
 .debug_frame   0x00000118       0x50 system_ARMCM7.o
 .debug_frame   0x00000168       0xd8 ../FreeRTOS/FreeRTOS/Source/list.o
 .debug_frame   0x00000240      0x9c0 ../FreeRTOS/FreeRTOS/Source/tasks.o
 .debug_frame   0x00000c00      0x630 ../FreeRTOS/FreeRTOS/Source/queue.o
 .debug_frame   0x00001230      0x404 ../FreeRTOS/FreeRTOS/Source/timers.o
 .debug_frame   0x00001634      0x174 ../FreeRTOS/FreeRTOS/Source/portable/MemMang/heap_4.o
 .debug_frame   0x000017a8      0x1a8 ../FreeRTOS/FreeRTOS/Source/portable/GCC/ARM_CM7/r0p1/port.o
 .debug_frame   0x00001950       0x2c /usr/lib/gcc/arm-none-eabi/13.2.1/../../../arm-none-eabi/lib/thumb/v7e-m+fp/hard/libc_nano.a(libc_a-memset.o)

.debug_line_str
                0x00000000       0xa8
 .debug_line_str
                0x00000000       0xa8 /usr/lib/gcc/arm-none-eabi/13.2.1/../../../arm-none-eabi/lib/thumb/v7e-m+fp/hard/libc_nano.a(libc_a-strlen.o)
                                 0x98 (size before relaxing)
 .debug_line_str
                0x000000a8       0x99 /usr/lib/gcc/arm-none-eabi/13.2.1/../../../arm-none-eabi/lib/thumb/v7e-m+fp/hard/libc_nano.a(libc_a-memcpy.o)

.debug_loclists
                0x00000000      0x1c2
 .debug_loclists
                0x00000000      0x1c2 /usr/lib/gcc/arm-none-eabi/13.2.1/../../../arm-none-eabi/lib/thumb/v7e-m+fp/hard/libc_nano.a(libc_a-memset.o)
