Archive member included to satisfy reference by file (symbol)

/usr/lib/gcc/arm-none-eabi/13.2.1/../../../arm-none-eabi/lib/thumb/v7e-m+fp/hard/libc_nano.a(libc_a-strlen.o)
                              ../FreeRTOS/FreeRTOS/Source/tasks.o (strlen)
/usr/lib/gcc/arm-none-eabi/13.2.1/../../../arm-none-eabi/lib/thumb/v7e-m+fp/hard/libc_nano.a(libc_a-memset.o)
                              ../FreeRTOS/FreeRTOS/Source/tasks.o (memset)
/usr/lib/gcc/arm-none-eabi/13.2.1/../../../arm-none-eabi/lib/thumb/v7e-m+fp/hard/libc_nano.a(libc_a-memcpy.o)
                              ../FreeRTOS/FreeRTOS/Source/queue.o (memcpy)

Discarded input sections

 .group         0x00000000        0xc main.o
 .group         0x00000000        0xc main.o
 .group         0x00000000        0xc main.o
 .group         0x00000000        0xc main.o
 .group         0x00000000        0xc main.o
 .group         0x00000000        0xc main.o
 .group         0x00000000        0xc main.o
 .group         0x00000000        0xc main.o
 .group         0x00000000        0xc main.o
 .group         0x00000000        0xc main.o
 .group         0x00000000        0xc main.o
 .group         0x00000000        0xc main.o
 .group         0x00000000        0xc main.o
 .group         0x00000000        0xc main.o
 .text          0x00000000        0x0 main.o
 .data          0x00000000        0x0 main.o
 .bss           0x00000000        0x0 main.o
 .group         0x00000000        0xc startup_ARMCM7.o
 .group         0x00000000        0xc startup_ARMCM7.o
 .text          0x00000000        0x0 startup_ARMCM7.o
 .data          0x00000000        0x0 startup_ARMCM7.o
 .bss           0x00000000        0x0 startup_ARMCM7.o
 .debug_macro   0x00000000      0xad8 startup_ARMCM7.o
 .debug_macro   0x00000000      0x34e startup_ARMCM7.o
 .group         0x00000000        0xc system_ARMCM7.o
 .group         0x00000000        0xc system_ARMCM7.o
 .group         0x00000000        0xc system_ARMCM7.o
 .group         0x00000000        0xc system_ARMCM7.o
 .group         0x00000000        0xc system_ARMCM7.o
 .group         0x00000000        0xc system_ARMCM7.o
 .group         0x00000000        0xc system_ARMCM7.o
 .group         0x00000000        0xc system_ARMCM7.o
 .group         0x00000000        0xc system_ARMCM7.o
 .group         0x00000000        0xc system_ARMCM7.o
 .group         0x00000000        0xc system_ARMCM7.o
 .text          0x00000000        0x0 system_ARMCM7.o
 .data          0x00000000        0x0 system_ARMCM7.o
 .bss           0x00000000        0x0 system_ARMCM7.o
 .text.SystemCoreClockUpdate
                0x00000000       0x10 system_ARMCM7.o
 .debug_macro   0x00000000      0x34e system_ARMCM7.o
 .group         0x00000000        0xc ../FreeRTOS/FreeRTOS/Source/list.o
 .group         0x00000000        0xc ../FreeRTOS/FreeRTOS/Source/list.o
 .group         0x00000000        0xc ../FreeRTOS/FreeRTOS/Source/list.o
 .group         0x00000000        0xc ../FreeRTOS/FreeRTOS/Source/list.o
 .group         0x00000000        0xc ../FreeRTOS/FreeRTOS/Source/list.o
 .group         0x00000000        0xc ../FreeRTOS/FreeRTOS/Source/list.o
 .group         0x00000000        0xc ../FreeRTOS/FreeRTOS/Source/list.o
 .group         0x00000000        0xc ../FreeRTOS/FreeRTOS/Source/list.o
 .group         0x00000000        0xc ../FreeRTOS/FreeRTOS/Source/list.o
 .group         0x00000000        0xc ../FreeRTOS/FreeRTOS/Source/list.o
 .group         0x00000000        0xc ../FreeRTOS/FreeRTOS/Source/list.o
 .group         0x00000000        0xc ../FreeRTOS/FreeRTOS/Source/list.o
 .group         0x00000000        0xc ../FreeRTOS/FreeRTOS/Source/list.o
 .group         0x00000000        0xc ../FreeRTOS/FreeRTOS/Source/list.o
 .group         0x00000000        0xc ../FreeRTOS/FreeRTOS/Source/list.o
 .group         0x00000000        0xc ../FreeRTOS/FreeRTOS/Source/list.o
 .group         0x00000000        0xc ../FreeRTOS/FreeRTOS/Source/list.o
 .group         0x00000000        0xc ../FreeRTOS/FreeRTOS/Source/list.o
 .group         0x00000000        0xc ../FreeRTOS/FreeRTOS/Source/list.o
 .group         0x00000000        0xc ../FreeRTOS/FreeRTOS/Source/list.o
 .group         0x00000000        0xc ../FreeRTOS/FreeRTOS/Source/list.o
 .group         0x00000000        0xc ../FreeRTOS/FreeRTOS/Source/list.o
 .group         0x00000000        0xc ../FreeRTOS/FreeRTOS/Source/list.o
 .group         0x00000000        0xc ../FreeRTOS/FreeRTOS/Source/list.o
 .group         0x00000000        0xc ../FreeRTOS/FreeRTOS/Source/list.o
 .group         0x00000000        0xc ../FreeRTOS/FreeRTOS/Source/list.o
 .group         0x00000000        0xc ../FreeRTOS/FreeRTOS/Source/list.o
 .group         0x00000000        0xc ../FreeRTOS/FreeRTOS/Source/list.o
 .group         0x00000000        0xc ../FreeRTOS/FreeRTOS/Source/list.o
 .group         0x00000000        0xc ../FreeRTOS/FreeRTOS/Source/list.o
 .group         0x00000000        0xc ../FreeRTOS/FreeRTOS/Source/list.o
 .text          0x00000000        0x0 ../FreeRTOS/FreeRTOS/Source/list.o
 .data          0x00000000        0x0 ../FreeRTOS/FreeRTOS/Source/list.o
 .bss           0x00000000        0x0 ../FreeRTOS/FreeRTOS/Source/list.o
 .text.vListInitialise
                0x00000000       0x40 ../FreeRTOS/FreeRTOS/Source/list.o
 .text.vListInitialiseItem
                0x00000000       0x1a ../FreeRTOS/FreeRTOS/Source/list.o
 .text.vListInsertEnd
                0x00000000       0x48 ../FreeRTOS/FreeRTOS/Source/list.o
 .text.vListInsert
                0x00000000       0x72 ../FreeRTOS/FreeRTOS/Source/list.o
 .text.uxListRemove
                0x00000000       0x54 ../FreeRTOS/FreeRTOS/Source/list.o
 .debug_info    0x00000000      0x29e ../FreeRTOS/FreeRTOS/Source/list.o
 .debug_abbrev  0x00000000       0xee ../FreeRTOS/FreeRTOS/Source/list.o
 .debug_aranges
                0x00000000       0x40 ../FreeRTOS/FreeRTOS/Source/list.o
 .debug_rnglists
                0x00000000       0x2b ../FreeRTOS/FreeRTOS/Source/list.o
 .debug_macro   0x00000000      0x171 ../FreeRTOS/FreeRTOS/Source/list.o
 .debug_macro   0x00000000      0xad8 ../FreeRTOS/FreeRTOS/Source/list.o
 .debug_macro   0x00000000       0x2a ../FreeRTOS/FreeRTOS/Source/list.o
 .debug_macro   0x00000000       0x22 ../FreeRTOS/FreeRTOS/Source/list.o
 .debug_macro   0x00000000       0x60 ../FreeRTOS/FreeRTOS/Source/list.o
 .debug_macro   0x00000000       0x94 ../FreeRTOS/FreeRTOS/Source/list.o
 .debug_macro   0x00000000       0x3c ../FreeRTOS/FreeRTOS/Source/list.o
 .debug_macro   0x00000000       0x34 ../FreeRTOS/FreeRTOS/Source/list.o
 .debug_macro   0x00000000       0x16 ../FreeRTOS/FreeRTOS/Source/list.o
 .debug_macro   0x00000000      0x11c ../FreeRTOS/FreeRTOS/Source/list.o
 .debug_macro   0x00000000       0x9b ../FreeRTOS/FreeRTOS/Source/list.o
 .debug_macro   0x00000000       0x57 ../FreeRTOS/FreeRTOS/Source/list.o
 .debug_macro   0x00000000      0x370 ../FreeRTOS/FreeRTOS/Source/list.o
 .debug_macro   0x00000000       0x16 ../FreeRTOS/FreeRTOS/Source/list.o
 .debug_macro   0x00000000       0x4a ../FreeRTOS/FreeRTOS/Source/list.o
 .debug_macro   0x00000000       0x34 ../FreeRTOS/FreeRTOS/Source/list.o
 .debug_macro   0x00000000       0x10 ../FreeRTOS/FreeRTOS/Source/list.o
 .debug_macro   0x00000000       0x52 ../FreeRTOS/FreeRTOS/Source/list.o
 .debug_macro   0x00000000      0x1de ../FreeRTOS/FreeRTOS/Source/list.o
 .debug_macro   0x00000000       0x16 ../FreeRTOS/FreeRTOS/Source/list.o
 .debug_macro   0x00000000       0x29 ../FreeRTOS/FreeRTOS/Source/list.o
 .debug_macro   0x00000000      0x34e ../FreeRTOS/FreeRTOS/Source/list.o
 .debug_macro   0x00000000       0x16 ../FreeRTOS/FreeRTOS/Source/list.o
 .debug_macro   0x00000000      0x154 ../FreeRTOS/FreeRTOS/Source/list.o
 .debug_macro   0x00000000       0x1c ../FreeRTOS/FreeRTOS/Source/list.o
 .debug_macro   0x00000000      0x182 ../FreeRTOS/FreeRTOS/Source/list.o
 .debug_macro   0x00000000       0xe7 ../FreeRTOS/FreeRTOS/Source/list.o
 .debug_macro   0x00000000       0x2e ../FreeRTOS/FreeRTOS/Source/list.o
 .debug_macro   0x00000000       0x1f ../FreeRTOS/FreeRTOS/Source/list.o
 .debug_macro   0x00000000       0x12 ../FreeRTOS/FreeRTOS/Source/list.o
 .debug_macro   0x00000000      0xfd7 ../FreeRTOS/FreeRTOS/Source/list.o
 .debug_macro   0x00000000       0xc3 ../FreeRTOS/FreeRTOS/Source/list.o
 .debug_line    0x00000000      0x3a1 ../FreeRTOS/FreeRTOS/Source/list.o
 .debug_str     0x00000000     0xfed7 ../FreeRTOS/FreeRTOS/Source/list.o
 .comment       0x00000000       0x27 ../FreeRTOS/FreeRTOS/Source/list.o
 .debug_frame   0x00000000       0xd8 ../FreeRTOS/FreeRTOS/Source/list.o
 .ARM.attributes
                0x00000000       0x34 ../FreeRTOS/FreeRTOS/Source/list.o
 .group         0x00000000        0xc ../FreeRTOS/FreeRTOS/Source/tasks.o
 .group         0x00000000        0xc ../FreeRTOS/FreeRTOS/Source/tasks.o
 .group         0x00000000        0xc ../FreeRTOS/FreeRTOS/Source/tasks.o
 .group         0x00000000        0xc ../FreeRTOS/FreeRTOS/Source/tasks.o
 .group         0x00000000        0xc ../FreeRTOS/FreeRTOS/Source/tasks.o
 .group         0x00000000        0xc ../FreeRTOS/FreeRTOS/Source/tasks.o
 .group         0x00000000        0xc ../FreeRTOS/FreeRTOS/Source/tasks.o
 .group         0x00000000        0xc ../FreeRTOS/FreeRTOS/Source/tasks.o
 .group         0x00000000        0xc ../FreeRTOS/FreeRTOS/Source/tasks.o
 .group         0x00000000        0xc ../FreeRTOS/FreeRTOS/Source/tasks.o
 .group         0x00000000        0xc ../FreeRTOS/FreeRTOS/Source/tasks.o
 .group         0x00000000        0xc ../FreeRTOS/FreeRTOS/Source/tasks.o
 .group         0x00000000        0xc ../FreeRTOS/FreeRTOS/Source/tasks.o
 .group         0x00000000        0xc ../FreeRTOS/FreeRTOS/Source/tasks.o
 .group         0x00000000        0xc ../FreeRTOS/FreeRTOS/Source/tasks.o
 .group         0x00000000        0xc ../FreeRTOS/FreeRTOS/Source/tasks.o
 .group         0x00000000        0xc ../FreeRTOS/FreeRTOS/Source/tasks.o
 .group         0x00000000        0xc ../FreeRTOS/FreeRTOS/Source/tasks.o
 .group         0x00000000        0xc ../FreeRTOS/FreeRTOS/Source/tasks.o
 .group         0x00000000        0xc ../FreeRTOS/FreeRTOS/Source/tasks.o
 .group         0x00000000        0xc ../FreeRTOS/FreeRTOS/Source/tasks.o
 .group         0x00000000        0xc ../FreeRTOS/FreeRTOS/Source/tasks.o
 .group         0x00000000        0xc ../FreeRTOS/FreeRTOS/Source/tasks.o
 .group         0x00000000        0xc ../FreeRTOS/FreeRTOS/Source/tasks.o
 .group         0x00000000        0xc ../FreeRTOS/FreeRTOS/Source/tasks.o
 .group         0x00000000        0xc ../FreeRTOS/FreeRTOS/Source/tasks.o
 .group         0x00000000        0xc ../FreeRTOS/FreeRTOS/Source/tasks.o
 .group         0x00000000        0xc ../FreeRTOS/FreeRTOS/Source/tasks.o
 .group         0x00000000        0xc ../FreeRTOS/FreeRTOS/Source/tasks.o
 .group         0x00000000        0xc ../FreeRTOS/FreeRTOS/Source/tasks.o
 .group         0x00000000        0xc ../FreeRTOS/FreeRTOS/Source/tasks.o
 .group         0x00000000        0xc ../FreeRTOS/FreeRTOS/Source/tasks.o
 .group         0x00000000        0xc ../FreeRTOS/FreeRTOS/Source/tasks.o
 .group         0x00000000        0xc ../FreeRTOS/FreeRTOS/Source/tasks.o
 .group         0x00000000        0xc ../FreeRTOS/FreeRTOS/Source/tasks.o
 .group         0x00000000        0xc ../FreeRTOS/FreeRTOS/Source/tasks.o
 .text          0x00000000        0x0 ../FreeRTOS/FreeRTOS/Source/tasks.o
 .data          0x00000000        0x0 ../FreeRTOS/FreeRTOS/Source/tasks.o
 .bss           0x00000000        0x0 ../FreeRTOS/FreeRTOS/Source/tasks.o
 .bss.xDelayedTaskList1
                0x00000000       0x14 ../FreeRTOS/FreeRTOS/Source/tasks.o
 .bss.xDelayedTaskList2
                0x00000000       0x14 ../FreeRTOS/FreeRTOS/Source/tasks.o
 .bss.xPendingReadyList
                0x00000000       0x14 ../FreeRTOS/FreeRTOS/Source/tasks.o
 .bss.xTasksWaitingTermination
                0x00000000       0x14 ../FreeRTOS/FreeRTOS/Source/tasks.o
 .bss.uxDeletedTasksWaitingCleanUp
                0x00000000        0x4 ../FreeRTOS/FreeRTOS/Source/tasks.o
 .bss.xSuspendedTaskList
                0x00000000       0x14 ../FreeRTOS/FreeRTOS/Source/tasks.o
 .bss.uxCurrentNumberOfTasks
                0x00000000        0x4 ../FreeRTOS/FreeRTOS/Source/tasks.o
 .bss.xSchedulerRunning
                0x00000000        0x4 ../FreeRTOS/FreeRTOS/Source/tasks.o
 .bss.uxTaskNumber
                0x00000000        0x4 ../FreeRTOS/FreeRTOS/Source/tasks.o
 .bss.xIdleTaskHandles
                0x00000000        0x4 ../FreeRTOS/FreeRTOS/Source/tasks.o
 .rodata.uxTopUsedPriority
                0x00000000        0x4 ../FreeRTOS/FreeRTOS/Source/tasks.o
 .text.prvCreateTask
                0x00000000       0x78 ../FreeRTOS/FreeRTOS/Source/tasks.o
 .text.xTaskCreate
                0x00000000       0x46 ../FreeRTOS/FreeRTOS/Source/tasks.o
 .text.prvInitialiseNewTask
                0x00000000      0x128 ../FreeRTOS/FreeRTOS/Source/tasks.o
 .text.prvAddNewTaskToReadyList
                0x00000000      0x128 ../FreeRTOS/FreeRTOS/Source/tasks.o
 .text.vTaskDelete
                0x00000000      0x148 ../FreeRTOS/FreeRTOS/Source/tasks.o
 .text.xTaskDelayUntil
                0x00000000      0x110 ../FreeRTOS/FreeRTOS/Source/tasks.o
 .text.vTaskDelay
                0x00000000       0x70 ../FreeRTOS/FreeRTOS/Source/tasks.o
 .text.eTaskGetState
                0x00000000      0x114 ../FreeRTOS/FreeRTOS/Source/tasks.o
 .text.uxTaskPriorityGet
                0x00000000       0x34 ../FreeRTOS/FreeRTOS/Source/tasks.o
 .text.uxTaskPriorityGetFromISR
                0x00000000       0x5c ../FreeRTOS/FreeRTOS/Source/tasks.o
 .text.uxTaskBasePriorityGet
                0x00000000       0x34 ../FreeRTOS/FreeRTOS/Source/tasks.o
 .text.uxTaskBasePriorityGetFromISR
                0x00000000       0x5c ../FreeRTOS/FreeRTOS/Source/tasks.o
 .text.vTaskPrioritySet
                0x00000000      0x1b8 ../FreeRTOS/FreeRTOS/Source/tasks.o
 .text.vTaskSuspend
                0x00000000      0x148 ../FreeRTOS/FreeRTOS/Source/tasks.o
 .text.prvTaskIsTaskSuspended
                0x00000000       0x90 ../FreeRTOS/FreeRTOS/Source/tasks.o
 .text.vTaskResume
                0x00000000      0x114 ../FreeRTOS/FreeRTOS/Source/tasks.o
 .text.xTaskResumeFromISR
                0x00000000      0x14c ../FreeRTOS/FreeRTOS/Source/tasks.o
 .rodata        0x00000000        0x5 ../FreeRTOS/FreeRTOS/Source/tasks.o
 .text.prvCreateIdleTasks
                0x00000000       0x94 ../FreeRTOS/FreeRTOS/Source/tasks.o
 .text.vTaskStartScheduler
                0x00000000       0x90 ../FreeRTOS/FreeRTOS/Source/tasks.o
 .text.vTaskEndScheduler
                0x00000000       0x68 ../FreeRTOS/FreeRTOS/Source/tasks.o
 .text.vTaskSuspendAll
                0x00000000       0x1c ../FreeRTOS/FreeRTOS/Source/tasks.o
 .text.xTaskResumeAll
                0x00000000      0x214 ../FreeRTOS/FreeRTOS/Source/tasks.o
 .text.xTaskGetTickCount
                0x00000000       0x20 ../FreeRTOS/FreeRTOS/Source/tasks.o
 .text.xTaskGetTickCountFromISR
                0x00000000       0x24 ../FreeRTOS/FreeRTOS/Source/tasks.o
 .text.uxTaskGetNumberOfTasks
                0x00000000       0x18 ../FreeRTOS/FreeRTOS/Source/tasks.o
 .text.pcTaskGetName
                0x00000000       0x50 ../FreeRTOS/FreeRTOS/Source/tasks.o
 .text.prvSearchForNameWithinSingleList
                0x00000000       0xa2 ../FreeRTOS/FreeRTOS/Source/tasks.o
 .text.xTaskGetHandle
                0x00000000       0xd0 ../FreeRTOS/FreeRTOS/Source/tasks.o
 .text.xTaskGetIdleTaskHandle
                0x00000000       0x40 ../FreeRTOS/FreeRTOS/Source/tasks.o
 .text.xTaskGetIdleTaskHandleForCore
                0x00000000       0x6c ../FreeRTOS/FreeRTOS/Source/tasks.o
 .text.xTaskCatchUpTicks
                0x00000000       0x5c ../FreeRTOS/FreeRTOS/Source/tasks.o
 .text.xTaskAbortDelay
                0x00000000      0x128 ../FreeRTOS/FreeRTOS/Source/tasks.o
 .text.vTaskPlaceOnEventList
                0x00000000       0x50 ../FreeRTOS/FreeRTOS/Source/tasks.o
 .text.vTaskPlaceOnUnorderedEventList
                0x00000000       0xb8 ../FreeRTOS/FreeRTOS/Source/tasks.o
 .text.vTaskPlaceOnEventListRestricted
                0x00000000       0x90 ../FreeRTOS/FreeRTOS/Source/tasks.o
 .text.xTaskRemoveFromEventList
                0x00000000      0x1b8 ../FreeRTOS/FreeRTOS/Source/tasks.o
 .text.vTaskRemoveFromUnorderedEventList
                0x00000000      0x190 ../FreeRTOS/FreeRTOS/Source/tasks.o
 .text.vTaskSetTimeOutState
                0x00000000       0x54 ../FreeRTOS/FreeRTOS/Source/tasks.o
 .text.vTaskInternalSetTimeOutState
                0x00000000       0x2c ../FreeRTOS/FreeRTOS/Source/tasks.o
 .text.xTaskCheckForTimeOut
                0x00000000       0xf8 ../FreeRTOS/FreeRTOS/Source/tasks.o
 .text.vTaskMissedYield
                0x00000000       0x18 ../FreeRTOS/FreeRTOS/Source/tasks.o
 .text.prvIdleTask
                0x00000000       0x30 ../FreeRTOS/FreeRTOS/Source/tasks.o
 .text.prvInitialiseTaskLists
                0x00000000       0x80 ../FreeRTOS/FreeRTOS/Source/tasks.o
 .text.prvCheckTasksWaitingTermination
                0x00000000       0x5c ../FreeRTOS/FreeRTOS/Source/tasks.o
 .text.prvTaskCheckFreeStackSpace
                0x00000000       0x36 ../FreeRTOS/FreeRTOS/Source/tasks.o
 .text.uxTaskGetStackHighWaterMark
                0x00000000       0x34 ../FreeRTOS/FreeRTOS/Source/tasks.o
 .text.prvDeleteTCB
                0x00000000       0x20 ../FreeRTOS/FreeRTOS/Source/tasks.o
 .text.xTaskGetCurrentTaskHandle
                0x00000000       0x20 ../FreeRTOS/FreeRTOS/Source/tasks.o
 .text.xTaskGetCurrentTaskHandleForCore
                0x00000000       0x30 ../FreeRTOS/FreeRTOS/Source/tasks.o
 .text.xTaskGetSchedulerState
                0x00000000       0x3c ../FreeRTOS/FreeRTOS/Source/tasks.o
 .text.xTaskPriorityInherit
                0x00000000      0x140 ../FreeRTOS/FreeRTOS/Source/tasks.o
 .text.xTaskPriorityDisinherit
                0x00000000      0x158 ../FreeRTOS/FreeRTOS/Source/tasks.o
 .text.vTaskPriorityDisinheritAfterTimeout
                0x00000000      0x184 ../FreeRTOS/FreeRTOS/Source/tasks.o
 .text.uxTaskResetEventItemValue
                0x00000000       0x30 ../FreeRTOS/FreeRTOS/Source/tasks.o
 .text.pvTaskIncrementMutexHeldCount
                0x00000000       0x30 ../FreeRTOS/FreeRTOS/Source/tasks.o
 .text.ulTaskGenericNotifyTake
                0x00000000      0x100 ../FreeRTOS/FreeRTOS/Source/tasks.o
 .text.xTaskGenericNotifyWait
                0x00000000      0x134 ../FreeRTOS/FreeRTOS/Source/tasks.o
 .text.xTaskGenericNotify
                0x00000000      0x270 ../FreeRTOS/FreeRTOS/Source/tasks.o
 .text.xTaskGenericNotifyFromISR
                0x00000000      0x2e4 ../FreeRTOS/FreeRTOS/Source/tasks.o
 .text.vTaskGenericNotifyGiveFromISR
                0x00000000      0x228 ../FreeRTOS/FreeRTOS/Source/tasks.o
 .text.xTaskGenericNotifyStateClear
                0x00000000       0x78 ../FreeRTOS/FreeRTOS/Source/tasks.o
 .text.ulTaskGenericNotifyValueClear
                0x00000000       0x80 ../FreeRTOS/FreeRTOS/Source/tasks.o
 .text.prvAddCurrentTaskToDelayedList
                0x00000000      0x10c ../FreeRTOS/FreeRTOS/Source/tasks.o
 .text.vTaskResetState
                0x00000000       0xa0 ../FreeRTOS/FreeRTOS/Source/tasks.o
 .debug_macro   0x00000000      0xad8 ../FreeRTOS/FreeRTOS/Source/tasks.o
 .debug_macro   0x00000000       0x2a ../FreeRTOS/FreeRTOS/Source/tasks.o
 .debug_macro   0x00000000       0x22 ../FreeRTOS/FreeRTOS/Source/tasks.o
 .debug_macro   0x00000000       0x60 ../FreeRTOS/FreeRTOS/Source/tasks.o
 .debug_macro   0x00000000       0x94 ../FreeRTOS/FreeRTOS/Source/tasks.o
 .debug_macro   0x00000000       0x3c ../FreeRTOS/FreeRTOS/Source/tasks.o
 .debug_macro   0x00000000       0x34 ../FreeRTOS/FreeRTOS/Source/tasks.o
 .debug_macro   0x00000000       0x16 ../FreeRTOS/FreeRTOS/Source/tasks.o
 .debug_macro   0x00000000      0x11c ../FreeRTOS/FreeRTOS/Source/tasks.o
 .debug_macro   0x00000000       0x9b ../FreeRTOS/FreeRTOS/Source/tasks.o
 .debug_macro   0x00000000       0x57 ../FreeRTOS/FreeRTOS/Source/tasks.o
 .debug_macro   0x00000000      0x370 ../FreeRTOS/FreeRTOS/Source/tasks.o
 .debug_macro   0x00000000       0x16 ../FreeRTOS/FreeRTOS/Source/tasks.o
 .debug_macro   0x00000000       0x4a ../FreeRTOS/FreeRTOS/Source/tasks.o
 .debug_macro   0x00000000       0x34 ../FreeRTOS/FreeRTOS/Source/tasks.o
 .debug_macro   0x00000000       0x10 ../FreeRTOS/FreeRTOS/Source/tasks.o
 .debug_macro   0x00000000       0x52 ../FreeRTOS/FreeRTOS/Source/tasks.o
 .debug_macro   0x00000000      0x1de ../FreeRTOS/FreeRTOS/Source/tasks.o
 .debug_macro   0x00000000       0x16 ../FreeRTOS/FreeRTOS/Source/tasks.o
 .debug_macro   0x00000000       0x29 ../FreeRTOS/FreeRTOS/Source/tasks.o
 .debug_macro   0x00000000      0x34e ../FreeRTOS/FreeRTOS/Source/tasks.o
 .debug_macro   0x00000000       0x16 ../FreeRTOS/FreeRTOS/Source/tasks.o
 .debug_macro   0x00000000      0x154 ../FreeRTOS/FreeRTOS/Source/tasks.o
 .debug_macro   0x00000000       0x1c ../FreeRTOS/FreeRTOS/Source/tasks.o
 .debug_macro   0x00000000      0x182 ../FreeRTOS/FreeRTOS/Source/tasks.o
 .debug_macro   0x00000000       0xe7 ../FreeRTOS/FreeRTOS/Source/tasks.o
 .debug_macro   0x00000000       0x2e ../FreeRTOS/FreeRTOS/Source/tasks.o
 .debug_macro   0x00000000       0x1f ../FreeRTOS/FreeRTOS/Source/tasks.o
 .debug_macro   0x00000000       0x12 ../FreeRTOS/FreeRTOS/Source/tasks.o
 .debug_macro   0x00000000      0xfd7 ../FreeRTOS/FreeRTOS/Source/tasks.o
 .debug_macro   0x00000000       0xc3 ../FreeRTOS/FreeRTOS/Source/tasks.o
 .debug_macro   0x00000000      0x14f ../FreeRTOS/FreeRTOS/Source/tasks.o
 .group         0x00000000        0xc ../FreeRTOS/FreeRTOS/Source/queue.o
 .group         0x00000000        0xc ../FreeRTOS/FreeRTOS/Source/queue.o
 .group         0x00000000        0xc ../FreeRTOS/FreeRTOS/Source/queue.o
 .group         0x00000000        0xc ../FreeRTOS/FreeRTOS/Source/queue.o
 .group         0x00000000        0xc ../FreeRTOS/FreeRTOS/Source/queue.o
 .group         0x00000000        0xc ../FreeRTOS/FreeRTOS/Source/queue.o
 .group         0x00000000        0xc ../FreeRTOS/FreeRTOS/Source/queue.o
 .group         0x00000000        0xc ../FreeRTOS/FreeRTOS/Source/queue.o
 .group         0x00000000        0xc ../FreeRTOS/FreeRTOS/Source/queue.o
 .group         0x00000000        0xc ../FreeRTOS/FreeRTOS/Source/queue.o
 .group         0x00000000        0xc ../FreeRTOS/FreeRTOS/Source/queue.o
 .group         0x00000000        0xc ../FreeRTOS/FreeRTOS/Source/queue.o
 .group         0x00000000        0xc ../FreeRTOS/FreeRTOS/Source/queue.o
 .group         0x00000000        0xc ../FreeRTOS/FreeRTOS/Source/queue.o
 .group         0x00000000        0xc ../FreeRTOS/FreeRTOS/Source/queue.o
 .group         0x00000000        0xc ../FreeRTOS/FreeRTOS/Source/queue.o
 .group         0x00000000        0xc ../FreeRTOS/FreeRTOS/Source/queue.o
 .group         0x00000000        0xc ../FreeRTOS/FreeRTOS/Source/queue.o
 .group         0x00000000        0xc ../FreeRTOS/FreeRTOS/Source/queue.o
 .group         0x00000000        0xc ../FreeRTOS/FreeRTOS/Source/queue.o
 .group         0x00000000        0xc ../FreeRTOS/FreeRTOS/Source/queue.o
 .group         0x00000000        0xc ../FreeRTOS/FreeRTOS/Source/queue.o
 .group         0x00000000        0xc ../FreeRTOS/FreeRTOS/Source/queue.o
 .group         0x00000000        0xc ../FreeRTOS/FreeRTOS/Source/queue.o
 .group         0x00000000        0xc ../FreeRTOS/FreeRTOS/Source/queue.o
 .group         0x00000000        0xc ../FreeRTOS/FreeRTOS/Source/queue.o
 .group         0x00000000        0xc ../FreeRTOS/FreeRTOS/Source/queue.o
 .group         0x00000000        0xc ../FreeRTOS/FreeRTOS/Source/queue.o
 .group         0x00000000        0xc ../FreeRTOS/FreeRTOS/Source/queue.o
 .group         0x00000000        0xc ../FreeRTOS/FreeRTOS/Source/queue.o
 .group         0x00000000        0xc ../FreeRTOS/FreeRTOS/Source/queue.o
 .group         0x00000000        0xc ../FreeRTOS/FreeRTOS/Source/queue.o
 .group         0x00000000        0xc ../FreeRTOS/FreeRTOS/Source/queue.o
 .group         0x00000000        0xc ../FreeRTOS/FreeRTOS/Source/queue.o
 .group         0x00000000        0xc ../FreeRTOS/FreeRTOS/Source/queue.o
 .text          0x00000000        0x0 ../FreeRTOS/FreeRTOS/Source/queue.o
 .data          0x00000000        0x0 ../FreeRTOS/FreeRTOS/Source/queue.o
 .bss           0x00000000        0x0 ../FreeRTOS/FreeRTOS/Source/queue.o
 .bss.xQueueRegistry
                0x00000000       0x50 ../FreeRTOS/FreeRTOS/Source/queue.o
 .text.xQueueGenericReset
                0x00000000      0x12c ../FreeRTOS/FreeRTOS/Source/queue.o
 .text.xQueueGenericCreate
                0x00000000       0xa2 ../FreeRTOS/FreeRTOS/Source/queue.o
 .text.prvInitialiseNewQueue
                0x00000000       0x44 ../FreeRTOS/FreeRTOS/Source/queue.o
 .text.prvInitialiseMutex
                0x00000000       0x34 ../FreeRTOS/FreeRTOS/Source/queue.o
 .text.xQueueCreateMutex
                0x00000000       0x30 ../FreeRTOS/FreeRTOS/Source/queue.o
 .text.xQueueGetMutexHolder
                0x00000000       0x54 ../FreeRTOS/FreeRTOS/Source/queue.o
 .text.xQueueGetMutexHolderFromISR
                0x00000000       0x4c ../FreeRTOS/FreeRTOS/Source/queue.o
 .text.xQueueGiveMutexRecursive
                0x00000000       0x6e ../FreeRTOS/FreeRTOS/Source/queue.o
 .text.xQueueTakeMutexRecursive
                0x00000000       0x72 ../FreeRTOS/FreeRTOS/Source/queue.o
 .text.xQueueCreateCountingSemaphore
                0x00000000       0x62 ../FreeRTOS/FreeRTOS/Source/queue.o
 .text.xQueueGenericSend
                0x00000000      0x24c ../FreeRTOS/FreeRTOS/Source/queue.o
 .text.xQueueGenericSendFromISR
                0x00000000      0x1ae ../FreeRTOS/FreeRTOS/Source/queue.o
 .text.xQueueGiveFromISR
                0x00000000      0x186 ../FreeRTOS/FreeRTOS/Source/queue.o
 .text.xQueueReceive
                0x00000000      0x1d0 ../FreeRTOS/FreeRTOS/Source/queue.o
 .text.xQueueSemaphoreTake
                0x00000000      0x20c ../FreeRTOS/FreeRTOS/Source/queue.o
 .text.xQueuePeek
                0x00000000      0x1d4 ../FreeRTOS/FreeRTOS/Source/queue.o
 .text.xQueueReceiveFromISR
                0x00000000      0x144 ../FreeRTOS/FreeRTOS/Source/queue.o
 .text.xQueuePeekFromISR
                0x00000000       0xe8 ../FreeRTOS/FreeRTOS/Source/queue.o
 .text.uxQueueMessagesWaiting
                0x00000000       0x42 ../FreeRTOS/FreeRTOS/Source/queue.o
 .text.uxQueueSpacesAvailable
                0x00000000       0x4c ../FreeRTOS/FreeRTOS/Source/queue.o
 .text.uxQueueMessagesWaitingFromISR
                0x00000000       0x42 ../FreeRTOS/FreeRTOS/Source/queue.o
 .text.vQueueDelete
                0x00000000       0x42 ../FreeRTOS/FreeRTOS/Source/queue.o
 .text.uxQueueGetQueueItemSize
                0x00000000       0x18 ../FreeRTOS/FreeRTOS/Source/queue.o
 .text.uxQueueGetQueueLength
                0x00000000       0x18 ../FreeRTOS/FreeRTOS/Source/queue.o
 .text.prvGetHighestPriorityOfWaitToReceiveList
                0x00000000       0x30 ../FreeRTOS/FreeRTOS/Source/queue.o
 .text.prvCopyDataToQueue
                0x00000000       0xd4 ../FreeRTOS/FreeRTOS/Source/queue.o
 .text.prvCopyDataFromQueue
                0x00000000       0x4c ../FreeRTOS/FreeRTOS/Source/queue.o
 .text.prvUnlockQueue
                0x00000000       0xbe ../FreeRTOS/FreeRTOS/Source/queue.o
 .text.prvIsQueueEmpty
                0x00000000       0x2c ../FreeRTOS/FreeRTOS/Source/queue.o
 .text.xQueueIsQueueEmptyFromISR
                0x00000000       0x4e ../FreeRTOS/FreeRTOS/Source/queue.o
 .text.prvIsQueueFull
                0x00000000       0x30 ../FreeRTOS/FreeRTOS/Source/queue.o
 .text.xQueueIsQueueFullFromISR
                0x00000000       0x52 ../FreeRTOS/FreeRTOS/Source/queue.o
 .text.vQueueAddToRegistry
                0x00000000       0xa4 ../FreeRTOS/FreeRTOS/Source/queue.o
 .text.pcQueueGetName
                0x00000000       0x70 ../FreeRTOS/FreeRTOS/Source/queue.o
 .text.vQueueUnregisterQueue
                0x00000000       0x78 ../FreeRTOS/FreeRTOS/Source/queue.o
 .text.vQueueWaitForMessageRestricted
                0x00000000       0x68 ../FreeRTOS/FreeRTOS/Source/queue.o
 .text.xQueueCreateSet
                0x00000000       0x1e ../FreeRTOS/FreeRTOS/Source/queue.o
 .text.xQueueAddToSet
                0x00000000       0x42 ../FreeRTOS/FreeRTOS/Source/queue.o
 .text.xQueueRemoveFromSet
                0x00000000       0x48 ../FreeRTOS/FreeRTOS/Source/queue.o
 .text.xQueueSelectFromSet
                0x00000000       0x26 ../FreeRTOS/FreeRTOS/Source/queue.o
 .text.xQueueSelectFromSetFromISR
                0x00000000       0x24 ../FreeRTOS/FreeRTOS/Source/queue.o
 .text.prvNotifyQueueSetContainer
                0x00000000       0xf2 ../FreeRTOS/FreeRTOS/Source/queue.o
 .debug_info    0x00000000     0x1afb ../FreeRTOS/FreeRTOS/Source/queue.o
 .debug_abbrev  0x00000000      0x322 ../FreeRTOS/FreeRTOS/Source/queue.o
 .debug_aranges
                0x00000000      0x168 ../FreeRTOS/FreeRTOS/Source/queue.o
 .debug_rnglists
                0x00000000      0x117 ../FreeRTOS/FreeRTOS/Source/queue.o
 .debug_macro   0x00000000      0x203 ../FreeRTOS/FreeRTOS/Source/queue.o
 .debug_macro   0x00000000      0xad8 ../FreeRTOS/FreeRTOS/Source/queue.o
 .debug_macro   0x00000000       0x2a ../FreeRTOS/FreeRTOS/Source/queue.o
 .debug_macro   0x00000000       0x22 ../FreeRTOS/FreeRTOS/Source/queue.o
 .debug_macro   0x00000000       0x60 ../FreeRTOS/FreeRTOS/Source/queue.o
 .debug_macro   0x00000000       0x94 ../FreeRTOS/FreeRTOS/Source/queue.o
 .debug_macro   0x00000000       0x3c ../FreeRTOS/FreeRTOS/Source/queue.o
 .debug_macro   0x00000000       0x34 ../FreeRTOS/FreeRTOS/Source/queue.o
 .debug_macro   0x00000000       0x16 ../FreeRTOS/FreeRTOS/Source/queue.o
 .debug_macro   0x00000000      0x11c ../FreeRTOS/FreeRTOS/Source/queue.o
 .debug_macro   0x00000000       0x9b ../FreeRTOS/FreeRTOS/Source/queue.o
 .debug_macro   0x00000000       0x57 ../FreeRTOS/FreeRTOS/Source/queue.o
 .debug_macro   0x00000000      0x370 ../FreeRTOS/FreeRTOS/Source/queue.o
 .debug_macro   0x00000000       0x16 ../FreeRTOS/FreeRTOS/Source/queue.o
 .debug_macro   0x00000000       0x4a ../FreeRTOS/FreeRTOS/Source/queue.o
 .debug_macro   0x00000000       0x34 ../FreeRTOS/FreeRTOS/Source/queue.o
 .debug_macro   0x00000000       0x10 ../FreeRTOS/FreeRTOS/Source/queue.o
 .debug_macro   0x00000000       0x52 ../FreeRTOS/FreeRTOS/Source/queue.o
 .debug_macro   0x00000000      0x1de ../FreeRTOS/FreeRTOS/Source/queue.o
 .debug_macro   0x00000000       0x16 ../FreeRTOS/FreeRTOS/Source/queue.o
 .debug_macro   0x00000000       0x29 ../FreeRTOS/FreeRTOS/Source/queue.o
 .debug_macro   0x00000000       0x16 ../FreeRTOS/FreeRTOS/Source/queue.o
 .debug_macro   0x00000000       0x3c ../FreeRTOS/FreeRTOS/Source/queue.o
 .debug_macro   0x00000000      0x34e ../FreeRTOS/FreeRTOS/Source/queue.o
 .debug_macro   0x00000000       0x16 ../FreeRTOS/FreeRTOS/Source/queue.o
 .debug_macro   0x00000000      0x154 ../FreeRTOS/FreeRTOS/Source/queue.o
 .debug_macro   0x00000000       0x1c ../FreeRTOS/FreeRTOS/Source/queue.o
 .debug_macro   0x00000000      0x182 ../FreeRTOS/FreeRTOS/Source/queue.o
 .debug_macro   0x00000000       0xe7 ../FreeRTOS/FreeRTOS/Source/queue.o
 .debug_macro   0x00000000       0x2e ../FreeRTOS/FreeRTOS/Source/queue.o
 .debug_macro   0x00000000       0x1f ../FreeRTOS/FreeRTOS/Source/queue.o
 .debug_macro   0x00000000       0x12 ../FreeRTOS/FreeRTOS/Source/queue.o
 .debug_macro   0x00000000      0xfd7 ../FreeRTOS/FreeRTOS/Source/queue.o
 .debug_macro   0x00000000       0xc3 ../FreeRTOS/FreeRTOS/Source/queue.o
 .debug_macro   0x00000000      0x14f ../FreeRTOS/FreeRTOS/Source/queue.o
 .debug_macro   0x00000000       0x80 ../FreeRTOS/FreeRTOS/Source/queue.o
 .debug_line    0x00000000     0x14e1 ../FreeRTOS/FreeRTOS/Source/queue.o
 .debug_str     0x00000000    0x128b7 ../FreeRTOS/FreeRTOS/Source/queue.o
 .comment       0x00000000       0x27 ../FreeRTOS/FreeRTOS/Source/queue.o
 .debug_frame   0x00000000      0x630 ../FreeRTOS/FreeRTOS/Source/queue.o
 .ARM.attributes
                0x00000000       0x34 ../FreeRTOS/FreeRTOS/Source/queue.o
 .group         0x00000000        0xc ../FreeRTOS/FreeRTOS/Source/timers.o
 .group         0x00000000        0xc ../FreeRTOS/FreeRTOS/Source/timers.o
 .group         0x00000000        0xc ../FreeRTOS/FreeRTOS/Source/timers.o
 .group         0x00000000        0xc ../FreeRTOS/FreeRTOS/Source/timers.o
 .group         0x00000000        0xc ../FreeRTOS/FreeRTOS/Source/timers.o
 .group         0x00000000        0xc ../FreeRTOS/FreeRTOS/Source/timers.o
 .group         0x00000000        0xc ../FreeRTOS/FreeRTOS/Source/timers.o
 .group         0x00000000        0xc ../FreeRTOS/FreeRTOS/Source/timers.o
 .group         0x00000000        0xc ../FreeRTOS/FreeRTOS/Source/timers.o
 .group         0x00000000        0xc ../FreeRTOS/FreeRTOS/Source/timers.o
 .group         0x00000000        0xc ../FreeRTOS/FreeRTOS/Source/timers.o
 .group         0x00000000        0xc ../FreeRTOS/FreeRTOS/Source/timers.o
 .group         0x00000000        0xc ../FreeRTOS/FreeRTOS/Source/timers.o
 .group         0x00000000        0xc ../FreeRTOS/FreeRTOS/Source/timers.o
 .group         0x00000000        0xc ../FreeRTOS/FreeRTOS/Source/timers.o
 .group         0x00000000        0xc ../FreeRTOS/FreeRTOS/Source/timers.o
 .group         0x00000000        0xc ../FreeRTOS/FreeRTOS/Source/timers.o
 .group         0x00000000        0xc ../FreeRTOS/FreeRTOS/Source/timers.o
 .group         0x00000000        0xc ../FreeRTOS/FreeRTOS/Source/timers.o
 .group         0x00000000        0xc ../FreeRTOS/FreeRTOS/Source/timers.o
 .group         0x00000000        0xc ../FreeRTOS/FreeRTOS/Source/timers.o
 .group         0x00000000        0xc ../FreeRTOS/FreeRTOS/Source/timers.o
 .group         0x00000000        0xc ../FreeRTOS/FreeRTOS/Source/timers.o
 .group         0x00000000        0xc ../FreeRTOS/FreeRTOS/Source/timers.o
 .group         0x00000000        0xc ../FreeRTOS/FreeRTOS/Source/timers.o
 .group         0x00000000        0xc ../FreeRTOS/FreeRTOS/Source/timers.o
 .group         0x00000000        0xc ../FreeRTOS/FreeRTOS/Source/timers.o
 .group         0x00000000        0xc ../FreeRTOS/FreeRTOS/Source/timers.o
 .group         0x00000000        0xc ../FreeRTOS/FreeRTOS/Source/timers.o
 .group         0x00000000        0xc ../FreeRTOS/FreeRTOS/Source/timers.o
 .group         0x00000000        0xc ../FreeRTOS/FreeRTOS/Source/timers.o
 .group         0x00000000        0xc ../FreeRTOS/FreeRTOS/Source/timers.o
 .group         0x00000000        0xc ../FreeRTOS/FreeRTOS/Source/timers.o
 .group         0x00000000        0xc ../FreeRTOS/FreeRTOS/Source/timers.o
 .text          0x00000000        0x0 ../FreeRTOS/FreeRTOS/Source/timers.o
 .data          0x00000000        0x0 ../FreeRTOS/FreeRTOS/Source/timers.o
 .bss           0x00000000        0x0 ../FreeRTOS/FreeRTOS/Source/timers.o
 .bss.xActiveTimerList1
                0x00000000       0x14 ../FreeRTOS/FreeRTOS/Source/timers.o
 .bss.xActiveTimerList2
                0x00000000       0x14 ../FreeRTOS/FreeRTOS/Source/timers.o
 .bss.pxCurrentTimerList
                0x00000000        0x4 ../FreeRTOS/FreeRTOS/Source/timers.o
 .bss.pxOverflowTimerList
                0x00000000        0x4 ../FreeRTOS/FreeRTOS/Source/timers.o
 .bss.xTimerQueue
                0x00000000        0x4 ../FreeRTOS/FreeRTOS/Source/timers.o
 .bss.xTimerTaskHandle
                0x00000000        0x4 ../FreeRTOS/FreeRTOS/Source/timers.o
 .rodata        0x00000000        0xd ../FreeRTOS/FreeRTOS/Source/timers.o
 .text.xTimerCreateTimerTask
                0x00000000       0x6c ../FreeRTOS/FreeRTOS/Source/timers.o
 .text.xTimerCreate
                0x00000000       0x42 ../FreeRTOS/FreeRTOS/Source/timers.o
 .text.prvInitialiseNewTimer
                0x00000000       0x76 ../FreeRTOS/FreeRTOS/Source/timers.o
 .text.xTimerGenericCommandFromTask
                0x00000000       0xb0 ../FreeRTOS/FreeRTOS/Source/timers.o
 .text.xTimerGenericCommandFromISR
                0x00000000       0x90 ../FreeRTOS/FreeRTOS/Source/timers.o
 .text.xTimerGetTimerDaemonTaskHandle
                0x00000000       0x40 ../FreeRTOS/FreeRTOS/Source/timers.o
 .text.xTimerGetPeriod
                0x00000000       0x3e ../FreeRTOS/FreeRTOS/Source/timers.o
 .text.vTimerSetReloadMode
                0x00000000       0x6c ../FreeRTOS/FreeRTOS/Source/timers.o
 .text.xTimerGetReloadMode
                0x00000000       0x58 ../FreeRTOS/FreeRTOS/Source/timers.o
 .text.uxTimerGetReloadMode
                0x00000000       0x1c ../FreeRTOS/FreeRTOS/Source/timers.o
 .text.xTimerGetExpiryTime
                0x00000000       0x42 ../FreeRTOS/FreeRTOS/Source/timers.o
 .text.pcTimerGetName
                0x00000000       0x3e ../FreeRTOS/FreeRTOS/Source/timers.o
 .text.prvReloadTimer
                0x00000000       0x42 ../FreeRTOS/FreeRTOS/Source/timers.o
 .text.prvProcessExpiredTimer
                0x00000000       0x60 ../FreeRTOS/FreeRTOS/Source/timers.o
 .text.prvTimerTask
                0x00000000       0x26 ../FreeRTOS/FreeRTOS/Source/timers.o
 .text.prvProcessTimerOrBlockTask
                0x00000000       0x9c ../FreeRTOS/FreeRTOS/Source/timers.o
 .text.prvGetNextExpireTime
                0x00000000       0x48 ../FreeRTOS/FreeRTOS/Source/timers.o
 .text.prvSampleTimeNow
                0x00000000       0x40 ../FreeRTOS/FreeRTOS/Source/timers.o
 .text.prvInsertTimerInActiveList
                0x00000000       0x84 ../FreeRTOS/FreeRTOS/Source/timers.o
 .text.prvProcessReceivedCommands
                0x00000000      0x1d0 ../FreeRTOS/FreeRTOS/Source/timers.o
 .text.prvSwitchTimerLists
                0x00000000       0x4c ../FreeRTOS/FreeRTOS/Source/timers.o
 .text.prvCheckForValidListAndQueue
                0x00000000       0x6c ../FreeRTOS/FreeRTOS/Source/timers.o
 .text.xTimerIsTimerActive
                0x00000000       0x58 ../FreeRTOS/FreeRTOS/Source/timers.o
 .text.pvTimerGetTimerID
                0x00000000       0x46 ../FreeRTOS/FreeRTOS/Source/timers.o
 .text.vTimerSetTimerID
                0x00000000       0x46 ../FreeRTOS/FreeRTOS/Source/timers.o
 .text.xTimerPendFunctionCallFromISR
                0x00000000       0x40 ../FreeRTOS/FreeRTOS/Source/timers.o
 .text.xTimerPendFunctionCall
                0x00000000       0x64 ../FreeRTOS/FreeRTOS/Source/timers.o
 .text.vTimerResetState
                0x00000000       0x24 ../FreeRTOS/FreeRTOS/Source/timers.o
 .bss.xLastTime.0
                0x00000000        0x4 ../FreeRTOS/FreeRTOS/Source/timers.o
 .debug_info    0x00000000     0x1035 ../FreeRTOS/FreeRTOS/Source/timers.o
 .debug_abbrev  0x00000000      0x2e3 ../FreeRTOS/FreeRTOS/Source/timers.o
 .debug_aranges
                0x00000000       0xf8 ../FreeRTOS/FreeRTOS/Source/timers.o
 .debug_rnglists
                0x00000000       0xba ../FreeRTOS/FreeRTOS/Source/timers.o
 .debug_macro   0x00000000      0x1c0 ../FreeRTOS/FreeRTOS/Source/timers.o
 .debug_macro   0x00000000      0xad8 ../FreeRTOS/FreeRTOS/Source/timers.o
 .debug_macro   0x00000000       0x2a ../FreeRTOS/FreeRTOS/Source/timers.o
 .debug_macro   0x00000000       0x22 ../FreeRTOS/FreeRTOS/Source/timers.o
 .debug_macro   0x00000000       0x60 ../FreeRTOS/FreeRTOS/Source/timers.o
 .debug_macro   0x00000000       0x94 ../FreeRTOS/FreeRTOS/Source/timers.o
 .debug_macro   0x00000000       0x3c ../FreeRTOS/FreeRTOS/Source/timers.o
 .debug_macro   0x00000000       0x34 ../FreeRTOS/FreeRTOS/Source/timers.o
 .debug_macro   0x00000000       0x16 ../FreeRTOS/FreeRTOS/Source/timers.o
 .debug_macro   0x00000000      0x11c ../FreeRTOS/FreeRTOS/Source/timers.o
 .debug_macro   0x00000000       0x9b ../FreeRTOS/FreeRTOS/Source/timers.o
 .debug_macro   0x00000000       0x57 ../FreeRTOS/FreeRTOS/Source/timers.o
 .debug_macro   0x00000000      0x370 ../FreeRTOS/FreeRTOS/Source/timers.o
 .debug_macro   0x00000000       0x16 ../FreeRTOS/FreeRTOS/Source/timers.o
 .debug_macro   0x00000000       0x4a ../FreeRTOS/FreeRTOS/Source/timers.o
 .debug_macro   0x00000000       0x34 ../FreeRTOS/FreeRTOS/Source/timers.o
 .debug_macro   0x00000000       0x10 ../FreeRTOS/FreeRTOS/Source/timers.o
 .debug_macro   0x00000000       0x52 ../FreeRTOS/FreeRTOS/Source/timers.o
 .debug_macro   0x00000000      0x1de ../FreeRTOS/FreeRTOS/Source/timers.o
 .debug_macro   0x00000000       0x16 ../FreeRTOS/FreeRTOS/Source/timers.o
 .debug_macro   0x00000000       0x29 ../FreeRTOS/FreeRTOS/Source/timers.o
 .debug_macro   0x00000000      0x34e ../FreeRTOS/FreeRTOS/Source/timers.o
 .debug_macro   0x00000000       0x16 ../FreeRTOS/FreeRTOS/Source/timers.o
 .debug_macro   0x00000000      0x154 ../FreeRTOS/FreeRTOS/Source/timers.o
 .debug_macro   0x00000000       0x1c ../FreeRTOS/FreeRTOS/Source/timers.o
 .debug_macro   0x00000000      0x182 ../FreeRTOS/FreeRTOS/Source/timers.o
 .debug_macro   0x00000000       0xe7 ../FreeRTOS/FreeRTOS/Source/timers.o
 .debug_macro   0x00000000       0x2e ../FreeRTOS/FreeRTOS/Source/timers.o
 .debug_macro   0x00000000       0x1f ../FreeRTOS/FreeRTOS/Source/timers.o
 .debug_macro   0x00000000       0x12 ../FreeRTOS/FreeRTOS/Source/timers.o
 .debug_macro   0x00000000      0xfd7 ../FreeRTOS/FreeRTOS/Source/timers.o
 .debug_macro   0x00000000       0xc3 ../FreeRTOS/FreeRTOS/Source/timers.o
 .debug_macro   0x00000000      0x14f ../FreeRTOS/FreeRTOS/Source/timers.o
 .debug_macro   0x00000000       0x80 ../FreeRTOS/FreeRTOS/Source/timers.o
 .debug_macro   0x00000000       0x9e ../FreeRTOS/FreeRTOS/Source/timers.o
 .debug_line    0x00000000      0x9df ../FreeRTOS/FreeRTOS/Source/timers.o
 .debug_str     0x00000000    0x12b4c ../FreeRTOS/FreeRTOS/Source/timers.o
 .comment       0x00000000       0x27 ../FreeRTOS/FreeRTOS/Source/timers.o
 .debug_frame   0x00000000      0x404 ../FreeRTOS/FreeRTOS/Source/timers.o
 .ARM.attributes
                0x00000000       0x34 ../FreeRTOS/FreeRTOS/Source/timers.o
 .group         0x00000000        0xc ../FreeRTOS/FreeRTOS/Source/portable/MemMang/heap_4.o
 .group         0x00000000        0xc ../FreeRTOS/FreeRTOS/Source/portable/MemMang/heap_4.o
 .group         0x00000000        0xc ../FreeRTOS/FreeRTOS/Source/portable/MemMang/heap_4.o
 .group         0x00000000        0xc ../FreeRTOS/FreeRTOS/Source/portable/MemMang/heap_4.o
 .group         0x00000000        0xc ../FreeRTOS/FreeRTOS/Source/portable/MemMang/heap_4.o
 .group         0x00000000        0xc ../FreeRTOS/FreeRTOS/Source/portable/MemMang/heap_4.o
 .group         0x00000000        0xc ../FreeRTOS/FreeRTOS/Source/portable/MemMang/heap_4.o
 .group         0x00000000        0xc ../FreeRTOS/FreeRTOS/Source/portable/MemMang/heap_4.o
 .group         0x00000000        0xc ../FreeRTOS/FreeRTOS/Source/portable/MemMang/heap_4.o
 .group         0x00000000        0xc ../FreeRTOS/FreeRTOS/Source/portable/MemMang/heap_4.o
 .group         0x00000000        0xc ../FreeRTOS/FreeRTOS/Source/portable/MemMang/heap_4.o
 .group         0x00000000        0xc ../FreeRTOS/FreeRTOS/Source/portable/MemMang/heap_4.o
 .group         0x00000000        0xc ../FreeRTOS/FreeRTOS/Source/portable/MemMang/heap_4.o
 .group         0x00000000        0xc ../FreeRTOS/FreeRTOS/Source/portable/MemMang/heap_4.o
 .group         0x00000000        0xc ../FreeRTOS/FreeRTOS/Source/portable/MemMang/heap_4.o
 .group         0x00000000        0xc ../FreeRTOS/FreeRTOS/Source/portable/MemMang/heap_4.o
 .group         0x00000000        0xc ../FreeRTOS/FreeRTOS/Source/portable/MemMang/heap_4.o
 .group         0x00000000        0xc ../FreeRTOS/FreeRTOS/Source/portable/MemMang/heap_4.o
 .group         0x00000000        0xc ../FreeRTOS/FreeRTOS/Source/portable/MemMang/heap_4.o
 .group         0x00000000        0xc ../FreeRTOS/FreeRTOS/Source/portable/MemMang/heap_4.o
 .group         0x00000000        0xc ../FreeRTOS/FreeRTOS/Source/portable/MemMang/heap_4.o
 .group         0x00000000        0xc ../FreeRTOS/FreeRTOS/Source/portable/MemMang/heap_4.o
 .group         0x00000000        0xc ../FreeRTOS/FreeRTOS/Source/portable/MemMang/heap_4.o
 .group         0x00000000        0xc ../FreeRTOS/FreeRTOS/Source/portable/MemMang/heap_4.o
 .group         0x00000000        0xc ../FreeRTOS/FreeRTOS/Source/portable/MemMang/heap_4.o
 .group         0x00000000        0xc ../FreeRTOS/FreeRTOS/Source/portable/MemMang/heap_4.o
 .group         0x00000000        0xc ../FreeRTOS/FreeRTOS/Source/portable/MemMang/heap_4.o
 .group         0x00000000        0xc ../FreeRTOS/FreeRTOS/Source/portable/MemMang/heap_4.o
 .group         0x00000000        0xc ../FreeRTOS/FreeRTOS/Source/portable/MemMang/heap_4.o
 .group         0x00000000        0xc ../FreeRTOS/FreeRTOS/Source/portable/MemMang/heap_4.o
 .group         0x00000000        0xc ../FreeRTOS/FreeRTOS/Source/portable/MemMang/heap_4.o
 .group         0x00000000        0xc ../FreeRTOS/FreeRTOS/Source/portable/MemMang/heap_4.o
 .group         0x00000000        0xc ../FreeRTOS/FreeRTOS/Source/portable/MemMang/heap_4.o
 .group         0x00000000        0xc ../FreeRTOS/FreeRTOS/Source/portable/MemMang/heap_4.o
 .text          0x00000000        0x0 ../FreeRTOS/FreeRTOS/Source/portable/MemMang/heap_4.o
 .data          0x00000000        0x0 ../FreeRTOS/FreeRTOS/Source/portable/MemMang/heap_4.o
 .bss           0x00000000        0x0 ../FreeRTOS/FreeRTOS/Source/portable/MemMang/heap_4.o
 .bss.ucHeap    0x00000000    0x20000 ../FreeRTOS/FreeRTOS/Source/portable/MemMang/heap_4.o
 .rodata.xHeapStructSize
                0x00000000        0x4 ../FreeRTOS/FreeRTOS/Source/portable/MemMang/heap_4.o
 .bss.xStart    0x00000000        0x8 ../FreeRTOS/FreeRTOS/Source/portable/MemMang/heap_4.o
 .bss.pxEnd     0x00000000        0x4 ../FreeRTOS/FreeRTOS/Source/portable/MemMang/heap_4.o
 .bss.xFreeBytesRemaining
                0x00000000        0x4 ../FreeRTOS/FreeRTOS/Source/portable/MemMang/heap_4.o
 .bss.xMinimumEverFreeBytesRemaining
                0x00000000        0x4 ../FreeRTOS/FreeRTOS/Source/portable/MemMang/heap_4.o
 .bss.xNumberOfSuccessfulAllocations
                0x00000000        0x4 ../FreeRTOS/FreeRTOS/Source/portable/MemMang/heap_4.o
 .bss.xNumberOfSuccessfulFrees
                0x00000000        0x4 ../FreeRTOS/FreeRTOS/Source/portable/MemMang/heap_4.o
 .text.pvPortMalloc
                0x00000000      0x290 ../FreeRTOS/FreeRTOS/Source/portable/MemMang/heap_4.o
 .text.vPortFree
                0x00000000       0xf8 ../FreeRTOS/FreeRTOS/Source/portable/MemMang/heap_4.o
 .text.xPortGetFreeHeapSize
                0x00000000       0x18 ../FreeRTOS/FreeRTOS/Source/portable/MemMang/heap_4.o
 .text.xPortGetMinimumEverFreeHeapSize
                0x00000000       0x18 ../FreeRTOS/FreeRTOS/Source/portable/MemMang/heap_4.o
 .text.vPortInitialiseBlocks
                0x00000000        0xe ../FreeRTOS/FreeRTOS/Source/portable/MemMang/heap_4.o
 .text.pvPortCalloc
                0x00000000       0x60 ../FreeRTOS/FreeRTOS/Source/portable/MemMang/heap_4.o
 .text.prvHeapInit
                0x00000000       0xb4 ../FreeRTOS/FreeRTOS/Source/portable/MemMang/heap_4.o
 .text.prvInsertBlockIntoFreeList
                0x00000000       0xf8 ../FreeRTOS/FreeRTOS/Source/portable/MemMang/heap_4.o
 .text.vPortGetHeapStats
                0x00000000       0xbc ../FreeRTOS/FreeRTOS/Source/portable/MemMang/heap_4.o
 .text.vPortHeapResetState
                0x00000000       0x40 ../FreeRTOS/FreeRTOS/Source/portable/MemMang/heap_4.o
 .debug_info    0x00000000      0x5db ../FreeRTOS/FreeRTOS/Source/portable/MemMang/heap_4.o
 .debug_abbrev  0x00000000      0x258 ../FreeRTOS/FreeRTOS/Source/portable/MemMang/heap_4.o
 .debug_aranges
                0x00000000       0x68 ../FreeRTOS/FreeRTOS/Source/portable/MemMang/heap_4.o
 .debug_rnglists
                0x00000000       0x4e ../FreeRTOS/FreeRTOS/Source/portable/MemMang/heap_4.o
 .debug_macro   0x00000000      0x201 ../FreeRTOS/FreeRTOS/Source/portable/MemMang/heap_4.o
 .debug_macro   0x00000000      0xad8 ../FreeRTOS/FreeRTOS/Source/portable/MemMang/heap_4.o
 .debug_macro   0x00000000       0x2a ../FreeRTOS/FreeRTOS/Source/portable/MemMang/heap_4.o
 .debug_macro   0x00000000       0x22 ../FreeRTOS/FreeRTOS/Source/portable/MemMang/heap_4.o
 .debug_macro   0x00000000       0x60 ../FreeRTOS/FreeRTOS/Source/portable/MemMang/heap_4.o
 .debug_macro   0x00000000       0x94 ../FreeRTOS/FreeRTOS/Source/portable/MemMang/heap_4.o
 .debug_macro   0x00000000       0x3c ../FreeRTOS/FreeRTOS/Source/portable/MemMang/heap_4.o
 .debug_macro   0x00000000       0x34 ../FreeRTOS/FreeRTOS/Source/portable/MemMang/heap_4.o
 .debug_macro   0x00000000       0x16 ../FreeRTOS/FreeRTOS/Source/portable/MemMang/heap_4.o
 .debug_macro   0x00000000      0x11c ../FreeRTOS/FreeRTOS/Source/portable/MemMang/heap_4.o
 .debug_macro   0x00000000       0x9b ../FreeRTOS/FreeRTOS/Source/portable/MemMang/heap_4.o
 .debug_macro   0x00000000       0x57 ../FreeRTOS/FreeRTOS/Source/portable/MemMang/heap_4.o
 .debug_macro   0x00000000      0x370 ../FreeRTOS/FreeRTOS/Source/portable/MemMang/heap_4.o
 .debug_macro   0x00000000       0x16 ../FreeRTOS/FreeRTOS/Source/portable/MemMang/heap_4.o
 .debug_macro   0x00000000       0x4a ../FreeRTOS/FreeRTOS/Source/portable/MemMang/heap_4.o
 .debug_macro   0x00000000       0x34 ../FreeRTOS/FreeRTOS/Source/portable/MemMang/heap_4.o
 .debug_macro   0x00000000       0x10 ../FreeRTOS/FreeRTOS/Source/portable/MemMang/heap_4.o
 .debug_macro   0x00000000       0x52 ../FreeRTOS/FreeRTOS/Source/portable/MemMang/heap_4.o
 .debug_macro   0x00000000      0x1de ../FreeRTOS/FreeRTOS/Source/portable/MemMang/heap_4.o
 .debug_macro   0x00000000       0x16 ../FreeRTOS/FreeRTOS/Source/portable/MemMang/heap_4.o
 .debug_macro   0x00000000       0x29 ../FreeRTOS/FreeRTOS/Source/portable/MemMang/heap_4.o
 .debug_macro   0x00000000       0x16 ../FreeRTOS/FreeRTOS/Source/portable/MemMang/heap_4.o
 .debug_macro   0x00000000       0x3c ../FreeRTOS/FreeRTOS/Source/portable/MemMang/heap_4.o
 .debug_macro   0x00000000      0x34e ../FreeRTOS/FreeRTOS/Source/portable/MemMang/heap_4.o
 .debug_macro   0x00000000       0x16 ../FreeRTOS/FreeRTOS/Source/portable/MemMang/heap_4.o
 .debug_macro   0x00000000      0x154 ../FreeRTOS/FreeRTOS/Source/portable/MemMang/heap_4.o
 .debug_macro   0x00000000       0x1c ../FreeRTOS/FreeRTOS/Source/portable/MemMang/heap_4.o
 .debug_macro   0x00000000      0x182 ../FreeRTOS/FreeRTOS/Source/portable/MemMang/heap_4.o
 .debug_macro   0x00000000       0xe7 ../FreeRTOS/FreeRTOS/Source/portable/MemMang/heap_4.o
 .debug_macro   0x00000000       0x2e ../FreeRTOS/FreeRTOS/Source/portable/MemMang/heap_4.o
 .debug_macro   0x00000000       0x1f ../FreeRTOS/FreeRTOS/Source/portable/MemMang/heap_4.o
 .debug_macro   0x00000000       0x12 ../FreeRTOS/FreeRTOS/Source/portable/MemMang/heap_4.o
 .debug_macro   0x00000000      0xfd7 ../FreeRTOS/FreeRTOS/Source/portable/MemMang/heap_4.o
 .debug_macro   0x00000000       0xc3 ../FreeRTOS/FreeRTOS/Source/portable/MemMang/heap_4.o
 .debug_macro   0x00000000      0x14f ../FreeRTOS/FreeRTOS/Source/portable/MemMang/heap_4.o
 .debug_line    0x00000000      0x745 ../FreeRTOS/FreeRTOS/Source/portable/MemMang/heap_4.o
 .debug_str     0x00000000    0x11a06 ../FreeRTOS/FreeRTOS/Source/portable/MemMang/heap_4.o
 .comment       0x00000000       0x27 ../FreeRTOS/FreeRTOS/Source/portable/MemMang/heap_4.o
 .debug_frame   0x00000000      0x174 ../FreeRTOS/FreeRTOS/Source/portable/MemMang/heap_4.o
 .ARM.attributes
                0x00000000       0x34 ../FreeRTOS/FreeRTOS/Source/portable/MemMang/heap_4.o
 .group         0x00000000        0xc ../FreeRTOS/FreeRTOS/Source/portable/GCC/ARM_CM7/r0p1/port.o
 .group         0x00000000        0xc ../FreeRTOS/FreeRTOS/Source/portable/GCC/ARM_CM7/r0p1/port.o
 .group         0x00000000        0xc ../FreeRTOS/FreeRTOS/Source/portable/GCC/ARM_CM7/r0p1/port.o
 .group         0x00000000        0xc ../FreeRTOS/FreeRTOS/Source/portable/GCC/ARM_CM7/r0p1/port.o
 .group         0x00000000        0xc ../FreeRTOS/FreeRTOS/Source/portable/GCC/ARM_CM7/r0p1/port.o
 .group         0x00000000        0xc ../FreeRTOS/FreeRTOS/Source/portable/GCC/ARM_CM7/r0p1/port.o
 .group         0x00000000        0xc ../FreeRTOS/FreeRTOS/Source/portable/GCC/ARM_CM7/r0p1/port.o
 .group         0x00000000        0xc ../FreeRTOS/FreeRTOS/Source/portable/GCC/ARM_CM7/r0p1/port.o
 .group         0x00000000        0xc ../FreeRTOS/FreeRTOS/Source/portable/GCC/ARM_CM7/r0p1/port.o
 .group         0x00000000        0xc ../FreeRTOS/FreeRTOS/Source/portable/GCC/ARM_CM7/r0p1/port.o
 .group         0x00000000        0xc ../FreeRTOS/FreeRTOS/Source/portable/GCC/ARM_CM7/r0p1/port.o
 .group         0x00000000        0xc ../FreeRTOS/FreeRTOS/Source/portable/GCC/ARM_CM7/r0p1/port.o
 .group         0x00000000        0xc ../FreeRTOS/FreeRTOS/Source/portable/GCC/ARM_CM7/r0p1/port.o
 .group         0x00000000        0xc ../FreeRTOS/FreeRTOS/Source/portable/GCC/ARM_CM7/r0p1/port.o
 .text          0x00000000        0x0 ../FreeRTOS/FreeRTOS/Source/portable/GCC/ARM_CM7/r0p1/port.o
 .data          0x00000000        0x0 ../FreeRTOS/FreeRTOS/Source/portable/GCC/ARM_CM7/r0p1/port.o
 .bss           0x00000000        0x0 ../FreeRTOS/FreeRTOS/Source/portable/GCC/ARM_CM7/r0p1/port.o
 .data.uxCriticalNesting
                0x00000000        0x4 ../FreeRTOS/FreeRTOS/Source/portable/GCC/ARM_CM7/r0p1/port.o
 .bss.ucMaxSysCallPriority
                0x00000000        0x1 ../FreeRTOS/FreeRTOS/Source/portable/GCC/ARM_CM7/r0p1/port.o
 .bss.ulMaxPRIGROUPValue
                0x00000000        0x4 ../FreeRTOS/FreeRTOS/Source/portable/GCC/ARM_CM7/r0p1/port.o
 .rodata.pcInterruptPriorityRegisters
                0x00000000        0x4 ../FreeRTOS/FreeRTOS/Source/portable/GCC/ARM_CM7/r0p1/port.o
 .text.pxPortInitialiseStack
                0x00000000       0x68 ../FreeRTOS/FreeRTOS/Source/portable/GCC/ARM_CM7/r0p1/port.o
 .text.prvTaskExitError
                0x00000000       0x64 ../FreeRTOS/FreeRTOS/Source/portable/GCC/ARM_CM7/r0p1/port.o
 .text.prvPortStartFirstTask
                0x00000000       0x2c ../FreeRTOS/FreeRTOS/Source/portable/GCC/ARM_CM7/r0p1/port.o
 .text.xPortStartScheduler
                0x00000000      0x1a0 ../FreeRTOS/FreeRTOS/Source/portable/GCC/ARM_CM7/r0p1/port.o
 .text.vPortEndScheduler
                0x00000000       0x3c ../FreeRTOS/FreeRTOS/Source/portable/GCC/ARM_CM7/r0p1/port.o
 .text.vPortEnterCritical
                0x00000000       0x6c ../FreeRTOS/FreeRTOS/Source/portable/GCC/ARM_CM7/r0p1/port.o
 .text.vPortExitCritical
                0x00000000       0x58 ../FreeRTOS/FreeRTOS/Source/portable/GCC/ARM_CM7/r0p1/port.o
 .text.vPortSetupTimerInterrupt
                0x00000000       0x38 ../FreeRTOS/FreeRTOS/Source/portable/GCC/ARM_CM7/r0p1/port.o
 .text.vPortEnableVFP
                0x00000000       0x18 ../FreeRTOS/FreeRTOS/Source/portable/GCC/ARM_CM7/r0p1/port.o
 .text.vPortValidateInterruptPriority
                0x00000000       0x8c ../FreeRTOS/FreeRTOS/Source/portable/GCC/ARM_CM7/r0p1/port.o
 .debug_macro   0x00000000      0xad8 ../FreeRTOS/FreeRTOS/Source/portable/GCC/ARM_CM7/r0p1/port.o
 .debug_macro   0x00000000      0x190 ../FreeRTOS/FreeRTOS/Source/portable/GCC/ARM_CM7/r0p1/port.o
 .debug_macro   0x00000000      0x34e ../FreeRTOS/FreeRTOS/Source/portable/GCC/ARM_CM7/r0p1/port.o
 .debug_macro   0x00000000       0x16 ../FreeRTOS/FreeRTOS/Source/portable/GCC/ARM_CM7/r0p1/port.o
 .debug_macro   0x00000000      0x154 ../FreeRTOS/FreeRTOS/Source/portable/GCC/ARM_CM7/r0p1/port.o
 .debug_macro   0x00000000       0x1c ../FreeRTOS/FreeRTOS/Source/portable/GCC/ARM_CM7/r0p1/port.o
 .debug_macro   0x00000000      0x182 ../FreeRTOS/FreeRTOS/Source/portable/GCC/ARM_CM7/r0p1/port.o
 .debug_macro   0x00000000       0xe7 ../FreeRTOS/FreeRTOS/Source/portable/GCC/ARM_CM7/r0p1/port.o
 .debug_macro   0x00000000       0x2e ../FreeRTOS/FreeRTOS/Source/portable/GCC/ARM_CM7/r0p1/port.o
 .debug_macro   0x00000000       0x1f ../FreeRTOS/FreeRTOS/Source/portable/GCC/ARM_CM7/r0p1/port.o
 .debug_macro   0x00000000       0x12 ../FreeRTOS/FreeRTOS/Source/portable/GCC/ARM_CM7/r0p1/port.o
 .debug_macro   0x00000000      0xfd7 ../FreeRTOS/FreeRTOS/Source/portable/GCC/ARM_CM7/r0p1/port.o
 .debug_macro   0x00000000       0xc3 ../FreeRTOS/FreeRTOS/Source/portable/GCC/ARM_CM7/r0p1/port.o
 .debug_macro   0x00000000      0x14f ../FreeRTOS/FreeRTOS/Source/portable/GCC/ARM_CM7/r0p1/port.o
 .text          0x00000000       0xd8 /usr/lib/gcc/arm-none-eabi/13.2.1/../../../arm-none-eabi/lib/thumb/v7e-m+fp/hard/libc_nano.a(libc_a-strlen.o)
 .data          0x00000000        0x0 /usr/lib/gcc/arm-none-eabi/13.2.1/../../../arm-none-eabi/lib/thumb/v7e-m+fp/hard/libc_nano.a(libc_a-strlen.o)
 .bss           0x00000000        0x0 /usr/lib/gcc/arm-none-eabi/13.2.1/../../../arm-none-eabi/lib/thumb/v7e-m+fp/hard/libc_nano.a(libc_a-strlen.o)
 .ARM.extab     0x00000000        0x0 /usr/lib/gcc/arm-none-eabi/13.2.1/../../../arm-none-eabi/lib/thumb/v7e-m+fp/hard/libc_nano.a(libc_a-strlen.o)
 .ARM.exidx     0x00000000        0x8 /usr/lib/gcc/arm-none-eabi/13.2.1/../../../arm-none-eabi/lib/thumb/v7e-m+fp/hard/libc_nano.a(libc_a-strlen.o)
 .text          0x00000000       0xa4 /usr/lib/gcc/arm-none-eabi/13.2.1/../../../arm-none-eabi/lib/thumb/v7e-m+fp/hard/libc_nano.a(libc_a-memset.o)
 .data          0x00000000        0x0 /usr/lib/gcc/arm-none-eabi/13.2.1/../../../arm-none-eabi/lib/thumb/v7e-m+fp/hard/libc_nano.a(libc_a-memset.o)
 .bss           0x00000000        0x0 /usr/lib/gcc/arm-none-eabi/13.2.1/../../../arm-none-eabi/lib/thumb/v7e-m+fp/hard/libc_nano.a(libc_a-memset.o)
 .debug_info    0x00000000      0x135 /usr/lib/gcc/arm-none-eabi/13.2.1/../../../arm-none-eabi/lib/thumb/v7e-m+fp/hard/libc_nano.a(libc_a-memset.o)
 .debug_abbrev  0x00000000       0xb7 /usr/lib/gcc/arm-none-eabi/13.2.1/../../../arm-none-eabi/lib/thumb/v7e-m+fp/hard/libc_nano.a(libc_a-memset.o)
 .debug_loclists
                0x00000000      0x1c2 /usr/lib/gcc/arm-none-eabi/13.2.1/../../../arm-none-eabi/lib/thumb/v7e-m+fp/hard/libc_nano.a(libc_a-memset.o)
 .debug_aranges
                0x00000000       0x20 /usr/lib/gcc/arm-none-eabi/13.2.1/../../../arm-none-eabi/lib/thumb/v7e-m+fp/hard/libc_nano.a(libc_a-memset.o)
 .debug_line    0x00000000      0x1b6 /usr/lib/gcc/arm-none-eabi/13.2.1/../../../arm-none-eabi/lib/thumb/v7e-m+fp/hard/libc_nano.a(libc_a-memset.o)
 .debug_str     0x00000000      0x1ad /usr/lib/gcc/arm-none-eabi/13.2.1/../../../arm-none-eabi/lib/thumb/v7e-m+fp/hard/libc_nano.a(libc_a-memset.o)
 .comment       0x00000000       0x27 /usr/lib/gcc/arm-none-eabi/13.2.1/../../../arm-none-eabi/lib/thumb/v7e-m+fp/hard/libc_nano.a(libc_a-memset.o)
 .debug_frame   0x00000000       0x2c /usr/lib/gcc/arm-none-eabi/13.2.1/../../../arm-none-eabi/lib/thumb/v7e-m+fp/hard/libc_nano.a(libc_a-memset.o)
 .ARM.attributes
                0x00000000       0x34 /usr/lib/gcc/arm-none-eabi/13.2.1/../../../arm-none-eabi/lib/thumb/v7e-m+fp/hard/libc_nano.a(libc_a-memset.o)
 .text          0x00000000      0x134 /usr/lib/gcc/arm-none-eabi/13.2.1/../../../arm-none-eabi/lib/thumb/v7e-m+fp/hard/libc_nano.a(libc_a-memcpy.o)
 .data          0x00000000        0x0 /usr/lib/gcc/arm-none-eabi/13.2.1/../../../arm-none-eabi/lib/thumb/v7e-m+fp/hard/libc_nano.a(libc_a-memcpy.o)
 .bss           0x00000000        0x0 /usr/lib/gcc/arm-none-eabi/13.2.1/../../../arm-none-eabi/lib/thumb/v7e-m+fp/hard/libc_nano.a(libc_a-memcpy.o)
 .ARM.extab     0x00000000        0x0 /usr/lib/gcc/arm-none-eabi/13.2.1/../../../arm-none-eabi/lib/thumb/v7e-m+fp/hard/libc_nano.a(libc_a-memcpy.o)
 .ARM.exidx     0x00000000        0x8 /usr/lib/gcc/arm-none-eabi/13.2.1/../../../arm-none-eabi/lib/thumb/v7e-m+fp/hard/libc_nano.a(libc_a-memcpy.o)

Memory Configuration

Name             Origin             Length             Attributes
ITCM             0x00000000         0x00010000         xrw
DTCM             0x20000000         0x00020000         rw
M7_0_SRAM_STDBY  0x20400000         0x00010000         rw
M7_0_PFLASH      0x00400000         0x00200000         xr
M7_0_DFLASH      0x10000000         0x0000c000         xr
M7_0_SRAM        0x20410000         0x00030000         rw
M7_1_PFLASH      0x00600000         0x00200000         xr
M7_1_DFLASH      0x1000c000         0x0000a000         xr
M7_1_SRAM        0x20440000         0x00040000         rw
M7_2_PFLASH      0x00800000         0x00400000         xr
M7_2_DFLASH      0x10016000         0x0000a000         xr
M7_2_SRAM        0x20480000         0x00040000         rw
*default*        0x00000000         0xffffffff

Linker script and memory map

LOAD main.o
LOAD startup_ARMCM7.o
LOAD system_ARMCM7.o
LOAD ../FreeRTOS/FreeRTOS/Source/list.o
LOAD ../FreeRTOS/FreeRTOS/Source/tasks.o
LOAD ../FreeRTOS/FreeRTOS/Source/queue.o
LOAD ../FreeRTOS/FreeRTOS/Source/timers.o
LOAD ../FreeRTOS/FreeRTOS/Source/portable/MemMang/heap_4.o
LOAD ../FreeRTOS/FreeRTOS/Source/portable/GCC/ARM_CM7/r0p1/port.o
START GROUP
LOAD /usr/lib/gcc/arm-none-eabi/13.2.1/../../../arm-none-eabi/lib/thumb/v7e-m+fp/hard/libc_nano.a
LOAD /usr/lib/gcc/arm-none-eabi/13.2.1/../../../arm-none-eabi/lib/thumb/v7e-m+fp/hard/libm.a
END GROUP
START GROUP
LOAD /usr/lib/gcc/arm-none-eabi/13.2.1/thumb/v7e-m+fp/hard/libgcc.a
LOAD /usr/lib/gcc/arm-none-eabi/13.2.1/../../../arm-none-eabi/lib/thumb/v7e-m+fp/hard/libc_nano.a
END GROUP
START GROUP
LOAD /usr/lib/gcc/arm-none-eabi/13.2.1/thumb/v7e-m+fp/hard/libgcc.a
LOAD /usr/lib/gcc/arm-none-eabi/13.2.1/../../../arm-none-eabi/lib/thumb/v7e-m+fp/hard/libc_nano.a
LOAD /usr/lib/gcc/arm-none-eabi/13.2.1/../../../arm-none-eabi/lib/thumb/v7e-m+fp/hard/libnosys.a
END GROUP
START GROUP
LOAD /usr/lib/gcc/arm-none-eabi/13.2.1/thumb/v7e-m+fp/hard/libgcc.a
LOAD /usr/lib/gcc/arm-none-eabi/13.2.1/../../../arm-none-eabi/lib/thumb/v7e-m+fp/hard/libc_nano.a
LOAD /usr/lib/gcc/arm-none-eabi/13.2.1/../../../arm-none-eabi/lib/thumb/v7e-m+fp/hard/libnosys.a
END GROUP
                0x00001000                        __STACK_SIZE = 0x1000
                0x00001000                        __HEAP_SIZE = 0x1000

.isr_vector     0x00000000       0x48
 *(.isr_vector)
 .isr_vector    0x00000000       0x48 startup_ARMCM7.o
                0x00000000                __Vectors

.text           0x00400000      0x59c
 *(.text*)
 .text.main     0x00400000       0x84 main.o
                0x00400000                main
 .text.Reset_Handler
                0x00400084       0x4c startup_ARMCM7.o
                0x00400084                Reset_Handler
 .text.Default_Handler
                0x004000d0        0x8 startup_ARMCM7.o
                0x004000d0                DebugMon_Handler
                0x004000d0                HardFault_Handler
                0x004000d0                INT0_Handler
                0x004000d0                NMI_Handler
                0x004000d0                UsageFault_Handler
                0x004000d0                Default_Handler
                0x004000d0                MemManage_Handler
                0x004000d0                INT1_Handler
                0x004000d0                BusFault_Handler
 .text.SystemInit
                0x004000d8       0x2c system_ARMCM7.o
                0x004000d8                SystemInit
 .text.xTaskIncrementTick
                0x00400104      0x238 ../FreeRTOS/FreeRTOS/Source/tasks.o
                0x00400104                xTaskIncrementTick
 .text.vTaskSwitchContext
                0x0040033c       0xc0 ../FreeRTOS/FreeRTOS/Source/tasks.o
                0x0040033c                vTaskSwitchContext
 .text.prvResetNextTaskUnblockTime
                0x004003fc       0x38 ../FreeRTOS/FreeRTOS/Source/tasks.o
 *fill*         0x00400434        0xc 
 .text.vPortSVCHandler
                0x00400440       0x28 ../FreeRTOS/FreeRTOS/Source/portable/GCC/ARM_CM7/r0p1/port.o
                0x00400440                vPortSVCHandler
 *fill*         0x00400468        0x8 
 .text.xPortPendSVHandler
                0x00400470       0x68 ../FreeRTOS/FreeRTOS/Source/portable/GCC/ARM_CM7/r0p1/port.o
                0x00400470                xPortPendSVHandler
 .text.xPortSysTickHandler
                0x004004d8       0x48 ../FreeRTOS/FreeRTOS/Source/portable/GCC/ARM_CM7/r0p1/port.o
                0x004004d8                xPortSysTickHandler
 *(.init)
 *(.fini)
 *crtbegin.o(.ctors)
 *crtbegin?.o(.ctors)
 *(EXCLUDE_FILE(*crtend.o *crtend?.o) .ctors)
 *(SORT_BY_NAME(.ctors.*))
 *(.ctors)
 *crtbegin.o(.dtors)
 *crtbegin?.o(.dtors)
 *(EXCLUDE_FILE(*crtend.o *crtend?.o) .dtors)
 *(SORT_BY_NAME(.dtors.*))
 *(.dtors)
 *(.rodata*)
 .rodata        0x00400520       0x19 main.o
 *(.eh_frame*)
 *fill*         0x00400539        0x3 
 .eh_frame      0x0040053c       0x34 /usr/lib/gcc/arm-none-eabi/13.2.1/../../../arm-none-eabi/lib/thumb/v7e-m+fp/hard/libc_nano.a(libc_a-strlen.o)
 .eh_frame      0x00400570       0x2c /usr/lib/gcc/arm-none-eabi/13.2.1/../../../arm-none-eabi/lib/thumb/v7e-m+fp/hard/libc_nano.a(libc_a-memcpy.o)

.glue_7         0x0040059c        0x0
 .glue_7        0x0040059c        0x0 linker stubs

.glue_7t        0x0040059c        0x0
 .glue_7t       0x0040059c        0x0 linker stubs

.vfp11_veneer   0x0040059c        0x0
 .vfp11_veneer  0x0040059c        0x0 linker stubs

.v4_bx          0x0040059c        0x0
 .v4_bx         0x0040059c        0x0 linker stubs

.iplt           0x0040059c        0x0
 .iplt          0x0040059c        0x0 main.o

.rel.dyn        0x0040059c        0x0
 .rel.iplt      0x0040059c        0x0 main.o

.ARM.extab
 *(.ARM.extab* .gnu.linkonce.armextab.*)
                0x0040059c                        __exidx_start = .

.ARM.exidx
 *(.ARM.exidx* .gnu.linkonce.armexidx.*)
                0x0040059c                        __exidx_end = .

.ecc.table      0x0040059c       0x60
                0x0040059c                        . = ALIGN (0x4)
                0x0040059c                        __ecc_table_start__ = .
                0x0040059c        0x8 QUAD 0x20410000 __data_start__
                0x004005a4        0x8 QUAD 0x1 ((__data_end__ - __data_start__) / 0x8)
                0x004005ac        0x8 QUAD 0x20410008 __bss_start__
                0x004005b4        0x8 QUAD 0x1c ((__bss_end__ - __bss_start__) / 0x8)
                0x004005bc        0x8 QUAD 0x204100e8 __HeapTop
                0x004005c4        0x8 QUAD 0x200 ((__HeapLimit - __HeapTop) / 0x8)
                0x004005cc        0x8 QUAD 0x2043f000 __StackLimit
                0x004005d4        0x8 QUAD 0x200 ((__StackTop - __StackLimit) / 0x8)
                0x004005dc        0x8 QUAD 0x0 ORIGIN (ITCM)
                0x004005e4        0x8 QUAD 0x2000 (LENGTH (ITCM) / 0x8)
                0x004005ec        0x8 QUAD 0x20000000 ORIGIN (DTCM)
                0x004005f4        0x8 QUAD 0x4000 (LENGTH (DTCM) / 0x8)
                0x004005fc                        __ecc_table_end__ = .

.copy.table     0x004005fc        0xc
                0x004005fc                        . = ALIGN (0x4)
                0x004005fc                        __copy_table_start__ = .
                0x004005fc        0x4 LONG 0x400608 __etext
                0x00400600        0x4 LONG 0x20410000 __data_start__
                0x00400604        0x4 LONG 0x2 ((__data_end__ - __data_start__) / 0x4)
                0x00400608                        __copy_table_end__ = .

.zero.table     0x00400608        0x0
                0x00400608                        . = ALIGN (0x4)
                0x00400608                        __zero_table_start__ = .
                0x00400608                        __zero_table_end__ = .
                0x00400608                        __etext = ALIGN (0x8)

.boot_header
 *(.boot_header)

.standby_ram
 *(.standby_ram)

.data           0x20410000        0x8 load address 0x00400608
                0x20410000                        . = ALIGN (0x8)
                0x20410000                        __data_start__ = .
 *(vtable)
 *(.data)
 *(.data.*)
 .data.SystemCoreClock
                0x20410000        0x4 system_ARMCM7.o
                0x20410000                SystemCoreClock
                0x20410004                        . = ALIGN (0x4)
                [!provide]                        PROVIDE (__preinit_array_start = .)
 *(.preinit_array)
                [!provide]                        PROVIDE (__preinit_array_end = .)
                0x20410004                        . = ALIGN (0x4)
                [!provide]                        PROVIDE (__init_array_start = .)
 *(SORT_BY_NAME(.init_array.*))
 *(.init_array)
                [!provide]                        PROVIDE (__init_array_end = .)
                0x20410004                        . = ALIGN (0x4)
                [!provide]                        PROVIDE (__fini_array_start = .)
 *(SORT_BY_NAME(.fini_array.*))
 *(.fini_array)
                [!provide]                        PROVIDE (__fini_array_end = .)
 *(.jcr*)
                0x20410008                        . = ALIGN (0x8)
 *fill*         0x20410004        0x4 
                0x20410008                        __data_end__ = .

.igot.plt       0x20410008        0x0 load address 0x00400610
 .igot.plt      0x20410008        0x0 main.o

.bss            0x20410008       0xe0 load address 0x00400610
                0x20410008                        . = ALIGN (0x8)
                0x20410008                        __bss_start__ = .
 *(.bss)
 *(.bss.*)
 .bss.pxCurrentTCB
                0x20410008        0x4 ../FreeRTOS/FreeRTOS/Source/tasks.o
                0x20410008                pxCurrentTCB
 .bss.pxReadyTasksLists
                0x2041000c       0xb4 ../FreeRTOS/FreeRTOS/Source/tasks.o
 .bss.pxDelayedTaskList
                0x204100c0        0x4 ../FreeRTOS/FreeRTOS/Source/tasks.o
 .bss.pxOverflowDelayedTaskList
                0x204100c4        0x4 ../FreeRTOS/FreeRTOS/Source/tasks.o
 .bss.xTickCount
                0x204100c8        0x4 ../FreeRTOS/FreeRTOS/Source/tasks.o
 .bss.uxTopReadyPriority
                0x204100cc        0x4 ../FreeRTOS/FreeRTOS/Source/tasks.o
 .bss.xPendedTicks
                0x204100d0        0x4 ../FreeRTOS/FreeRTOS/Source/tasks.o
 .bss.xYieldPendings
                0x204100d4        0x4 ../FreeRTOS/FreeRTOS/Source/tasks.o
 .bss.xNumOfOverflows
                0x204100d8        0x4 ../FreeRTOS/FreeRTOS/Source/tasks.o
 .bss.xNextTaskUnblockTime
                0x204100dc        0x4 ../FreeRTOS/FreeRTOS/Source/tasks.o
 .bss.uxSchedulerSuspended
                0x204100e0        0x4 ../FreeRTOS/FreeRTOS/Source/tasks.o
 *(COMMON)
                0x204100e8                        . = ALIGN (0x8)
 *fill*         0x204100e4        0x4 
                0x204100e8                        __bss_end__ = .

.heap           0x204100e8     0x1000
                0x204100e8                        . = ALIGN (0x8)
                0x204100e8                        __HeapTop = .
                0x204100e8                        __end__ = .
                0x204100e8                        _end = .
                [!provide]                        PROVIDE (end = .)
                0x204110e8                        . = (. + __HEAP_SIZE)
 *fill*         0x204100e8     0x1000 
                0x204110e8                        . = ALIGN (0x8)
                0x204110e8                        __HeapLimit = .

.stack          0x2043f000     0x1000
                0x2043f000                        . = ALIGN (0x8)
                0x2043f000                        __StackLimit = .
                0x20440000                        . = (. + __STACK_SIZE)
 *fill*         0x2043f000     0x1000 
                0x20440000                        . = ALIGN (0x8)
                0x20440000                        __StackTop = .
                0x20440000                        PROVIDE (__stack = __StackTop)
                0x00000001                        ASSERT ((__StackLimit >= __HeapLimit), region RAM overflowed with stack)
                0x00400000                        CM7_0_START_ADDRESS = ORIGIN (M7_0_PFLASH)
                0x00600000                        CM7_1_START_ADDRESS = ORIGIN (M7_1_PFLASH)
                0x00800000                        CM7_2_START_ADDRESS = ORIGIN (M7_2_PFLASH)
                0x20400000                        __STDBYRAM_START = ORIGIN (M7_0_SRAM_STDBY)
                0x00010000                        __STDBYRAM_SIZE = LENGTH (M7_0_SRAM_STDBY)
OUTPUT(firmware.elf elf32-littlearm)
LOAD linker stubs

.debug_info     0x00000000     0x3336
 .debug_info    0x00000000      0x123 main.o
 .debug_info    0x00000123      0x163 startup_ARMCM7.o
 .debug_info    0x00000286      0x408 system_ARMCM7.o
 .debug_info    0x0000068e     0x271f ../FreeRTOS/FreeRTOS/Source/tasks.o
 .debug_info    0x00002dad      0x523 ../FreeRTOS/FreeRTOS/Source/portable/GCC/ARM_CM7/r0p1/port.o
 .debug_info    0x000032d0       0x33 /usr/lib/gcc/arm-none-eabi/13.2.1/../../../arm-none-eabi/lib/thumb/v7e-m+fp/hard/libc_nano.a(libc_a-strlen.o)
 .debug_info    0x00003303       0x33 /usr/lib/gcc/arm-none-eabi/13.2.1/../../../arm-none-eabi/lib/thumb/v7e-m+fp/hard/libc_nano.a(libc_a-memcpy.o)

.debug_abbrev   0x00000000      0x8cb
 .debug_abbrev  0x00000000       0x9e main.o
 .debug_abbrev  0x0000009e      0x100 startup_ARMCM7.o
 .debug_abbrev  0x0000019e       0xf0 system_ARMCM7.o
 .debug_abbrev  0x0000028e      0x396 ../FreeRTOS/FreeRTOS/Source/tasks.o
 .debug_abbrev  0x00000624      0x257 ../FreeRTOS/FreeRTOS/Source/portable/GCC/ARM_CM7/r0p1/port.o
 .debug_abbrev  0x0000087b       0x28 /usr/lib/gcc/arm-none-eabi/13.2.1/../../../arm-none-eabi/lib/thumb/v7e-m+fp/hard/libc_nano.a(libc_a-strlen.o)
 .debug_abbrev  0x000008a3       0x28 /usr/lib/gcc/arm-none-eabi/13.2.1/../../../arm-none-eabi/lib/thumb/v7e-m+fp/hard/libc_nano.a(libc_a-memcpy.o)

.debug_aranges  0x00000000      0x360
 .debug_aranges
                0x00000000       0x20 main.o
 .debug_aranges
                0x00000020       0x28 startup_ARMCM7.o
 .debug_aranges
                0x00000048       0x28 system_ARMCM7.o
 .debug_aranges
                0x00000070      0x230 ../FreeRTOS/FreeRTOS/Source/tasks.o
 .debug_aranges
                0x000002a0       0x80 ../FreeRTOS/FreeRTOS/Source/portable/GCC/ARM_CM7/r0p1/port.o
 .debug_aranges
                0x00000320       0x20 /usr/lib/gcc/arm-none-eabi/13.2.1/../../../arm-none-eabi/lib/thumb/v7e-m+fp/hard/libc_nano.a(libc_a-strlen.o)
 .debug_aranges
                0x00000340       0x20 /usr/lib/gcc/arm-none-eabi/13.2.1/../../../arm-none-eabi/lib/thumb/v7e-m+fp/hard/libc_nano.a(libc_a-memcpy.o)

.debug_rnglists
                0x00000000      0x274
 .debug_rnglists
                0x00000000       0x14 main.o
 .debug_rnglists
                0x00000014       0x19 startup_ARMCM7.o
 .debug_rnglists
                0x0000002d       0x19 system_ARMCM7.o
 .debug_rnglists
                0x00000046      0x1d1 ../FreeRTOS/FreeRTOS/Source/tasks.o
 .debug_rnglists
                0x00000217       0x5d ../FreeRTOS/FreeRTOS/Source/portable/GCC/ARM_CM7/r0p1/port.o

.debug_macro    0x00000000     0x4da1
 .debug_macro   0x00000000       0xe4 main.o
 .debug_macro   0x000000e4      0xad8 main.o
 .debug_macro   0x00000bbc      0x190 main.o
 .debug_macro   0x00000d4c      0x34e main.o
 .debug_macro   0x0000109a       0x16 main.o
 .debug_macro   0x000010b0      0x154 main.o
 .debug_macro   0x00001204       0x1c main.o
 .debug_macro   0x00001220      0x182 main.o
 .debug_macro   0x000013a2       0xe7 main.o
 .debug_macro   0x00001489       0x2e main.o
 .debug_macro   0x000014b7       0x1f main.o
 .debug_macro   0x000014d6       0x12 main.o
 .debug_macro   0x000014e8      0xfd7 main.o
 .debug_macro   0x000024bf       0xc3 main.o
 .debug_macro   0x00002582      0x14f main.o
 .debug_macro   0x000026d1       0x1a startup_ARMCM7.o
 .debug_macro   0x000026eb       0x8d system_ARMCM7.o
 .debug_macro   0x00002778      0xade system_ARMCM7.o
 .debug_macro   0x00003256       0x16 system_ARMCM7.o
 .debug_macro   0x0000326c       0x7c system_ARMCM7.o
 .debug_macro   0x000032e8       0x1c system_ARMCM7.o
 .debug_macro   0x00003304       0x1c system_ARMCM7.o
 .debug_macro   0x00003320       0x22 system_ARMCM7.o
 .debug_macro   0x00003342      0x116 system_ARMCM7.o
 .debug_macro   0x00003458     0x1305 system_ARMCM7.o
 .debug_macro   0x0000475d      0x11f system_ARMCM7.o
 .debug_macro   0x0000487c       0x27 system_ARMCM7.o
 .debug_macro   0x000048a3      0x289 ../FreeRTOS/FreeRTOS/Source/tasks.o
 .debug_macro   0x00004b2c       0x16 ../FreeRTOS/FreeRTOS/Source/tasks.o
 .debug_macro   0x00004b42       0x3c ../FreeRTOS/FreeRTOS/Source/tasks.o
 .debug_macro   0x00004b7e       0x98 ../FreeRTOS/FreeRTOS/Source/tasks.o
 .debug_macro   0x00004c16       0x17 ../FreeRTOS/FreeRTOS/Source/tasks.o
 .debug_macro   0x00004c2d      0x174 ../FreeRTOS/FreeRTOS/Source/portable/GCC/ARM_CM7/r0p1/port.o

.debug_line     0x00000000     0x258d
 .debug_line    0x00000000      0x1aa main.o
 .debug_line    0x000001aa       0xb8 startup_ARMCM7.o
 .debug_line    0x00000262      0x141 system_ARMCM7.o
 .debug_line    0x000003a3     0x1bf6 ../FreeRTOS/FreeRTOS/Source/tasks.o
 .debug_line    0x00001f99      0x4b5 ../FreeRTOS/FreeRTOS/Source/portable/GCC/ARM_CM7/r0p1/port.o
 .debug_line    0x0000244e       0x86 /usr/lib/gcc/arm-none-eabi/13.2.1/../../../arm-none-eabi/lib/thumb/v7e-m+fp/hard/libc_nano.a(libc_a-strlen.o)
 .debug_line    0x000024d4       0xb9 /usr/lib/gcc/arm-none-eabi/13.2.1/../../../arm-none-eabi/lib/thumb/v7e-m+fp/hard/libc_nano.a(libc_a-memcpy.o)

.debug_str      0x00000000    0x1c3d4
 .debug_str     0x00000000    0x1c3d4 main.o
                               0xe4ce (size before relaxing)
 .debug_str     0x0001c3d4     0x39b0 startup_ARMCM7.o
 .debug_str     0x0001c3d4     0xbd05 system_ARMCM7.o
 .debug_str     0x0001c3d4    0x13673 ../FreeRTOS/FreeRTOS/Source/tasks.o
 .debug_str     0x0001c3d4     0xed7a ../FreeRTOS/FreeRTOS/Source/portable/GCC/ARM_CM7/r0p1/port.o
 .debug_str     0x0001c3d4       0xab /usr/lib/gcc/arm-none-eabi/13.2.1/../../../arm-none-eabi/lib/thumb/v7e-m+fp/hard/libc_nano.a(libc_a-strlen.o)
 .debug_str     0x0001c3d4       0xac /usr/lib/gcc/arm-none-eabi/13.2.1/../../../arm-none-eabi/lib/thumb/v7e-m+fp/hard/libc_nano.a(libc_a-memcpy.o)

.comment        0x00000000       0x26
 .comment       0x00000000       0x26 main.o
                                 0x27 (size before relaxing)
 .comment       0x00000026       0x27 startup_ARMCM7.o
 .comment       0x00000026       0x27 system_ARMCM7.o
 .comment       0x00000026       0x27 ../FreeRTOS/FreeRTOS/Source/tasks.o
 .comment       0x00000026       0x27 ../FreeRTOS/FreeRTOS/Source/portable/GCC/ARM_CM7/r0p1/port.o

.ARM.attributes
                0x00000000       0x32
 .ARM.attributes
                0x00000000       0x34 main.o
 .ARM.attributes
                0x00000034       0x34 startup_ARMCM7.o
 .ARM.attributes
                0x00000068       0x34 system_ARMCM7.o
 .ARM.attributes
                0x0000009c       0x34 ../FreeRTOS/FreeRTOS/Source/tasks.o
 .ARM.attributes
                0x000000d0       0x34 ../FreeRTOS/FreeRTOS/Source/portable/GCC/ARM_CM7/r0p1/port.o
 .ARM.attributes
                0x00000104       0x1c /usr/lib/gcc/arm-none-eabi/13.2.1/../../../arm-none-eabi/lib/thumb/v7e-m+fp/hard/libc_nano.a(libc_a-strlen.o)
 .ARM.attributes
                0x00000120       0x20 /usr/lib/gcc/arm-none-eabi/13.2.1/../../../arm-none-eabi/lib/thumb/v7e-m+fp/hard/libc_nano.a(libc_a-memcpy.o)

.debug_frame    0x00000000      0xbf8
 .debug_frame   0x00000000       0x2c main.o
 .debug_frame   0x0000002c       0x38 startup_ARMCM7.o
 .debug_frame   0x00000064       0x30 system_ARMCM7.o
 .debug_frame   0x00000094      0x9bc ../FreeRTOS/FreeRTOS/Source/tasks.o
 .debug_frame   0x00000a50      0x1a8 ../FreeRTOS/FreeRTOS/Source/portable/GCC/ARM_CM7/r0p1/port.o

.debug_line_str
                0x00000000       0xa8
 .debug_line_str
                0x00000000       0xa8 /usr/lib/gcc/arm-none-eabi/13.2.1/../../../arm-none-eabi/lib/thumb/v7e-m+fp/hard/libc_nano.a(libc_a-strlen.o)
                                 0x98 (size before relaxing)
 .debug_line_str
                0x000000a8       0x99 /usr/lib/gcc/arm-none-eabi/13.2.1/../../../arm-none-eabi/lib/thumb/v7e-m+fp/hard/libc_nano.a(libc_a-memcpy.o)
